Archive member included to satisfy reference by file (symbol)

C:/ST/STM32CubeCLT_1.17.0/GNU-tools-for-STM32/bin/../lib/gcc/arm-none-eabi/12.3.1/../../../../arm-none-eabi/lib/thumb/v6-m/nofp\libc_nano.a(libc_a-exit.o)
                              C:/ST/STM32CubeCLT_1.17.0/GNU-tools-for-STM32/bin/../lib/gcc/arm-none-eabi/12.3.1/../../../../arm-none-eabi/lib/thumb/v6-m/nofp/crt0.o (exit)
C:/ST/STM32CubeCLT_1.17.0/GNU-tools-for-STM32/bin/../lib/gcc/arm-none-eabi/12.3.1/../../../../arm-none-eabi/lib/thumb/v6-m/nofp\libc_nano.a(libc_a-findfp.o)
                              C:/ST/STM32CubeCLT_1.17.0/GNU-tools-for-STM32/bin/../lib/gcc/arm-none-eabi/12.3.1/../../../../arm-none-eabi/lib/thumb/v6-m/nofp\libc_nano.a(libc_a-exit.o) (__stdio_exit_handler)
C:/ST/STM32CubeCLT_1.17.0/GNU-tools-for-STM32/bin/../lib/gcc/arm-none-eabi/12.3.1/../../../../arm-none-eabi/lib/thumb/v6-m/nofp\libc_nano.a(libc_a-fwalk.o)
                              C:/ST/STM32CubeCLT_1.17.0/GNU-tools-for-STM32/bin/../lib/gcc/arm-none-eabi/12.3.1/../../../../arm-none-eabi/lib/thumb/v6-m/nofp\libc_nano.a(libc_a-findfp.o) (_fwalk_sglue)
C:/ST/STM32CubeCLT_1.17.0/GNU-tools-for-STM32/bin/../lib/gcc/arm-none-eabi/12.3.1/../../../../arm-none-eabi/lib/thumb/v6-m/nofp\libc_nano.a(libc_a-stdio.o)
                              C:/ST/STM32CubeCLT_1.17.0/GNU-tools-for-STM32/bin/../lib/gcc/arm-none-eabi/12.3.1/../../../../arm-none-eabi/lib/thumb/v6-m/nofp\libc_nano.a(libc_a-findfp.o) (__sread)
C:/ST/STM32CubeCLT_1.17.0/GNU-tools-for-STM32/bin/../lib/gcc/arm-none-eabi/12.3.1/../../../../arm-none-eabi/lib/thumb/v6-m/nofp\libc_nano.a(libc_a-memset.o)
                              C:/ST/STM32CubeCLT_1.17.0/GNU-tools-for-STM32/bin/../lib/gcc/arm-none-eabi/12.3.1/../../../../arm-none-eabi/lib/thumb/v6-m/nofp/crt0.o (memset)
C:/ST/STM32CubeCLT_1.17.0/GNU-tools-for-STM32/bin/../lib/gcc/arm-none-eabi/12.3.1/../../../../arm-none-eabi/lib/thumb/v6-m/nofp\libc_nano.a(libc_a-closer.o)
                              C:/ST/STM32CubeCLT_1.17.0/GNU-tools-for-STM32/bin/../lib/gcc/arm-none-eabi/12.3.1/../../../../arm-none-eabi/lib/thumb/v6-m/nofp\libc_nano.a(libc_a-stdio.o) (_close_r)
C:/ST/STM32CubeCLT_1.17.0/GNU-tools-for-STM32/bin/../lib/gcc/arm-none-eabi/12.3.1/../../../../arm-none-eabi/lib/thumb/v6-m/nofp\libc_nano.a(libc_a-reent.o)
                              C:/ST/STM32CubeCLT_1.17.0/GNU-tools-for-STM32/bin/../lib/gcc/arm-none-eabi/12.3.1/../../../../arm-none-eabi/lib/thumb/v6-m/nofp\libc_nano.a(libc_a-closer.o) (errno)
C:/ST/STM32CubeCLT_1.17.0/GNU-tools-for-STM32/bin/../lib/gcc/arm-none-eabi/12.3.1/../../../../arm-none-eabi/lib/thumb/v6-m/nofp\libc_nano.a(libc_a-impure.o)
                              C:/ST/STM32CubeCLT_1.17.0/GNU-tools-for-STM32/bin/../lib/gcc/arm-none-eabi/12.3.1/../../../../arm-none-eabi/lib/thumb/v6-m/nofp\libc_nano.a(libc_a-reent.o) (_impure_ptr)
C:/ST/STM32CubeCLT_1.17.0/GNU-tools-for-STM32/bin/../lib/gcc/arm-none-eabi/12.3.1/../../../../arm-none-eabi/lib/thumb/v6-m/nofp\libc_nano.a(libc_a-lseekr.o)
                              C:/ST/STM32CubeCLT_1.17.0/GNU-tools-for-STM32/bin/../lib/gcc/arm-none-eabi/12.3.1/../../../../arm-none-eabi/lib/thumb/v6-m/nofp\libc_nano.a(libc_a-stdio.o) (_lseek_r)
C:/ST/STM32CubeCLT_1.17.0/GNU-tools-for-STM32/bin/../lib/gcc/arm-none-eabi/12.3.1/../../../../arm-none-eabi/lib/thumb/v6-m/nofp\libc_nano.a(libc_a-readr.o)
                              C:/ST/STM32CubeCLT_1.17.0/GNU-tools-for-STM32/bin/../lib/gcc/arm-none-eabi/12.3.1/../../../../arm-none-eabi/lib/thumb/v6-m/nofp\libc_nano.a(libc_a-stdio.o) (_read_r)
C:/ST/STM32CubeCLT_1.17.0/GNU-tools-for-STM32/bin/../lib/gcc/arm-none-eabi/12.3.1/../../../../arm-none-eabi/lib/thumb/v6-m/nofp\libc_nano.a(libc_a-writer.o)
                              C:/ST/STM32CubeCLT_1.17.0/GNU-tools-for-STM32/bin/../lib/gcc/arm-none-eabi/12.3.1/../../../../arm-none-eabi/lib/thumb/v6-m/nofp\libc_nano.a(libc_a-stdio.o) (_write_r)
C:/ST/STM32CubeCLT_1.17.0/GNU-tools-for-STM32/bin/../lib/gcc/arm-none-eabi/12.3.1/../../../../arm-none-eabi/lib/thumb/v6-m/nofp\libc_nano.a(libc_a-init.o)
                              C:/ST/STM32CubeCLT_1.17.0/GNU-tools-for-STM32/bin/../lib/gcc/arm-none-eabi/12.3.1/../../../../arm-none-eabi/lib/thumb/v6-m/nofp/crt0.o (__libc_init_array)
C:/ST/STM32CubeCLT_1.17.0/GNU-tools-for-STM32/bin/../lib/gcc/arm-none-eabi/12.3.1/../../../../arm-none-eabi/lib/thumb/v6-m/nofp\libc_nano.a(libc_a-lock.o)
                              C:/ST/STM32CubeCLT_1.17.0/GNU-tools-for-STM32/bin/../lib/gcc/arm-none-eabi/12.3.1/../../../../arm-none-eabi/lib/thumb/v6-m/nofp\libc_nano.a(libc_a-findfp.o) (__retarget_lock_init_recursive)
C:/ST/STM32CubeCLT_1.17.0/GNU-tools-for-STM32/bin/../lib/gcc/arm-none-eabi/12.3.1/../../../../arm-none-eabi/lib/thumb/v6-m/nofp\libc_nano.a(libc_a-freer.o)
                              C:/ST/STM32CubeCLT_1.17.0/GNU-tools-for-STM32/bin/../lib/gcc/arm-none-eabi/12.3.1/../../../../arm-none-eabi/lib/thumb/v6-m/nofp\libc_nano.a(libc_a-reent.o) (_free_r)
[...]
Memory Configuration

Name             Origin             Length             Attributes
RAM              0x20000000         0x00001800         xrw
FLASH            0x08000000         0x00008000         xr
*default*        0x00000000         0xffffffff

Linker script and memory map

LOAD C:/ST/STM32CubeCLT_1.17.0/GNU-tools-for-STM32/bin/../lib/gcc/arm-none-eabi/12.3.1/thumb/v6-m/nofp/crti.o
LOAD C:/ST/STM32CubeCLT_1.17.0/GNU-tools-for-STM32/bin/../lib/gcc/arm-none-eabi/12.3.1/thumb/v6-m/nofp/crtbegin.o
LOAD C:/ST/STM32CubeCLT_1.17.0/GNU-tools-for-STM32/bin/../lib/gcc/arm-none-eabi/12.3.1/../../../../arm-none-eabi/lib/thumb/v6-m/nofp/crt0.o
START GROUP
LOAD C:/ST/STM32CubeCLT_1.17.0/GNU-tools-for-STM32/bin/../lib/gcc/arm-none-eabi/12.3.1/../../../../arm-none-eabi/lib/thumb/v6-m/nofp\libc_nano.a
LOAD C:/ST/STM32CubeCLT_1.17.0/GNU-tools-for-STM32/bin/../lib/gcc/arm-none-eabi/12.3.1/../../../../arm-none-eabi/lib/thumb/v6-m/nofp\libm.a
END GROUP
LOAD CMakeFiles/business_card.dir/Core/Src/main.c.obj
LOAD CMakeFiles/business_card.dir/Core/Src/gpio.c.obj
LOAD CMakeFiles/business_card.dir/Core/Src/tim.c.obj
LOAD CMakeFiles/business_card.dir/Core/Src/stm32f0xx_it.c.obj
LOAD CMakeFiles/business_card.dir/Core/Src/stm32f0xx_hal_msp.c.obj
LOAD CMakeFiles/business_card.dir/USB_DEVICE/App/usb_device.c.obj
LOAD CMakeFiles/business_card.dir/USB_DEVICE/App/usbd_desc.c.obj
LOAD CMakeFiles/business_card.dir/USB_DEVICE/App/usbd_cdc_if.c.obj
LOAD CMakeFiles/business_card.dir/USB_DEVICE/Target/usbd_conf.c.obj
LOAD CMakeFiles/business_card.dir/Drivers/STM32F0xx_HAL_Driver/Src/stm32f0xx_ll_usb.c.obj
LOAD CMakeFiles/business_card.dir/Drivers/STM32F0xx_HAL_Driver/Src/stm32f0xx_hal_pcd.c.obj
LOAD CMakeFiles/business_card.dir/Drivers/STM32F0xx_HAL_Driver/Src/stm32f0xx_hal_pcd_ex.c.obj
LOAD CMakeFiles/business_card.dir/Drivers/STM32F0xx_HAL_Driver/Src/stm32f0xx_hal_rcc.c.obj
LOAD CMakeFiles/business_card.dir/Drivers/STM32F0xx_HAL_Driver/Src/stm32f0xx_hal_rcc_ex.c.obj
LOAD CMakeFiles/business_card.dir/Drivers/STM32F0xx_HAL_Driver/Src/stm32f0xx_hal.c.obj
LOAD CMakeFiles/business_card.dir/Drivers/STM32F0xx_HAL_Driver/Src/stm32f0xx_hal_i2c.c.obj
LOAD CMakeFiles/business_card.dir/Drivers/STM32F0xx_HAL_Driver/Src/stm32f0xx_hal_i2c_ex.c.obj
LOAD CMakeFiles/business_card.dir/Drivers/STM32F0xx_HAL_Driver/Src/stm32f0xx_hal_gpio.c.obj
LOAD CMakeFiles/business_card.dir/Drivers/STM32F0xx_HAL_Driver/Src/stm32f0xx_hal_dma.c.obj
LOAD CMakeFiles/business_card.dir/Drivers/STM32F0xx_HAL_Driver/Src/stm32f0xx_hal_cortex.c.obj
LOAD CMakeFiles/business_card.dir/Drivers/STM32F0xx_HAL_Driver/Src/stm32f0xx_hal_pwr.c.obj
LOAD CMakeFiles/business_card.dir/Drivers/STM32F0xx_HAL_Driver/Src/stm32f0xx_hal_pwr_ex.c.obj
LOAD CMakeFiles/business_card.dir/Drivers/STM32F0xx_HAL_Driver/Src/stm32f0xx_hal_flash.c.obj
LOAD CMakeFiles/business_card.dir/Drivers/STM32F0xx_HAL_Driver/Src/stm32f0xx_hal_flash_ex.c.obj
LOAD CMakeFiles/business_card.dir/Drivers/STM32F0xx_HAL_Driver/Src/stm32f0xx_hal_exti.c.obj
LOAD CMakeFiles/business_card.dir/Drivers/STM32F0xx_HAL_Driver/Src/stm32f0xx_hal_tim.c.obj
LOAD CMakeFiles/business_card.dir/Drivers/STM32F0xx_HAL_Driver/Src/stm32f0xx_hal_tim_ex.c.obj
LOAD CMakeFiles/business_card.dir/Core/Src/system_stm32f0xx.c.obj
LOAD CMakeFiles/business_card.dir/Middlewares/ST/STM32_USB_Device_Library/Core/Src/usbd_core.c.obj
LOAD CMakeFiles/business_card.dir/Middlewares/ST/STM32_USB_Device_Library/Core/Src/usbd_ctlreq.c.obj
LOAD CMakeFiles/business_card.dir/Middlewares/ST/STM32_USB_Device_Library/Core/Src/usbd_ioreq.c.obj
LOAD CMakeFiles/business_card.dir/Middlewares/ST/STM32_USB_Device_Library/Class/CDC/Src/usbd_cdc.c.obj
LOAD CMakeFiles/business_card.dir/Core/Src/sysmem.c.obj
LOAD CMakeFiles/business_card.dir/Core/Src/syscalls.c.obj
LOAD CMakeFiles/business_card.dir/startup_stm32f042x6.s.obj
START GROUP
LOAD C:/ST/STM32CubeCLT_1.17.0/GNU-tools-for-STM32/bin/../lib/gcc/arm-none-eabi/12.3.1/thumb/v6-m/nofp\libgcc.a
LOAD C:/ST/STM32CubeCLT_1.17.0/GNU-tools-for-STM32/bin/../lib/gcc/arm-none-eabi/12.3.1/../../../../arm-none-eabi/lib/thumb/v6-m/nofp\libg_nano.a
LOAD C:/ST/STM32CubeCLT_1.17.0/GNU-tools-for-STM32/bin/../lib/gcc/arm-none-eabi/12.3.1/../../../../arm-none-eabi/lib/thumb/v6-m/nofp\libc_nano.a
END GROUP
START GROUP
LOAD C:/ST/STM32CubeCLT_1.17.0/GNU-tools-for-STM32/bin/../lib/gcc/arm-none-eabi/12.3.1/thumb/v6-m/nofp\libgcc.a
LOAD C:/ST/STM32CubeCLT_1.17.0/GNU-tools-for-STM32/bin/../lib/gcc/arm-none-eabi/12.3.1/../../../../arm-none-eabi/lib/thumb/v6-m/nofp\libc_nano.a
END GROUP
LOAD C:/ST/STM32CubeCLT_1.17.0/GNU-tools-for-STM32/bin/../lib/gcc/arm-none-eabi/12.3.1/thumb/v6-m/nofp/crtend.o
LOAD C:/ST/STM32CubeCLT_1.17.0/GNU-tools-for-STM32/bin/../lib/gcc/arm-none-eabi/12.3.1/thumb/v6-m/nofp/crtn.o
                0x20001800                        _estack = (ORIGIN (RAM) + LENGTH (RAM))
                0x00000200                        _Min_Heap_Size = 0x200
                0x00000400                        _Min_Stack_Size = 0x400

.isr_vector     0x08000000       0xc0
                0x08000000                        . = ALIGN (0x4)
 *(.isr_vector)
 .isr_vector    0x08000000       0xc0 CMakeFiles/business_card.dir/startup_stm32f042x6.s.obj
                0x08000000                g_pfnVectors
                0x080000c0                        . = ALIGN (0x4)

.text           0x080000c0     0x85e0
                0x080000c0                        . = ALIGN (0x4)
 *(.text)
 .text          0x080000c0       0x48 C:/ST/STM32CubeCLT_1.17.0/GNU-tools-for-STM32/bin/../lib/gcc/arm-none-eabi/12.3.1/thumb/v6-m/nofp/crtbegin.o
 .text          0x08000108      0x114 C:/ST/STM32CubeCLT_1.17.0/GNU-tools-for-STM32/bin/../lib/gcc/arm-none-eabi/12.3.1/thumb/v6-m/nofp\libgcc.a(_udivsi3.o)
                0x08000108                __aeabi_uidiv
                0x08000108                __udivsi3
                0x08000214                __aeabi_uidivmod
 .text          0x0800021c        0x4 C:/ST/STM32CubeCLT_1.17.0/GNU-tools-for-STM32/bin/../lib/gcc/arm-none-eabi/12.3.1/thumb/v6-m/nofp\libgcc.a(_dvmd_tls.o)
                0x0800021c                __aeabi_idiv0
                0x0800021c                __aeabi_ldiv0
 *(.text*)
 .text.memset   0x08000220       0x10 C:/ST/STM32CubeCLT_1.17.0/GNU-tools-for-STM32/bin/../lib/gcc/arm-none-eabi/12.3.1/../../../../arm-none-eabi/lib/thumb/v6-m/nofp\libc_nano.a(libc_a-memset.o)
                0x08000220                memset
 .text.__libc_init_array
                0x08000230       0x48 C:/ST/STM32CubeCLT_1.17.0/GNU-tools-for-STM32/bin/../lib/gcc/arm-none-eabi/12.3.1/../../../../arm-none-eabi/lib/thumb/v6-m/nofp\libc_nano.a(libc_a-init.o)
                0x08000230                __libc_init_array
 .text.main     0x08000278       0xe8 CMakeFiles/business_card.dir/Core/Src/main.c.obj
                0x08000278                main
 .text.SystemClock_Config
                0x08000360       0xa8 CMakeFiles/business_card.dir/Core/Src/main.c.obj
                0x08000360                SystemClock_Config
 .text.Error_Handler
                0x08000408        0xc CMakeFiles/business_card.dir/Core/Src/main.c.obj
                0x08000408                Error_Handler
 .text.MX_GPIO_Init
                0x08000414       0x90 CMakeFiles/business_card.dir/Core/Src/gpio.c.obj
                0x08000414                MX_GPIO_Init
 .text.MX_TIM3_Init
                0x080004a4      0x100 CMakeFiles/business_card.dir/Core/Src/tim.c.obj
                0x080004a4                MX_TIM3_Init
 .text.HAL_TIM_Base_MspInit
                0x080005a4       0x3c CMakeFiles/business_card.dir/Core/Src/tim.c.obj
                0x080005a4                HAL_TIM_Base_MspInit
 .text.HAL_TIM_MspPostInit
                0x080005e0       0x80 CMakeFiles/business_card.dir/Core/Src/tim.c.obj
                0x080005e0                HAL_TIM_MspPostInit
 .text.NMI_Handler
                0x08000660        0x8 CMakeFiles/business_card.dir/Core/Src/stm32f0xx_it.c.obj
                0x08000660                NMI_Handler
 .text.HardFault_Handler
                0x08000668        0x8 CMakeFiles/business_card.dir/Core/Src/stm32f0xx_it.c.obj
                0x08000668                HardFault_Handler
 .text.SVC_Handler
                0x08000670        0xa CMakeFiles/business_card.dir/Core/Src/stm32f0xx_it.c.obj
                0x08000670                SVC_Handler
 .text.PendSV_Handler
                0x0800067a        0xa CMakeFiles/business_card.dir/Core/Src/stm32f0xx_it.c.obj
                0x0800067a                PendSV_Handler
 .text.SysTick_Handler
                0x08000684        0xe CMakeFiles/business_card.dir/Core/Src/stm32f0xx_it.c.obj
                0x08000684                SysTick_Handler
 *fill*         0x08000692        0x2 
 .text.USB_IRQHandler
                0x08000694       0x18 CMakeFiles/business_card.dir/Core/Src/stm32f0xx_it.c.obj
                0x08000694                USB_IRQHandler
 .text.HAL_MspInit
                0x080006ac       0x58 CMakeFiles/business_card.dir/Core/Src/stm32f0xx_hal_msp.c.obj
                0x080006ac                HAL_MspInit
 .text.MX_USB_DEVICE_Init
                0x08000704       0x68 CMakeFiles/business_card.dir/USB_DEVICE/App/usb_device.c.obj
                0x08000704                MX_USB_DEVICE_Init
 .text.USBD_FS_DeviceDescriptor
                0x0800076c       0x24 CMakeFiles/business_card.dir/USB_DEVICE/App/usbd_desc.c.obj
                0x0800076c                USBD_FS_DeviceDescriptor
 .text.USBD_FS_LangIDStrDescriptor
                0x08000790       0x24 CMakeFiles/business_card.dir/USB_DEVICE/App/usbd_desc.c.obj
                0x08000790                USBD_FS_LangIDStrDescriptor
 .text.USBD_FS_ProductStrDescriptor
                0x080007b4       0x44 CMakeFiles/business_card.dir/USB_DEVICE/App/usbd_desc.c.obj
                0x080007b4                USBD_FS_ProductStrDescriptor
 .text.USBD_FS_ManufacturerStrDescriptor
                0x080007f8       0x2c CMakeFiles/business_card.dir/USB_DEVICE/App/usbd_desc.c.obj
                0x080007f8                USBD_FS_ManufacturerStrDescriptor
 .text.USBD_FS_SerialStrDescriptor
                0x08000824       0x28 CMakeFiles/business_card.dir/USB_DEVICE/App/usbd_desc.c.obj
                0x08000824                USBD_FS_SerialStrDescriptor
 .text.USBD_FS_ConfigStrDescriptor
                0x0800084c       0x44 CMakeFiles/business_card.dir/USB_DEVICE/App/usbd_desc.c.obj
                0x0800084c                USBD_FS_ConfigStrDescriptor
 .text.USBD_FS_InterfaceStrDescriptor
                0x08000890       0x44 CMakeFiles/business_card.dir/USB_DEVICE/App/usbd_desc.c.obj
                0x08000890                USBD_FS_InterfaceStrDescriptor
 .text.Get_SerialNum
                0x080008d4       0x5c CMakeFiles/business_card.dir/USB_DEVICE/App/usbd_desc.c.obj
 .text.IntToUnicode
                0x08000930       0x96 CMakeFiles/business_card.dir/USB_DEVICE/App/usbd_desc.c.obj
 *fill*         0x080009c6        0x2 
 .text.CDC_Init_FS
                0x080009c8       0x30 CMakeFiles/business_card.dir/USB_DEVICE/App/usbd_cdc_if.c.obj
 .text.CDC_DeInit_FS
                0x080009f8        0xc CMakeFiles/business_card.dir/USB_DEVICE/App/usbd_cdc_if.c.obj
 .text.CDC_Control_FS
                0x08000a04       0x38 CMakeFiles/business_card.dir/USB_DEVICE/App/usbd_cdc_if.c.obj
 .text.CDC_Receive_FS
                0x08000a3c       0x2c CMakeFiles/business_card.dir/USB_DEVICE/App/usbd_cdc_if.c.obj
 .text.HAL_PCD_MspInit
                0x08000a68       0x50 CMakeFiles/business_card.dir/USB_DEVICE/Target/usbd_conf.c.obj
                0x08000a68                HAL_PCD_MspInit
 .text.HAL_PCD_SetupStageCallback
                0x08000ab8       0x2a CMakeFiles/business_card.dir/USB_DEVICE/Target/usbd_conf.c.obj
                0x08000ab8                HAL_PCD_SetupStageCallback
 .text.HAL_PCD_DataOutStageCallback
                0x08000ae2       0x42 CMakeFiles/business_card.dir/USB_DEVICE/Target/usbd_conf.c.obj
                0x08000ae2                HAL_PCD_DataOutStageCallback
 .text.HAL_PCD_DataInStageCallback
                0x08000b24       0x3c CMakeFiles/business_card.dir/USB_DEVICE/Target/usbd_conf.c.obj
                0x08000b24                HAL_PCD_DataInStageCallback
 .text.HAL_PCD_SOFCallback
                0x08000b60       0x1e CMakeFiles/business_card.dir/USB_DEVICE/Target/usbd_conf.c.obj
                0x08000b60                HAL_PCD_SOFCallback
 .text.HAL_PCD_ResetCallback
                0x08000b7e       0x48 CMakeFiles/business_card.dir/USB_DEVICE/Target/usbd_conf.c.obj
                0x08000b7e                HAL_PCD_ResetCallback
 *fill*         0x08000bc6        0x2 
 .text.HAL_PCD_SuspendCallback
                0x08000bc8       0x38 CMakeFiles/business_card.dir/USB_DEVICE/Target/usbd_conf.c.obj
                0x08000bc8                HAL_PCD_SuspendCallback
 .text.HAL_PCD_ResumeCallback
                0x08000c00       0x3c CMakeFiles/business_card.dir/USB_DEVICE/Target/usbd_conf.c.obj
                0x08000c00                HAL_PCD_ResumeCallback
 .text.USBD_LL_Init
                0x08000c3c       0xc8 CMakeFiles/business_card.dir/USB_DEVICE/Target/usbd_conf.c.obj
                0x08000c3c                USBD_LL_Init
 .text.USBD_LL_Start
                0x08000d04       0x4a CMakeFiles/business_card.dir/USB_DEVICE/Target/usbd_conf.c.obj
                0x08000d04                USBD_LL_Start
 .text.USBD_LL_OpenEP
                0x08000d4e       0x6e CMakeFiles/business_card.dir/USB_DEVICE/Target/usbd_conf.c.obj
                0x08000d4e                USBD_LL_OpenEP
 .text.USBD_LL_CloseEP
                0x08000dbc       0x56 CMakeFiles/business_card.dir/USB_DEVICE/Target/usbd_conf.c.obj
                0x08000dbc                USBD_LL_CloseEP
 .text.USBD_LL_StallEP
                0x08000e12       0x56 CMakeFiles/business_card.dir/USB_DEVICE/Target/usbd_conf.c.obj
                0x08000e12                USBD_LL_StallEP
 .text.USBD_LL_ClearStallEP
                0x08000e68       0x56 CMakeFiles/business_card.dir/USB_DEVICE/Target/usbd_conf.c.obj
                0x08000e68                USBD_LL_ClearStallEP
 .text.USBD_LL_IsStallEP
                0x08000ebe       0x60 CMakeFiles/business_card.dir/USB_DEVICE/Target/usbd_conf.c.obj
                0x08000ebe                USBD_LL_IsStallEP
 .text.USBD_LL_SetUSBAddress
                0x08000f1e       0x56 CMakeFiles/business_card.dir/USB_DEVICE/Target/usbd_conf.c.obj
                0x08000f1e                USBD_LL_SetUSBAddress
 .text.USBD_LL_Transmit
                0x08000f74       0x6e CMakeFiles/business_card.dir/USB_DEVICE/Target/usbd_conf.c.obj
                0x08000f74                USBD_LL_Transmit
 .text.USBD_LL_PrepareReceive
                0x08000fe2       0x6e CMakeFiles/business_card.dir/USB_DEVICE/Target/usbd_conf.c.obj
                0x08000fe2                USBD_LL_PrepareReceive
 .text.USBD_LL_GetRxDataSize
                0x08001050       0x2c CMakeFiles/business_card.dir/USB_DEVICE/Target/usbd_conf.c.obj
                0x08001050                USBD_LL_GetRxDataSize
 .text.USBD_static_malloc
                0x0800107c       0x18 CMakeFiles/business_card.dir/USB_DEVICE/Target/usbd_conf.c.obj
                0x0800107c                USBD_static_malloc
 .text.USBD_static_free
                0x08001094       0x10 CMakeFiles/business_card.dir/USB_DEVICE/Target/usbd_conf.c.obj
                0x08001094                USBD_static_free
 .text.SystemClockConfig_Resume
                0x080010a4        0xe CMakeFiles/business_card.dir/USB_DEVICE/Target/usbd_conf.c.obj
 .text.USBD_Get_USB_Status
                0x080010b2       0x6e CMakeFiles/business_card.dir/USB_DEVICE/Target/usbd_conf.c.obj
 .text.USB_EnableGlobalInt
                0x08001120       0x2c CMakeFiles/business_card.dir/Drivers/STM32F0xx_HAL_Driver/Src/stm32f0xx_ll_usb.c.obj
                0x08001120                USB_EnableGlobalInt
 .text.USB_DisableGlobalInt
                0x0800114c       0x34 CMakeFiles/business_card.dir/Drivers/STM32F0xx_HAL_Driver/Src/stm32f0xx_ll_usb.c.obj
                0x0800114c                USB_DisableGlobalInt
 .text.USB_DevInit
                0x08001180       0x38 CMakeFiles/business_card.dir/Drivers/STM32F0xx_HAL_Driver/Src/stm32f0xx_ll_usb.c.obj
                0x08001180                USB_DevInit
 .text.USB_ActivateEndpoint
                0x080011b8      0x750 CMakeFiles/business_card.dir/Drivers/STM32F0xx_HAL_Driver/Src/stm32f0xx_ll_usb.c.obj
                0x080011b8                USB_ActivateEndpoint
 .text.USB_DeactivateEndpoint
                0x08001908      0x380 CMakeFiles/business_card.dir/Drivers/STM32F0xx_HAL_Driver/Src/stm32f0xx_ll_usb.c.obj
                0x08001908                USB_DeactivateEndpoint
 .text.USB_EPStartXfer
                0x08001c88     0x1260 CMakeFiles/business_card.dir/Drivers/STM32F0xx_HAL_Driver/Src/stm32f0xx_ll_usb.c.obj
                0x08001c88                USB_EPStartXfer
 .text.USB_EPSetStall
                0x08002ee8       0xa0 CMakeFiles/business_card.dir/Drivers/STM32F0xx_HAL_Driver/Src/stm32f0xx_ll_usb.c.obj
                0x08002ee8                USB_EPSetStall
 .text.USB_EPClearStall
                0x08002f88      0x164 CMakeFiles/business_card.dir/Drivers/STM32F0xx_HAL_Driver/Src/stm32f0xx_ll_usb.c.obj
                0x08002f88                USB_EPClearStall
 .text.USB_SetDevAddress
                0x080030ec       0x28 CMakeFiles/business_card.dir/Drivers/STM32F0xx_HAL_Driver/Src/stm32f0xx_ll_usb.c.obj
                0x080030ec                USB_SetDevAddress
 .text.USB_DevConnect
                0x08003114       0x2c CMakeFiles/business_card.dir/Drivers/STM32F0xx_HAL_Driver/Src/stm32f0xx_ll_usb.c.obj
                0x08003114                USB_DevConnect
 .text.USB_ReadInterrupts
                0x08003140       0x1c CMakeFiles/business_card.dir/Drivers/STM32F0xx_HAL_Driver/Src/stm32f0xx_ll_usb.c.obj
                0x08003140                USB_ReadInterrupts
 .text.USB_WritePMA
                0x0800315c       0x92 CMakeFiles/business_card.dir/Drivers/STM32F0xx_HAL_Driver/Src/stm32f0xx_ll_usb.c.obj
                0x0800315c                USB_WritePMA
 .text.USB_ReadPMA
                0x080031ee       0x9e CMakeFiles/business_card.dir/Drivers/STM32F0xx_HAL_Driver/Src/stm32f0xx_ll_usb.c.obj
                0x080031ee                USB_ReadPMA
 .text.HAL_PCD_Init
                0x0800328c      0x1e8 CMakeFiles/business_card.dir/Drivers/STM32F0xx_HAL_Driver/Src/stm32f0xx_hal_pcd.c.obj
                0x0800328c                HAL_PCD_Init
 .text.HAL_PCD_Start
                0x08003474       0x4a CMakeFiles/business_card.dir/Drivers/STM32F0xx_HAL_Driver/Src/stm32f0xx_hal_pcd.c.obj
                0x08003474                HAL_PCD_Start
 *fill*         0x080034be        0x2 
 .text.HAL_PCD_IRQHandler
                0x080034c0      0x288 CMakeFiles/business_card.dir/Drivers/STM32F0xx_HAL_Driver/Src/stm32f0xx_hal_pcd.c.obj
                0x080034c0                HAL_PCD_IRQHandler
 .text.HAL_PCD_SetAddress
                0x08003748       0x54 CMakeFiles/business_card.dir/Drivers/STM32F0xx_HAL_Driver/Src/stm32f0xx_hal_pcd.c.obj
                0x08003748                HAL_PCD_SetAddress
 .text.HAL_PCD_EP_Open
                0x0800379c       0xde CMakeFiles/business_card.dir/Drivers/STM32F0xx_HAL_Driver/Src/stm32f0xx_hal_pcd.c.obj
                0x0800379c                HAL_PCD_EP_Open
 .text.HAL_PCD_EP_Close
                0x0800387a       0xa2 CMakeFiles/business_card.dir/Drivers/STM32F0xx_HAL_Driver/Src/stm32f0xx_hal_pcd.c.obj
                0x0800387a                HAL_PCD_EP_Close
 .text.HAL_PCD_EP_Receive
                0x0800391c       0x6e CMakeFiles/business_card.dir/Drivers/STM32F0xx_HAL_Driver/Src/stm32f0xx_hal_pcd.c.obj
                0x0800391c                HAL_PCD_EP_Receive
 .text.HAL_PCD_EP_GetRxCount
                0x0800398a       0x32 CMakeFiles/business_card.dir/Drivers/STM32F0xx_HAL_Driver/Src/stm32f0xx_hal_pcd.c.obj
                0x0800398a                HAL_PCD_EP_GetRxCount
 .text.HAL_PCD_EP_Transmit
                0x080039bc       0x78 CMakeFiles/business_card.dir/Drivers/STM32F0xx_HAL_Driver/Src/stm32f0xx_hal_pcd.c.obj
                0x080039bc                HAL_PCD_EP_Transmit
 .text.HAL_PCD_EP_SetStall
                0x08003a34       0xb8 CMakeFiles/business_card.dir/Drivers/STM32F0xx_HAL_Driver/Src/stm32f0xx_hal_pcd.c.obj
                0x08003a34                HAL_PCD_EP_SetStall
 .text.HAL_PCD_EP_ClrStall
                0x08003aec       0xbc CMakeFiles/business_card.dir/Drivers/STM32F0xx_HAL_Driver/Src/stm32f0xx_hal_pcd.c.obj
                0x08003aec                HAL_PCD_EP_ClrStall
 .text.PCD_EP_ISR_Handler
                0x08003ba8      0x808 CMakeFiles/business_card.dir/Drivers/STM32F0xx_HAL_Driver/Src/stm32f0xx_hal_pcd.c.obj
 .text.HAL_PCD_EP_DB_Receive
                0x080043b0      0x238 CMakeFiles/business_card.dir/Drivers/STM32F0xx_HAL_Driver/Src/stm32f0xx_hal_pcd.c.obj
 .text.HAL_PCD_EP_DB_Transmit
                0x080045e8      0x820 CMakeFiles/business_card.dir/Drivers/STM32F0xx_HAL_Driver/Src/stm32f0xx_hal_pcd.c.obj
 .text.HAL_PCDEx_PMAConfig
                0x08004e08       0x9c CMakeFiles/business_card.dir/Drivers/STM32F0xx_HAL_Driver/Src/stm32f0xx_hal_pcd_ex.c.obj
                0x08004e08                HAL_PCDEx_PMAConfig
 .text.HAL_PCDEx_ActivateLPM
                0x08004ea4       0x54 CMakeFiles/business_card.dir/Drivers/STM32F0xx_HAL_Driver/Src/stm32f0xx_hal_pcd_ex.c.obj
                0x08004ea4                HAL_PCDEx_ActivateLPM
 .text.HAL_PCDEx_LPM_Callback
                0x08004ef8       0x16 CMakeFiles/business_card.dir/Drivers/STM32F0xx_HAL_Driver/Src/stm32f0xx_hal_pcd_ex.c.obj
                0x08004ef8                HAL_PCDEx_LPM_Callback
 *fill*         0x08004f0e        0x2 
 .text.HAL_RCC_OscConfig
                0x08004f10      0x70c CMakeFiles/business_card.dir/Drivers/STM32F0xx_HAL_Driver/Src/stm32f0xx_hal_rcc.c.obj
                0x08004f10                HAL_RCC_OscConfig
 .text.HAL_RCC_ClockConfig
                0x0800561c      0x1b4 CMakeFiles/business_card.dir/Drivers/STM32F0xx_HAL_Driver/Src/stm32f0xx_hal_rcc.c.obj
                0x0800561c                HAL_RCC_ClockConfig
 .text.HAL_RCC_GetSysClockFreq
                0x080057d0       0xe4 CMakeFiles/business_card.dir/Drivers/STM32F0xx_HAL_Driver/Src/stm32f0xx_hal_rcc.c.obj
                0x080057d0                HAL_RCC_GetSysClockFreq
 .text.HAL_RCCEx_PeriphCLKConfig
                0x080058b4      0x1dc CMakeFiles/business_card.dir/Drivers/STM32F0xx_HAL_Driver/Src/stm32f0xx_hal_rcc_ex.c.obj
                0x080058b4                HAL_RCCEx_PeriphCLKConfig
 .text.HAL_Init
                0x08005a90       0x28 CMakeFiles/business_card.dir/Drivers/STM32F0xx_HAL_Driver/Src/stm32f0xx_hal.c.obj
                0x08005a90                HAL_Init
 .text.HAL_InitTick
                0x08005ab8       0x68 CMakeFiles/business_card.dir/Drivers/STM32F0xx_HAL_Driver/Src/stm32f0xx_hal.c.obj
                0x08005ab8                HAL_InitTick
 .text.HAL_IncTick
                0x08005b20       0x24 CMakeFiles/business_card.dir/Drivers/STM32F0xx_HAL_Driver/Src/stm32f0xx_hal.c.obj
                0x08005b20                HAL_IncTick
 .text.HAL_GetTick
                0x08005b44       0x14 CMakeFiles/business_card.dir/Drivers/STM32F0xx_HAL_Driver/Src/stm32f0xx_hal.c.obj
                0x08005b44                HAL_GetTick
 .text.HAL_Delay
                0x08005b58       0x48 CMakeFiles/business_card.dir/Drivers/STM32F0xx_HAL_Driver/Src/stm32f0xx_hal.c.obj
                0x08005b58                HAL_Delay
 .text.HAL_GPIO_Init
                0x08005ba0      0x2d0 CMakeFiles/business_card.dir/Drivers/STM32F0xx_HAL_Driver/Src/stm32f0xx_hal_gpio.c.obj
                0x08005ba0                HAL_GPIO_Init
 .text.HAL_GPIO_WritePin
                0x08005e70       0x3a CMakeFiles/business_card.dir/Drivers/STM32F0xx_HAL_Driver/Src/stm32f0xx_hal_gpio.c.obj
                0x08005e70                HAL_GPIO_WritePin
 .text.HAL_GPIO_TogglePin
                0x08005eaa       0x36 CMakeFiles/business_card.dir/Drivers/STM32F0xx_HAL_Driver/Src/stm32f0xx_hal_gpio.c.obj
                0x08005eaa                HAL_GPIO_TogglePin
 .text.__NVIC_EnableIRQ
                0x08005ee0       0x34 CMakeFiles/business_card.dir/Drivers/STM32F0xx_HAL_Driver/Src/stm32f0xx_hal_cortex.c.obj
 .text.__NVIC_SetPriority
                0x08005f14       0xdc CMakeFiles/business_card.dir/Drivers/STM32F0xx_HAL_Driver/Src/stm32f0xx_hal_cortex.c.obj
 .text.SysTick_Config
                0x08005ff0       0x48 CMakeFiles/business_card.dir/Drivers/STM32F0xx_HAL_Driver/Src/stm32f0xx_hal_cortex.c.obj
 .text.HAL_NVIC_SetPriority
                0x08006038       0x2a CMakeFiles/business_card.dir/Drivers/STM32F0xx_HAL_Driver/Src/stm32f0xx_hal_cortex.c.obj
                0x08006038                HAL_NVIC_SetPriority
 .text.HAL_NVIC_EnableIRQ
                0x08006062       0x20 CMakeFiles/business_card.dir/Drivers/STM32F0xx_HAL_Driver/Src/stm32f0xx_hal_cortex.c.obj
                0x08006062                HAL_NVIC_EnableIRQ
 .text.HAL_SYSTICK_Config
                0x08006082       0x1a CMakeFiles/business_card.dir/Drivers/STM32F0xx_HAL_Driver/Src/stm32f0xx_hal_cortex.c.obj
                0x08006082                HAL_SYSTICK_Config
 .text.HAL_TIM_Base_Init
                0x0800609c       0xa0 CMakeFiles/business_card.dir/Drivers/STM32F0xx_HAL_Driver/Src/stm32f0xx_hal_tim.c.obj
                0x0800609c                HAL_TIM_Base_Init
 .text.HAL_TIM_PWM_Init
                0x0800613c       0xa0 CMakeFiles/business_card.dir/Drivers/STM32F0xx_HAL_Driver/Src/stm32f0xx_hal_tim.c.obj
                0x0800613c                HAL_TIM_PWM_Init
 .text.HAL_TIM_PWM_MspInit
                0x080061dc       0x10 CMakeFiles/business_card.dir/Drivers/STM32F0xx_HAL_Driver/Src/stm32f0xx_hal_tim.c.obj
                0x080061dc                HAL_TIM_PWM_MspInit
 .text.HAL_TIM_PWM_ConfigChannel
                0x080061ec      0x18c CMakeFiles/business_card.dir/Drivers/STM32F0xx_HAL_Driver/Src/stm32f0xx_hal_tim.c.obj
                0x080061ec                HAL_TIM_PWM_ConfigChannel
 .text.HAL_TIM_ConfigClockSource
                0x08006378      0x1a8 CMakeFiles/business_card.dir/Drivers/STM32F0xx_HAL_Driver/Src/stm32f0xx_hal_tim.c.obj
                0x08006378                HAL_TIM_ConfigClockSource
 .text.TIM_Base_SetConfig
                0x08006520      0x108 CMakeFiles/business_card.dir/Drivers/STM32F0xx_HAL_Driver/Src/stm32f0xx_hal_tim.c.obj
                0x08006520                TIM_Base_SetConfig
 .text.TIM_OC1_SetConfig
                0x08006628       0xfc CMakeFiles/business_card.dir/Drivers/STM32F0xx_HAL_Driver/Src/stm32f0xx_hal_tim.c.obj
 .text.TIM_OC2_SetConfig
                0x08006724       0xfc CMakeFiles/business_card.dir/Drivers/STM32F0xx_HAL_Driver/Src/stm32f0xx_hal_tim.c.obj
                0x08006724                TIM_OC2_SetConfig
 .text.TIM_OC3_SetConfig
                0x08006820      0x100 CMakeFiles/business_card.dir/Drivers/STM32F0xx_HAL_Driver/Src/stm32f0xx_hal_tim.c.obj
 .text.TIM_OC4_SetConfig
                0x08006920       0xc8 CMakeFiles/business_card.dir/Drivers/STM32F0xx_HAL_Driver/Src/stm32f0xx_hal_tim.c.obj
 .text.TIM_TI1_ConfigInputStage
                0x080069e8       0x5c CMakeFiles/business_card.dir/Drivers/STM32F0xx_HAL_Driver/Src/stm32f0xx_hal_tim.c.obj
 .text.TIM_TI2_ConfigInputStage
                0x08006a44       0x64 CMakeFiles/business_card.dir/Drivers/STM32F0xx_HAL_Driver/Src/stm32f0xx_hal_tim.c.obj
 .text.TIM_ITRx_SetConfig
                0x08006aa8       0x32 CMakeFiles/business_card.dir/Drivers/STM32F0xx_HAL_Driver/Src/stm32f0xx_hal_tim.c.obj
 *fill*         0x08006ada        0x2 
 .text.TIM_ETR_SetConfig
                0x08006adc       0x40 CMakeFiles/business_card.dir/Drivers/STM32F0xx_HAL_Driver/Src/stm32f0xx_hal_tim.c.obj
                0x08006adc                TIM_ETR_SetConfig
 .text.HAL_TIMEx_MasterConfigSynchronization
                0x08006b1c       0xb0 CMakeFiles/business_card.dir/Drivers/STM32F0xx_HAL_Driver/Src/stm32f0xx_hal_tim_ex.c.obj
                0x08006b1c                HAL_TIMEx_MasterConfigSynchronization
 .text.SystemInit
                0x08006bcc        0xa CMakeFiles/business_card.dir/Core/Src/system_stm32f0xx.c.obj
                0x08006bcc                SystemInit
 .text.USBD_Init
                0x08006bd6       0x62 CMakeFiles/business_card.dir/Middlewares/ST/STM32_USB_Device_Library/Core/Src/usbd_core.c.obj
                0x08006bd6                USBD_Init
 .text.USBD_RegisterClass
                0x08006c38       0x40 CMakeFiles/business_card.dir/Middlewares/ST/STM32_USB_Device_Library/Core/Src/usbd_core.c.obj
                0x08006c38                USBD_RegisterClass
 .text.USBD_Start
                0x08006c78       0x1a CMakeFiles/business_card.dir/Middlewares/ST/STM32_USB_Device_Library/Core/Src/usbd_core.c.obj
                0x08006c78                USBD_Start
 .text.USBD_RunTestMode
                0x08006c92       0x12 CMakeFiles/business_card.dir/Middlewares/ST/STM32_USB_Device_Library/Core/Src/usbd_core.c.obj
                0x08006c92                USBD_RunTestMode
 .text.USBD_SetClassConfig
                0x08006ca4       0x4e CMakeFiles/business_card.dir/Middlewares/ST/STM32_USB_Device_Library/Core/Src/usbd_core.c.obj
                0x08006ca4                USBD_SetClassConfig
 .text.USBD_ClrClassConfig
                0x08006cf2       0x2c CMakeFiles/business_card.dir/Middlewares/ST/STM32_USB_Device_Library/Core/Src/usbd_core.c.obj
                0x08006cf2                USBD_ClrClassConfig
 *fill*         0x08006d1e        0x2 
 .text.USBD_LL_SetupStage
                0x08006d20       0xbc CMakeFiles/business_card.dir/Middlewares/ST/STM32_USB_Device_Library/Core/Src/usbd_core.c.obj
                0x08006d20                USBD_LL_SetupStage
 .text.USBD_LL_DataOutStage
                0x08006ddc      0x104 CMakeFiles/business_card.dir/Middlewares/ST/STM32_USB_Device_Library/Core/Src/usbd_core.c.obj
                0x08006ddc                USBD_LL_DataOutStage
 .text.USBD_LL_DataInStage
                0x08006ee0      0x17a CMakeFiles/business_card.dir/Middlewares/ST/STM32_USB_Device_Library/Core/Src/usbd_core.c.obj
                0x08006ee0                USBD_LL_DataInStage
 .text.USBD_LL_Reset
                0x0800705a       0x90 CMakeFiles/business_card.dir/Middlewares/ST/STM32_USB_Device_Library/Core/Src/usbd_core.c.obj
                0x0800705a                USBD_LL_Reset
 .text.USBD_LL_SetSpeed
                0x080070ea       0x20 CMakeFiles/business_card.dir/Middlewares/ST/STM32_USB_Device_Library/Core/Src/usbd_core.c.obj
                0x080070ea                USBD_LL_SetSpeed
 *fill*         0x0800710a        0x2 
 .text.USBD_LL_Suspend
                0x0800710c       0x30 CMakeFiles/business_card.dir/Middlewares/ST/STM32_USB_Device_Library/Core/Src/usbd_core.c.obj
                0x0800710c                USBD_LL_Suspend
 .text.USBD_LL_Resume
                0x0800713c       0x30 CMakeFiles/business_card.dir/Middlewares/ST/STM32_USB_Device_Library/Core/Src/usbd_core.c.obj
                0x0800713c                USBD_LL_Resume
 .text.USBD_LL_SOF
                0x0800716c       0x3c CMakeFiles/business_card.dir/Middlewares/ST/STM32_USB_Device_Library/Core/Src/usbd_core.c.obj
                0x0800716c                USBD_LL_SOF
 .text.USBD_StdDevReq
                0x080071a8       0xe4 CMakeFiles/business_card.dir/Middlewares/ST/STM32_USB_Device_Library/Core/Src/usbd_ctlreq.c.obj
                0x080071a8                USBD_StdDevReq
 .text.USBD_StdItfReq
                0x0800728c       0xae CMakeFiles/business_card.dir/Middlewares/ST/STM32_USB_Device_Library/Core/Src/usbd_ctlreq.c.obj
                0x0800728c                USBD_StdItfReq
 .text.USBD_StdEPReq
                0x0800733a      0x36c CMakeFiles/business_card.dir/Middlewares/ST/STM32_USB_Device_Library/Core/Src/usbd_ctlreq.c.obj
                0x0800733a                USBD_StdEPReq
 *fill*         0x080076a6        0x2 
 .text.USBD_GetDescriptor
                0x080076a8      0x364 CMakeFiles/business_card.dir/Middlewares/ST/STM32_USB_Device_Library/Core/Src/usbd_ctlreq.c.obj
 .text.USBD_SetAddress
                0x08007a0c       0xa8 CMakeFiles/business_card.dir/Middlewares/ST/STM32_USB_Device_Library/Core/Src/usbd_ctlreq.c.obj
 .text.USBD_SetConfig
                0x08007ab4      0x148 CMakeFiles/business_card.dir/Middlewares/ST/STM32_USB_Device_Library/Core/Src/usbd_ctlreq.c.obj
 .text.USBD_GetConfig
                0x08007bfc       0x76 CMakeFiles/business_card.dir/Middlewares/ST/STM32_USB_Device_Library/Core/Src/usbd_ctlreq.c.obj
 .text.USBD_GetStatus
                0x08007c72       0x74 CMakeFiles/business_card.dir/Middlewares/ST/STM32_USB_Device_Library/Core/Src/usbd_ctlreq.c.obj
 .text.USBD_SetFeature
                0x08007ce6       0x2c CMakeFiles/business_card.dir/Middlewares/ST/STM32_USB_Device_Library/Core/Src/usbd_ctlreq.c.obj
 .text.USBD_ClrFeature
                0x08007d12       0x4c CMakeFiles/business_card.dir/Middlewares/ST/STM32_USB_Device_Library/Core/Src/usbd_ctlreq.c.obj
 .text.USBD_ParseSetupRequest
                0x08007d5e       0x70 CMakeFiles/business_card.dir/Middlewares/ST/STM32_USB_Device_Library/Core/Src/usbd_ctlreq.c.obj
                0x08007d5e                USBD_ParseSetupRequest
 .text.USBD_CtlError
                0x08007dce       0x26 CMakeFiles/business_card.dir/Middlewares/ST/STM32_USB_Device_Library/Core/Src/usbd_ctlreq.c.obj
                0x08007dce                USBD_CtlError
 .text.USBD_GetString
                0x08007df4       0x9c CMakeFiles/business_card.dir/Middlewares/ST/STM32_USB_Device_Library/Core/Src/usbd_ctlreq.c.obj
                0x08007df4                USBD_GetString
 .text.USBD_GetLen
                0x08007e90       0x3a CMakeFiles/business_card.dir/Middlewares/ST/STM32_USB_Device_Library/Core/Src/usbd_ctlreq.c.obj
 .text.USBD_CtlSendData
                0x08007eca       0x40 CMakeFiles/business_card.dir/Middlewares/ST/STM32_USB_Device_Library/Core/Src/usbd_ioreq.c.obj
                0x08007eca                USBD_CtlSendData
 .text.USBD_CtlContinueSendData
                0x08007f0a       0x26 CMakeFiles/business_card.dir/Middlewares/ST/STM32_USB_Device_Library/Core/Src/usbd_ioreq.c.obj
                0x08007f0a                USBD_CtlContinueSendData
 .text.USBD_CtlPrepareRx
                0x08007f30       0x48 CMakeFiles/business_card.dir/Middlewares/ST/STM32_USB_Device_Library/Core/Src/usbd_ioreq.c.obj
                0x08007f30                USBD_CtlPrepareRx
 .text.USBD_CtlContinueRx
                0x08007f78       0x26 CMakeFiles/business_card.dir/Middlewares/ST/STM32_USB_Device_Library/Core/Src/usbd_ioreq.c.obj
                0x08007f78                USBD_CtlContinueRx
 .text.USBD_CtlSendStatus
                0x08007f9e       0x28 CMakeFiles/business_card.dir/Middlewares/ST/STM32_USB_Device_Library/Core/Src/usbd_ioreq.c.obj
                0x08007f9e                USBD_CtlSendStatus
 .text.USBD_CtlReceiveStatus
                0x08007fc6       0x28 CMakeFiles/business_card.dir/Middlewares/ST/STM32_USB_Device_Library/Core/Src/usbd_ioreq.c.obj
                0x08007fc6                USBD_CtlReceiveStatus
 .text.USBD_CDC_Init
                0x08007fee      0x118 CMakeFiles/business_card.dir/Middlewares/ST/STM32_USB_Device_Library/Class/CDC/Src/usbd_cdc.c.obj
 .text.USBD_CDC_DeInit
                0x08008106       0x88 CMakeFiles/business_card.dir/Middlewares/ST/STM32_USB_Device_Library/Class/CDC/Src/usbd_cdc.c.obj
 *fill*         0x0800818e        0x2 
 .text.USBD_CDC_Setup
                0x08008190      0x190 CMakeFiles/business_card.dir/Middlewares/ST/STM32_USB_Device_Library/Class/CDC/Src/usbd_cdc.c.obj
 .text.USBD_CDC_DataIn
                0x08008320       0xb6 CMakeFiles/business_card.dir/Middlewares/ST/STM32_USB_Device_Library/Class/CDC/Src/usbd_cdc.c.obj
 .text.USBD_CDC_DataOut
                0x080083d6       0x6a CMakeFiles/business_card.dir/Middlewares/ST/STM32_USB_Device_Library/Class/CDC/Src/usbd_cdc.c.obj
 .text.USBD_CDC_EP0_RxReady
                0x08008440       0x60 CMakeFiles/business_card.dir/Middlewares/ST/STM32_USB_Device_Library/Class/CDC/Src/usbd_cdc.c.obj
 .text.USBD_CDC_GetFSCfgDesc
                0x080084a0       0x1c CMakeFiles/business_card.dir/Middlewares/ST/STM32_USB_Device_Library/Class/CDC/Src/usbd_cdc.c.obj
 .text.USBD_CDC_GetHSCfgDesc
                0x080084bc       0x1c CMakeFiles/business_card.dir/Middlewares/ST/STM32_USB_Device_Library/Class/CDC/Src/usbd_cdc.c.obj
 .text.USBD_CDC_GetOtherSpeedCfgDesc
                0x080084d8       0x1c CMakeFiles/business_card.dir/Middlewares/ST/STM32_USB_Device_Library/Class/CDC/Src/usbd_cdc.c.obj
 .text.USBD_CDC_GetDeviceQualifierDescriptor
                0x080084f4       0x1c CMakeFiles/business_card.dir/Middlewares/ST/STM32_USB_Device_Library/Class/CDC/Src/usbd_cdc.c.obj
                0x080084f4                USBD_CDC_GetDeviceQualifierDescriptor
 .text.USBD_CDC_RegisterInterface
                0x08008510       0x36 CMakeFiles/business_card.dir/Middlewares/ST/STM32_USB_Device_Library/Class/CDC/Src/usbd_cdc.c.obj
                0x08008510                USBD_CDC_RegisterInterface
 .text.USBD_CDC_SetTxBuffer
                0x08008546       0x38 CMakeFiles/business_card.dir/Middlewares/ST/STM32_USB_Device_Library/Class/CDC/Src/usbd_cdc.c.obj
                0x08008546                USBD_CDC_SetTxBuffer
 .text.USBD_CDC_SetRxBuffer
                0x0800857e       0x28 CMakeFiles/business_card.dir/Middlewares/ST/STM32_USB_Device_Library/Class/CDC/Src/usbd_cdc.c.obj
                0x0800857e                USBD_CDC_SetRxBuffer
 .text.USBD_CDC_ReceivePacket
                0x080085a6       0x5c CMakeFiles/business_card.dir/Middlewares/ST/STM32_USB_Device_Library/Class/CDC/Src/usbd_cdc.c.obj
                0x080085a6                USBD_CDC_ReceivePacket
 *fill*         0x08008602        0x2 
 .text.Reset_Handler
                0x08008604       0x80 CMakeFiles/business_card.dir/startup_stm32f042x6.s.obj
                0x08008604                Reset_Handler
 .text.Default_Handler
                0x08008684        0x2 CMakeFiles/business_card.dir/startup_stm32f042x6.s.obj
                0x08008684                TIM1_CC_IRQHandler
                0x08008684                TSC_IRQHandler
                0x08008684                I2C1_IRQHandler
                0x08008684                RCC_CRS_IRQHandler
                0x08008684                SPI1_IRQHandler
                0x08008684                EXTI2_3_IRQHandler
                0x08008684                ADC1_IRQHandler
                0x08008684                TIM17_IRQHandler
                0x08008684                CEC_CAN_IRQHandler
                0x08008684                RTC_IRQHandler
                0x08008684                PVD_VDDIO2_IRQHandler
                0x08008684                TIM16_IRQHandler
                0x08008684                TIM3_IRQHandler
                0x08008684                EXTI4_15_IRQHandler
                0x08008684                DMA1_Channel1_IRQHandler
                0x08008684                Default_Handler
                0x08008684                TIM14_IRQHandler
                0x08008684                DMA1_Channel4_5_IRQHandler
                0x08008684                EXTI0_1_IRQHandler
                0x08008684                SPI2_IRQHandler
                0x08008684                WWDG_IRQHandler
                0x08008684                TIM2_IRQHandler
                0x08008684                DMA1_Channel2_3_IRQHandler
                0x08008684                USART2_IRQHandler
                0x08008684                FLASH_IRQHandler
                0x08008684                USART1_IRQHandler
                0x08008684                TIM1_BRK_UP_TRG_COM_IRQHandler
 *(.glue_7)
 .glue_7        0x08008686        0x0 linker stubs
 *(.glue_7t)
 .glue_7t       0x08008686        0x0 linker stubs
 *(.eh_frame)
 *fill*         0x08008686        0x2 
 .eh_frame      0x08008688        0x0 C:/ST/STM32CubeCLT_1.17.0/GNU-tools-for-STM32/bin/../lib/gcc/arm-none-eabi/12.3.1/thumb/v6-m/nofp/crtbegin.o
 *(.init)
 .init          0x08008688        0x4 C:/ST/STM32CubeCLT_1.17.0/GNU-tools-for-STM32/bin/../lib/gcc/arm-none-eabi/12.3.1/thumb/v6-m/nofp/crti.o
                0x08008688                _init
 .init          0x0800868c        0x8 C:/ST/STM32CubeCLT_1.17.0/GNU-tools-for-STM32/bin/../lib/gcc/arm-none-eabi/12.3.1/thumb/v6-m/nofp/crtn.o
 *(.fini)
 .fini          0x08008694        0x4 C:/ST/STM32CubeCLT_1.17.0/GNU-tools-for-STM32/bin/../lib/gcc/arm-none-eabi/12.3.1/thumb/v6-m/nofp/crti.o
                0x08008694                _fini
 .fini          0x08008698        0x8 C:/ST/STM32CubeCLT_1.17.0/GNU-tools-for-STM32/bin/../lib/gcc/arm-none-eabi/12.3.1/thumb/v6-m/nofp/crtn.o
                0x080086a0                        . = ALIGN (0x4)
                0x080086a0                        _etext = .

.vfp11_veneer   0x080086a0        0x0
 .vfp11_veneer  0x080086a0        0x0 linker stubs

.v4_bx          0x080086a0        0x0
 .v4_bx         0x080086a0        0x0 linker stubs

.iplt           0x080086a0        0x0
 .iplt          0x080086a0        0x0 C:/ST/STM32CubeCLT_1.17.0/GNU-tools-for-STM32/bin/../lib/gcc/arm-none-eabi/12.3.1/thumb/v6-m/nofp/crtbegin.o

.rodata         0x080086a0      0x180
                0x080086a0                        . = ALIGN (0x4)
 *(.rodata)
 .rodata        0x080086a0       0x46 CMakeFiles/business_card.dir/USB_DEVICE/App/usbd_desc.c.obj
 *(.rodata*)
 *fill*         0x080086e6        0x2 
 .rodata.main   0x080086e8       0x18 CMakeFiles/business_card.dir/Core/Src/main.c.obj
 .rodata.CDC_Control_FS
                0x08008700       0x90 CMakeFiles/business_card.dir/USB_DEVICE/App/usbd_cdc_if.c.obj
 .rodata.aPLLMULFactorTable.1
                0x08008790       0x10 CMakeFiles/business_card.dir/Drivers/STM32F0xx_HAL_Driver/Src/stm32f0xx_hal_rcc.c.obj
 .rodata.aPredivFactorTable.0
                0x080087a0       0x10 CMakeFiles/business_card.dir/Drivers/STM32F0xx_HAL_Driver/Src/stm32f0xx_hal_rcc.c.obj
 .rodata.AHBPrescTable
                0x080087b0       0x10 CMakeFiles/business_card.dir/Core/Src/system_stm32f0xx.c.obj
                0x080087b0                AHBPrescTable
 .rodata.USBD_StdDevReq
                0x080087c0       0x28 CMakeFiles/business_card.dir/Middlewares/ST/STM32_USB_Device_Library/Core/Src/usbd_ctlreq.c.obj
 .rodata.USBD_GetDescriptor
                0x080087e8       0x38 CMakeFiles/business_card.dir/Middlewares/ST/STM32_USB_Device_Library/Core/Src/usbd_ctlreq.c.obj
                0x08008820                        . = ALIGN (0x4)

.rel.dyn        0x08008820        0x0
 .rel.iplt      0x08008820        0x0 C:/ST/STM32CubeCLT_1.17.0/GNU-tools-for-STM32/bin/../lib/gcc/arm-none-eabi/12.3.1/thumb/v6-m/nofp/crtbegin.o

.ARM.extab
 *(.ARM.extab* .gnu.linkonce.armextab.*)

.ARM            0x08008820        0x0
                0x08008820                        __exidx_start = .
 *(.ARM.exidx*)
                0x08008820                        __exidx_end = .

.preinit_array  0x08008820        0x0
                0x08008820                        PROVIDE (__preinit_array_start = .)
 *(.preinit_array*)
                0x08008820                        PROVIDE (__preinit_array_end = .)

.init_array     0x08008820        0x4
                0x08008820                        PROVIDE (__init_array_start = .)
 *(SORT_BY_NAME(.init_array.*))
 *(.init_array*)
 .init_array    0x08008820        0x4 C:/ST/STM32CubeCLT_1.17.0/GNU-tools-for-STM32/bin/../lib/gcc/arm-none-eabi/12.3.1/thumb/v6-m/nofp/crtbegin.o
                0x08008824                        PROVIDE (__init_array_end = .)

.fini_array     0x08008824        0x4
                [!provide]                        PROVIDE (__fini_array_start = .)
 *(SORT_BY_NAME(.fini_array.*))
 *(.fini_array*)
 .fini_array    0x08008824        0x4 C:/ST/STM32CubeCLT_1.17.0/GNU-tools-for-STM32/bin/../lib/gcc/arm-none-eabi/12.3.1/thumb/v6-m/nofp/crtbegin.o
                [!provide]                        PROVIDE (__fini_array_end = .)
                0x08008828                        _sidata = LOADADDR (.data)

.data           0x20000000      0x17c load address 0x08008828
                0x20000000                        . = ALIGN (0x4)
                0x20000000                        _sdata = .
 *(.data)
 *(.data*)
 .data.FS_Desc  0x20000000       0x1c CMakeFiles/business_card.dir/USB_DEVICE/App/usbd_desc.c.obj
                0x20000000                FS_Desc
 .data.USBD_FS_DeviceDesc
                0x2000001c       0x12 CMakeFiles/business_card.dir/USB_DEVICE/App/usbd_desc.c.obj
                0x2000001c                USBD_FS_DeviceDesc
 *fill*         0x2000002e        0x2 
 .data.USBD_LangIDDesc
                0x20000030        0x4 CMakeFiles/business_card.dir/USB_DEVICE/App/usbd_desc.c.obj
                0x20000030                USBD_LangIDDesc
 .data.USBD_StringSerial
                0x20000034       0x1a CMakeFiles/business_card.dir/USB_DEVICE/App/usbd_desc.c.obj
                0x20000034                USBD_StringSerial
 *fill*         0x2000004e        0x2 
 .data.USBD_Interface_fops_FS
                0x20000050       0x10 CMakeFiles/business_card.dir/USB_DEVICE/App/usbd_cdc_if.c.obj
                0x20000050                USBD_Interface_fops_FS
 .data.uwTickPrio
                0x20000060        0x4 CMakeFiles/business_card.dir/Drivers/STM32F0xx_HAL_Driver/Src/stm32f0xx_hal.c.obj
                0x20000060                uwTickPrio
 .data.uwTickFreq
                0x20000064        0x1 CMakeFiles/business_card.dir/Drivers/STM32F0xx_HAL_Driver/Src/stm32f0xx_hal.c.obj
                0x20000064                uwTickFreq
 *fill*         0x20000065        0x3 
 .data.SystemCoreClock
                0x20000068        0x4 CMakeFiles/business_card.dir/Core/Src/system_stm32f0xx.c.obj
                0x20000068                SystemCoreClock
 .data.USBD_CDC_DeviceQualifierDesc
                0x2000006c        0xa CMakeFiles/business_card.dir/Middlewares/ST/STM32_USB_Device_Library/Class/CDC/Src/usbd_cdc.c.obj
 *fill*         0x20000076        0x2 
 .data.USBD_CDC
                0x20000078       0x38 CMakeFiles/business_card.dir/Middlewares/ST/STM32_USB_Device_Library/Class/CDC/Src/usbd_cdc.c.obj
                0x20000078                USBD_CDC
 .data.USBD_CDC_CfgHSDesc
                0x200000b0       0x43 CMakeFiles/business_card.dir/Middlewares/ST/STM32_USB_Device_Library/Class/CDC/Src/usbd_cdc.c.obj
                0x200000b0                USBD_CDC_CfgHSDesc
 *fill*         0x200000f3        0x1 
 .data.USBD_CDC_CfgFSDesc
                0x200000f4       0x43 CMakeFiles/business_card.dir/Middlewares/ST/STM32_USB_Device_Library/Class/CDC/Src/usbd_cdc.c.obj
                0x200000f4                USBD_CDC_CfgFSDesc
 *fill*         0x20000137        0x1 
 .data.USBD_CDC_OtherSpeedCfgDesc
                0x20000138       0x43 CMakeFiles/business_card.dir/Middlewares/ST/STM32_USB_Device_Library/Class/CDC/Src/usbd_cdc.c.obj
                0x20000138                USBD_CDC_OtherSpeedCfgDesc
                0x2000017c                        . = ALIGN (0x4)
 *fill*         0x2000017b        0x1 
                0x2000017c                        _edata = .

.igot.plt       0x2000017c        0x0 load address 0x080089a4
 .igot.plt      0x2000017c        0x0 C:/ST/STM32CubeCLT_1.17.0/GNU-tools-for-STM32/bin/../lib/gcc/arm-none-eabi/12.3.1/thumb/v6-m/nofp/crtbegin.o
                0x2000017c                        . = ALIGN (0x4)

.bss            0x2000017c      0x96c load address 0x080089a4
                0x2000017c                        _sbss = .
                0x2000017c                        __bss_start__ = _sbss
 *(.bss)
 .bss           0x2000017c       0x1c C:/ST/STM32CubeCLT_1.17.0/GNU-tools-for-STM32/bin/../lib/gcc/arm-none-eabi/12.3.1/thumb/v6-m/nofp/crtbegin.o
 *(.bss*)
 .bss.htim3     0x20000198       0x48 CMakeFiles/business_card.dir/Core/Src/tim.c.obj
                0x20000198                htim3
 .bss.hUsbDeviceFS
                0x200001e0      0x2c4 CMakeFiles/business_card.dir/USB_DEVICE/App/usb_device.c.obj
                0x200001e0                hUsbDeviceFS
 .bss.USBD_StrDesc
                0x200004a4       0x40 CMakeFiles/business_card.dir/USB_DEVICE/App/usbd_desc.c.obj
                0x200004a4                USBD_StrDesc
 .bss.UserRxBufferFS
                0x200004e4       0x80 CMakeFiles/business_card.dir/USB_DEVICE/App/usbd_cdc_if.c.obj
                0x200004e4                UserRxBufferFS
 .bss.UserTxBufferFS
                0x20000564       0x80 CMakeFiles/business_card.dir/USB_DEVICE/App/usbd_cdc_if.c.obj
                0x20000564                UserTxBufferFS
 .bss.hpcd_USB_FS
                0x200005e4      0x2dc CMakeFiles/business_card.dir/USB_DEVICE/Target/usbd_conf.c.obj
                0x200005e4                hpcd_USB_FS
 .bss.mem.0     0x200008c0      0x220 CMakeFiles/business_card.dir/USB_DEVICE/Target/usbd_conf.c.obj
 .bss.uwTick    0x20000ae0        0x4 CMakeFiles/business_card.dir/Drivers/STM32F0xx_HAL_Driver/Src/stm32f0xx_hal.c.obj
                0x20000ae0                uwTick
 .bss.cfgidx.0  0x20000ae4        0x1 CMakeFiles/business_card.dir/Middlewares/ST/STM32_USB_Device_Library/Core/Src/usbd_ctlreq.c.obj
 *(COMMON)
                0x20000ae8                        . = ALIGN (0x4)
 *fill*         0x20000ae5        0x3 
                0x20000ae8                        _ebss = .
                0x20000ae8                        __bss_end__ = _ebss

._user_heap_stack
                0x20000ae8      0x600 load address 0x080089a4
                0x20000ae8                        . = ALIGN (0x8)
                [!provide]                        PROVIDE (end = .)
                0x20000ae8                        PROVIDE (_end = .)
                0x20000ce8                        . = (. + _Min_Heap_Size)
 *fill*         0x20000ae8      0x200 
                0x200010e8                        . = (. + _Min_Stack_Size)
 *fill*         0x20000ce8      0x400 
                0x200010e8                        . = ALIGN (0x8)

/DISCARD/
 libc.a(*)
 libm.a(*)
 libgcc.a(*)
OUTPUT(business_card.elf elf32-littlearm)
LOAD linker stubs
LOAD C:/ST/STM32CubeCLT_1.17.0/GNU-tools-for-STM32/bin/../lib/gcc/arm-none-eabi/12.3.1/../../../../arm-none-eabi/lib/thumb/v6-m/nofp\libc.a
LOAD C:/ST/STM32CubeCLT_1.17.0/GNU-tools-for-STM32/bin/../lib/gcc/arm-none-eabi/12.3.1/../../../../arm-none-eabi/lib/thumb/v6-m/nofp\libm.a
LOAD C:/ST/STM32CubeCLT_1.17.0/GNU-tools-for-STM32/bin/../lib/gcc/arm-none-eabi/12.3.1/thumb/v6-m/nofp\libgcc.a

.ARM.attributes
                0x00000000       0x28
 .ARM.attributes
                0x00000000       0x1e C:/ST/STM32CubeCLT_1.17.0/GNU-tools-for-STM32/bin/../lib/gcc/arm-none-eabi/12.3.1/thumb/v6-m/nofp/crti.o
 .ARM.attributes
                0x0000001e       0x2c C:/ST/STM32CubeCLT_1.17.0/GNU-tools-for-STM32/bin/../lib/gcc/arm-none-eabi/12.3.1/thumb/v6-m/nofp/crtbegin.o
 .ARM.attributes
                0x0000004a       0x2c C:/ST/STM32CubeCLT_1.17.0/GNU-tools-for-STM32/bin/../lib/gcc/arm-none-eabi/12.3.1/../../../../arm-none-eabi/lib/thumb/v6-m/nofp\libc_nano.a(libc_a-memset.o)
 .ARM.attributes
                0x00000076       0x2c C:/ST/STM32CubeCLT_1.17.0/GNU-tools-for-STM32/bin/../lib/gcc/arm-none-eabi/12.3.1/../../../../arm-none-eabi/lib/thumb/v6-m/nofp\libc_nano.a(libc_a-init.o)
 .ARM.attributes
                0x000000a2       0x2c CMakeFiles/business_card.dir/Core/Src/main.c.obj
 .ARM.attributes
                0x000000ce       0x2c CMakeFiles/business_card.dir/Core/Src/gpio.c.obj
 .ARM.attributes
                0x000000fa       0x2c CMakeFiles/business_card.dir/Core/Src/tim.c.obj
 .ARM.attributes
                0x00000126       0x2c CMakeFiles/business_card.dir/Core/Src/stm32f0xx_it.c.obj
 .ARM.attributes
                0x00000152       0x2c CMakeFiles/business_card.dir/Core/Src/stm32f0xx_hal_msp.c.obj
 .ARM.attributes
                0x0000017e       0x2c CMakeFiles/business_card.dir/USB_DEVICE/App/usb_device.c.obj
 .ARM.attributes
                0x000001aa       0x2c CMakeFiles/business_card.dir/USB_DEVICE/App/usbd_desc.c.obj
 .ARM.attributes
                0x000001d6       0x2c CMakeFiles/business_card.dir/USB_DEVICE/App/usbd_cdc_if.c.obj
 .ARM.attributes
                0x00000202       0x2c CMakeFiles/business_card.dir/USB_DEVICE/Target/usbd_conf.c.obj
 .ARM.attributes
                0x0000022e       0x2c CMakeFiles/business_card.dir/Drivers/STM32F0xx_HAL_Driver/Src/stm32f0xx_ll_usb.c.obj
 .ARM.attributes
                0x0000025a       0x2c CMakeFiles/business_card.dir/Drivers/STM32F0xx_HAL_Driver/Src/stm32f0xx_hal_pcd.c.obj
 .ARM.attributes
                0x00000286       0x2c CMakeFiles/business_card.dir/Drivers/STM32F0xx_HAL_Driver/Src/stm32f0xx_hal_pcd_ex.c.obj
 .ARM.attributes
                0x000002b2       0x2c CMakeFiles/business_card.dir/Drivers/STM32F0xx_HAL_Driver/Src/stm32f0xx_hal_rcc.c.obj
 .ARM.attributes
                0x000002de       0x2c CMakeFiles/business_card.dir/Drivers/STM32F0xx_HAL_Driver/Src/stm32f0xx_hal_rcc_ex.c.obj
 .ARM.attributes
                0x0000030a       0x2c CMakeFiles/business_card.dir/Drivers/STM32F0xx_HAL_Driver/Src/stm32f0xx_hal.c.obj
 .ARM.attributes
                0x00000336       0x2c CMakeFiles/business_card.dir/Drivers/STM32F0xx_HAL_Driver/Src/stm32f0xx_hal_gpio.c.obj
 .ARM.attributes
                0x00000362       0x2c CMakeFiles/business_card.dir/Drivers/STM32F0xx_HAL_Driver/Src/stm32f0xx_hal_cortex.c.obj
 .ARM.attributes
                0x0000038e       0x2c CMakeFiles/business_card.dir/Drivers/STM32F0xx_HAL_Driver/Src/stm32f0xx_hal_tim.c.obj
 .ARM.attributes
                0x000003ba       0x2c CMakeFiles/business_card.dir/Drivers/STM32F0xx_HAL_Driver/Src/stm32f0xx_hal_tim_ex.c.obj
 .ARM.attributes
                0x000003e6       0x2c CMakeFiles/business_card.dir/Core/Src/system_stm32f0xx.c.obj
 .ARM.attributes
                0x00000412       0x2c CMakeFiles/business_card.dir/Middlewares/ST/STM32_USB_Device_Library/Core/Src/usbd_core.c.obj
 .ARM.attributes
                0x0000043e       0x2c CMakeFiles/business_card.dir/Middlewares/ST/STM32_USB_Device_Library/Core/Src/usbd_ctlreq.c.obj
 .ARM.attributes
                0x0000046a       0x2c CMakeFiles/business_card.dir/Middlewares/ST/STM32_USB_Device_Library/Core/Src/usbd_ioreq.c.obj
 .ARM.attributes
                0x00000496       0x2c CMakeFiles/business_card.dir/Middlewares/ST/STM32_USB_Device_Library/Class/CDC/Src/usbd_cdc.c.obj
 .ARM.attributes
                0x000004c2       0x21 CMakeFiles/business_card.dir/startup_stm32f042x6.s.obj
 .ARM.attributes
                0x000004e3       0x1e C:/ST/STM32CubeCLT_1.17.0/GNU-tools-for-STM32/bin/../lib/gcc/arm-none-eabi/12.3.1/thumb/v6-m/nofp\libgcc.a(_udivsi3.o)
 .ARM.attributes
                0x00000501       0x1e C:/ST/STM32CubeCLT_1.17.0/GNU-tools-for-STM32/bin/../lib/gcc/arm-none-eabi/12.3.1/thumb/v6-m/nofp\libgcc.a(_dvmd_tls.o)
 .ARM.attributes
                0x0000051f       0x1e C:/ST/STM32CubeCLT_1.17.0/GNU-tools-for-STM32/bin/../lib/gcc/arm-none-eabi/12.3.1/thumb/v6-m/nofp/crtn.o

.comment        0x00000000       0x43
 .comment       0x00000000       0x43 CMakeFiles/business_card.dir/Core/Src/main.c.obj
                                 0x44 (size before relaxing)
 .comment       0x00000043       0x44 CMakeFiles/business_card.dir/Core/Src/gpio.c.obj
 .comment       0x00000043       0x44 CMakeFiles/business_card.dir/Core/Src/tim.c.obj
 .comment       0x00000043       0x44 CMakeFiles/business_card.dir/Core/Src/stm32f0xx_it.c.obj
 .comment       0x00000043       0x44 CMakeFiles/business_card.dir/Core/Src/stm32f0xx_hal_msp.c.obj
 .comment       0x00000043       0x44 CMakeFiles/business_card.dir/USB_DEVICE/App/usb_device.c.obj
 .comment       0x00000043       0x44 CMakeFiles/business_card.dir/USB_DEVICE/App/usbd_desc.c.obj
 .comment       0x00000043       0x44 CMakeFiles/business_card.dir/USB_DEVICE/App/usbd_cdc_if.c.obj
 .comment       0x00000043       0x44 CMakeFiles/business_card.dir/USB_DEVICE/Target/usbd_conf.c.obj
 .comment       0x00000043       0x44 CMakeFiles/business_card.dir/Drivers/STM32F0xx_HAL_Driver/Src/stm32f0xx_ll_usb.c.obj
 .comment       0x00000043       0x44 CMakeFiles/business_card.dir/Drivers/STM32F0xx_HAL_Driver/Src/stm32f0xx_hal_pcd.c.obj
 .comment       0x00000043       0x44 CMakeFiles/business_card.dir/Drivers/STM32F0xx_HAL_Driver/Src/stm32f0xx_hal_pcd_ex.c.obj
 .comment       0x00000043       0x44 CMakeFiles/business_card.dir/Drivers/STM32F0xx_HAL_Driver/Src/stm32f0xx_hal_rcc.c.obj
 .comment       0x00000043       0x44 CMakeFiles/business_card.dir/Drivers/STM32F0xx_HAL_Driver/Src/stm32f0xx_hal_rcc_ex.c.obj
 .comment       0x00000043       0x44 CMakeFiles/business_card.dir/Drivers/STM32F0xx_HAL_Driver/Src/stm32f0xx_hal.c.obj
 .comment       0x00000043       0x44 CMakeFiles/business_card.dir/Drivers/STM32F0xx_HAL_Driver/Src/stm32f0xx_hal_gpio.c.obj
 .comment       0x00000043       0x44 CMakeFiles/business_card.dir/Drivers/STM32F0xx_HAL_Driver/Src/stm32f0xx_hal_cortex.c.obj
 .comment       0x00000043       0x44 CMakeFiles/business_card.dir/Drivers/STM32F0xx_HAL_Driver/Src/stm32f0xx_hal_tim.c.obj
 .comment       0x00000043       0x44 CMakeFiles/business_card.dir/Drivers/STM32F0xx_HAL_Driver/Src/stm32f0xx_hal_tim_ex.c.obj
 .comment       0x00000043       0x44 CMakeFiles/business_card.dir/Core/Src/system_stm32f0xx.c.obj
 .comment       0x00000043       0x44 CMakeFiles/business_card.dir/Middlewares/ST/STM32_USB_Device_Library/Core/Src/usbd_core.c.obj
 .comment       0x00000043       0x44 CMakeFiles/business_card.dir/Middlewares/ST/STM32_USB_Device_Library/Core/Src/usbd_ctlreq.c.obj
 .comment       0x00000043       0x44 CMakeFiles/business_card.dir/Middlewares/ST/STM32_USB_Device_Library/Core/Src/usbd_ioreq.c.obj
 .comment       0x00000043       0x44 CMakeFiles/business_card.dir/Middlewares/ST/STM32_USB_Device_Library/Class/CDC/Src/usbd_cdc.c.obj

.debug_frame    0x00000000     0x3698
 .debug_frame   0x00000000       0x20 C:/ST/STM32CubeCLT_1.17.0/GNU-tools-for-STM32/bin/../lib/gcc/arm-none-eabi/12.3.1/../../../../arm-none-eabi/lib/thumb/v6-m/nofp\libc_nano.a(libc_a-memset.o)
 .debug_frame   0x00000020       0x2c C:/ST/STM32CubeCLT_1.17.0/GNU-tools-for-STM32/bin/../lib/gcc/arm-none-eabi/12.3.1/../../../../arm-none-eabi/lib/thumb/v6-m/nofp\libc_nano.a(libc_a-init.o)
 .debug_frame   0x0000004c       0x6c CMakeFiles/business_card.dir/Core/Src/main.c.obj
 .debug_frame   0x000000b8       0x30 CMakeFiles/business_card.dir/Core/Src/gpio.c.obj
 .debug_frame   0x000000e8       0x90 CMakeFiles/business_card.dir/Core/Src/tim.c.obj
 .debug_frame   0x00000178       0xb8 CMakeFiles/business_card.dir/Core/Src/stm32f0xx_it.c.obj
 .debug_frame   0x00000230       0x30 CMakeFiles/business_card.dir/Core/Src/stm32f0xx_hal_msp.c.obj
 .debug_frame   0x00000260       0x2c CMakeFiles/business_card.dir/USB_DEVICE/App/usb_device.c.obj
 .debug_frame   0x0000028c      0x130 CMakeFiles/business_card.dir/USB_DEVICE/App/usbd_desc.c.obj
 .debug_frame   0x000003bc       0xac CMakeFiles/business_card.dir/USB_DEVICE/App/usbd_cdc_if.c.obj
 .debug_frame   0x00000468      0x438 CMakeFiles/business_card.dir/USB_DEVICE/Target/usbd_conf.c.obj
 .debug_frame   0x000008a0      0x2d0 CMakeFiles/business_card.dir/Drivers/STM32F0xx_HAL_Driver/Src/stm32f0xx_ll_usb.c.obj
 .debug_frame   0x00000b70      0x498 CMakeFiles/business_card.dir/Drivers/STM32F0xx_HAL_Driver/Src/stm32f0xx_hal_pcd.c.obj
 .debug_frame   0x00001008      0x110 CMakeFiles/business_card.dir/Drivers/STM32F0xx_HAL_Driver/Src/stm32f0xx_hal_pcd_ex.c.obj
 .debug_frame   0x00001118      0x198 CMakeFiles/business_card.dir/Drivers/STM32F0xx_HAL_Driver/Src/stm32f0xx_hal_rcc.c.obj
 .debug_frame   0x000012b0      0x180 CMakeFiles/business_card.dir/Drivers/STM32F0xx_HAL_Driver/Src/stm32f0xx_hal_rcc_ex.c.obj
 .debug_frame   0x00001430      0x2a4 CMakeFiles/business_card.dir/Drivers/STM32F0xx_HAL_Driver/Src/stm32f0xx_hal.c.obj
 .debug_frame   0x000016d4      0x110 CMakeFiles/business_card.dir/Drivers/STM32F0xx_HAL_Driver/Src/stm32f0xx_hal_gpio.c.obj
 .debug_frame   0x000017e4      0x2a0 CMakeFiles/business_card.dir/Drivers/STM32F0xx_HAL_Driver/Src/stm32f0xx_hal_cortex.c.obj
 .debug_frame   0x00001a84      0xf00 CMakeFiles/business_card.dir/Drivers/STM32F0xx_HAL_Driver/Src/stm32f0xx_hal_tim.c.obj
 .debug_frame   0x00002984      0x560 CMakeFiles/business_card.dir/Drivers/STM32F0xx_HAL_Driver/Src/stm32f0xx_hal_tim_ex.c.obj
 .debug_frame   0x00002ee4       0x4c CMakeFiles/business_card.dir/Core/Src/system_stm32f0xx.c.obj
 .debug_frame   0x00002f30      0x290 CMakeFiles/business_card.dir/Middlewares/ST/STM32_USB_Device_Library/Core/Src/usbd_core.c.obj
 .debug_frame   0x000031c0      0x1d8 CMakeFiles/business_card.dir/Middlewares/ST/STM32_USB_Device_Library/Core/Src/usbd_ctlreq.c.obj
 .debug_frame   0x00003398       0xf0 CMakeFiles/business_card.dir/Middlewares/ST/STM32_USB_Device_Library/Core/Src/usbd_ioreq.c.obj
 .debug_frame   0x00003488      0x1f0 CMakeFiles/business_card.dir/Middlewares/ST/STM32_USB_Device_Library/Class/CDC/Src/usbd_cdc.c.obj
 .debug_frame   0x00003678       0x20 C:/ST/STM32CubeCLT_1.17.0/GNU-tools-for-STM32/bin/../lib/gcc/arm-none-eabi/12.3.1/thumb/v6-m/nofp\libgcc.a(_udivsi3.o)

.debug_info     0x00000000    0x104b6
 .debug_info    0x00000000      0x4c3 CMakeFiles/business_card.dir/Core/Src/main.c.obj
 .debug_info    0x000004c3      0x30f CMakeFiles/business_card.dir/Core/Src/gpio.c.obj
 .debug_info    0x000007d2      0xab5 CMakeFiles/business_card.dir/Core/Src/tim.c.obj
 .debug_info    0x00001287      0x5f2 CMakeFiles/business_card.dir/Core/Src/stm32f0xx_it.c.obj
 .debug_info    0x00001879      0x1ee CMakeFiles/business_card.dir/Core/Src/stm32f0xx_hal_msp.c.obj
 .debug_info    0x00001a67      0x63d CMakeFiles/business_card.dir/USB_DEVICE/App/usb_device.c.obj
 .debug_info    0x000020a4      0x449 CMakeFiles/business_card.dir/USB_DEVICE/App/usbd_desc.c.obj
 .debug_info    0x000024ed      0x7eb CMakeFiles/business_card.dir/USB_DEVICE/App/usbd_cdc_if.c.obj
 .debug_info    0x00002cd8     0x174b CMakeFiles/business_card.dir/USB_DEVICE/Target/usbd_conf.c.obj
 .debug_info    0x00004423     0x166d CMakeFiles/business_card.dir/Drivers/STM32F0xx_HAL_Driver/Src/stm32f0xx_ll_usb.c.obj
 .debug_info    0x00005a90     0x161d CMakeFiles/business_card.dir/Drivers/STM32F0xx_HAL_Driver/Src/stm32f0xx_hal_pcd.c.obj
 .debug_info    0x000070ad      0x80a CMakeFiles/business_card.dir/Drivers/STM32F0xx_HAL_Driver/Src/stm32f0xx_hal_pcd_ex.c.obj
 .debug_info    0x000078b7      0x83f CMakeFiles/business_card.dir/Drivers/STM32F0xx_HAL_Driver/Src/stm32f0xx_hal_rcc.c.obj
 .debug_info    0x000080f6      0x600 CMakeFiles/business_card.dir/Drivers/STM32F0xx_HAL_Driver/Src/stm32f0xx_hal_rcc_ex.c.obj
 .debug_info    0x000086f6      0x69d CMakeFiles/business_card.dir/Drivers/STM32F0xx_HAL_Driver/Src/stm32f0xx_hal.c.obj
 .debug_info    0x00008d93      0x5a6 CMakeFiles/business_card.dir/Drivers/STM32F0xx_HAL_Driver/Src/stm32f0xx_hal_gpio.c.obj
 .debug_info    0x00009339      0x6a7 CMakeFiles/business_card.dir/Drivers/STM32F0xx_HAL_Driver/Src/stm32f0xx_hal_cortex.c.obj
 .debug_info    0x000099e0     0x2950 CMakeFiles/business_card.dir/Drivers/STM32F0xx_HAL_Driver/Src/stm32f0xx_hal_tim.c.obj
 .debug_info    0x0000c330     0x1492 CMakeFiles/business_card.dir/Drivers/STM32F0xx_HAL_Driver/Src/stm32f0xx_hal_tim_ex.c.obj
 .debug_info    0x0000d7c2      0x242 CMakeFiles/business_card.dir/Core/Src/system_stm32f0xx.c.obj
 .debug_info    0x0000da04      0xa52 CMakeFiles/business_card.dir/Middlewares/ST/STM32_USB_Device_Library/Core/Src/usbd_core.c.obj
 .debug_info    0x0000e456      0x91c CMakeFiles/business_card.dir/Middlewares/ST/STM32_USB_Device_Library/Core/Src/usbd_ctlreq.c.obj
 .debug_info    0x0000ed72      0x6a0 CMakeFiles/business_card.dir/Middlewares/ST/STM32_USB_Device_Library/Core/Src/usbd_ioreq.c.obj
 .debug_info    0x0000f412     0x1074 CMakeFiles/business_card.dir/Middlewares/ST/STM32_USB_Device_Library/Class/CDC/Src/usbd_cdc.c.obj
 .debug_info    0x00010486       0x30 CMakeFiles/business_card.dir/startup_stm32f042x6.s.obj

.debug_abbrev   0x00000000     0x3262
 .debug_abbrev  0x00000000      0x1d8 CMakeFiles/business_card.dir/Core/Src/main.c.obj
 .debug_abbrev  0x000001d8      0x152 CMakeFiles/business_card.dir/Core/Src/gpio.c.obj
 .debug_abbrev  0x0000032a      0x231 CMakeFiles/business_card.dir/Core/Src/tim.c.obj
 .debug_abbrev  0x0000055b      0x192 CMakeFiles/business_card.dir/Core/Src/stm32f0xx_it.c.obj
 .debug_abbrev  0x000006ed       0xdc CMakeFiles/business_card.dir/Core/Src/stm32f0xx_hal_msp.c.obj
 .debug_abbrev  0x000007c9      0x18d CMakeFiles/business_card.dir/USB_DEVICE/App/usb_device.c.obj
 .debug_abbrev  0x00000956      0x1f6 CMakeFiles/business_card.dir/USB_DEVICE/App/usbd_desc.c.obj
 .debug_abbrev  0x00000b4c      0x254 CMakeFiles/business_card.dir/USB_DEVICE/App/usbd_cdc_if.c.obj
 .debug_abbrev  0x00000da0      0x341 CMakeFiles/business_card.dir/USB_DEVICE/Target/usbd_conf.c.obj
 .debug_abbrev  0x000010e1      0x247 CMakeFiles/business_card.dir/Drivers/STM32F0xx_HAL_Driver/Src/stm32f0xx_ll_usb.c.obj
 .debug_abbrev  0x00001328      0x2b9 CMakeFiles/business_card.dir/Drivers/STM32F0xx_HAL_Driver/Src/stm32f0xx_hal_pcd.c.obj
 .debug_abbrev  0x000015e1      0x228 CMakeFiles/business_card.dir/Drivers/STM32F0xx_HAL_Driver/Src/stm32f0xx_hal_pcd_ex.c.obj
 .debug_abbrev  0x00001809      0x28c CMakeFiles/business_card.dir/Drivers/STM32F0xx_HAL_Driver/Src/stm32f0xx_hal_rcc.c.obj
 .debug_abbrev  0x00001a95      0x1da CMakeFiles/business_card.dir/Drivers/STM32F0xx_HAL_Driver/Src/stm32f0xx_hal_rcc_ex.c.obj
 .debug_abbrev  0x00001c6f      0x247 CMakeFiles/business_card.dir/Drivers/STM32F0xx_HAL_Driver/Src/stm32f0xx_hal.c.obj
 .debug_abbrev  0x00001eb6      0x1cb CMakeFiles/business_card.dir/Drivers/STM32F0xx_HAL_Driver/Src/stm32f0xx_hal_gpio.c.obj
 .debug_abbrev  0x00002081      0x28c CMakeFiles/business_card.dir/Drivers/STM32F0xx_HAL_Driver/Src/stm32f0xx_hal_cortex.c.obj
 .debug_abbrev  0x0000230d      0x278 CMakeFiles/business_card.dir/Drivers/STM32F0xx_HAL_Driver/Src/stm32f0xx_hal_tim.c.obj
 .debug_abbrev  0x00002585      0x283 CMakeFiles/business_card.dir/Drivers/STM32F0xx_HAL_Driver/Src/stm32f0xx_hal_tim_ex.c.obj
 .debug_abbrev  0x00002808      0x11c CMakeFiles/business_card.dir/Core/Src/system_stm32f0xx.c.obj
 .debug_abbrev  0x00002924      0x24a CMakeFiles/business_card.dir/Middlewares/ST/STM32_USB_Device_Library/Core/Src/usbd_core.c.obj
 .debug_abbrev  0x00002b6e      0x26b CMakeFiles/business_card.dir/Middlewares/ST/STM32_USB_Device_Library/Core/Src/usbd_ctlreq.c.obj
 .debug_abbrev  0x00002dd9      0x192 CMakeFiles/business_card.dir/Middlewares/ST/STM32_USB_Device_Library/Core/Src/usbd_ioreq.c.obj
 .debug_abbrev  0x00002f6b      0x2d3 CMakeFiles/business_card.dir/Middlewares/ST/STM32_USB_Device_Library/Class/CDC/Src/usbd_cdc.c.obj
 .debug_abbrev  0x0000323e       0x24 CMakeFiles/business_card.dir/startup_stm32f042x6.s.obj

.debug_aranges  0x00000000      0xfa8
 .debug_aranges
                0x00000000       0x30 CMakeFiles/business_card.dir/Core/Src/main.c.obj
 .debug_aranges
                0x00000030       0x20 CMakeFiles/business_card.dir/Core/Src/gpio.c.obj
 .debug_aranges
                0x00000050       0x38 CMakeFiles/business_card.dir/Core/Src/tim.c.obj
 .debug_aranges
                0x00000088       0x48 CMakeFiles/business_card.dir/Core/Src/stm32f0xx_it.c.obj
 .debug_aranges
                0x000000d0       0x20 CMakeFiles/business_card.dir/Core/Src/stm32f0xx_hal_msp.c.obj
 .debug_aranges
                0x000000f0       0x20 CMakeFiles/business_card.dir/USB_DEVICE/App/usb_device.c.obj
 .debug_aranges
                0x00000110       0x60 CMakeFiles/business_card.dir/USB_DEVICE/App/usbd_desc.c.obj
 .debug_aranges
                0x00000170       0x40 CMakeFiles/business_card.dir/USB_DEVICE/App/usbd_cdc_if.c.obj
 .debug_aranges
                0x000001b0      0x118 CMakeFiles/business_card.dir/USB_DEVICE/Target/usbd_conf.c.obj
 .debug_aranges
                0x000002c8       0xc8 CMakeFiles/business_card.dir/Drivers/STM32F0xx_HAL_Driver/Src/stm32f0xx_ll_usb.c.obj
 .debug_aranges
                0x00000390      0x138 CMakeFiles/business_card.dir/Drivers/STM32F0xx_HAL_Driver/Src/stm32f0xx_hal_pcd.c.obj
 .debug_aranges
                0x000004c8       0x58 CMakeFiles/business_card.dir/Drivers/STM32F0xx_HAL_Driver/Src/stm32f0xx_hal_pcd_ex.c.obj
 .debug_aranges
                0x00000520       0x80 CMakeFiles/business_card.dir/Drivers/STM32F0xx_HAL_Driver/Src/stm32f0xx_hal_rcc.c.obj
 .debug_aranges
                0x000005a0       0x78 CMakeFiles/business_card.dir/Drivers/STM32F0xx_HAL_Driver/Src/stm32f0xx_hal_rcc_ex.c.obj
 .debug_aranges
                0x00000618       0xd0 CMakeFiles/business_card.dir/Drivers/STM32F0xx_HAL_Driver/Src/stm32f0xx_hal.c.obj
 .debug_aranges
                0x000006e8       0x58 CMakeFiles/business_card.dir/Drivers/STM32F0xx_HAL_Driver/Src/stm32f0xx_hal_gpio.c.obj
 .debug_aranges
                0x00000740       0xc0 CMakeFiles/business_card.dir/Drivers/STM32F0xx_HAL_Driver/Src/stm32f0xx_hal_cortex.c.obj
 .debug_aranges
                0x00000800      0x3d0 CMakeFiles/business_card.dir/Drivers/STM32F0xx_HAL_Driver/Src/stm32f0xx_hal_tim.c.obj
 .debug_aranges
                0x00000bd0      0x168 CMakeFiles/business_card.dir/Drivers/STM32F0xx_HAL_Driver/Src/stm32f0xx_hal_tim_ex.c.obj
 .debug_aranges
                0x00000d38       0x28 CMakeFiles/business_card.dir/Core/Src/system_stm32f0xx.c.obj
 .debug_aranges
                0x00000d60       0xb8 CMakeFiles/business_card.dir/Middlewares/ST/STM32_USB_Device_Library/Core/Src/usbd_core.c.obj
 .debug_aranges
                0x00000e18       0x88 CMakeFiles/business_card.dir/Middlewares/ST/STM32_USB_Device_Library/Core/Src/usbd_ctlreq.c.obj
 .debug_aranges
                0x00000ea0       0x50 CMakeFiles/business_card.dir/Middlewares/ST/STM32_USB_Device_Library/Core/Src/usbd_ioreq.c.obj
 .debug_aranges
                0x00000ef0       0x90 CMakeFiles/business_card.dir/Middlewares/ST/STM32_USB_Device_Library/Class/CDC/Src/usbd_cdc.c.obj
 .debug_aranges
                0x00000f80       0x28 CMakeFiles/business_card.dir/startup_stm32f042x6.s.obj

.debug_rnglists
                0x00000000      0xbdc
 .debug_rnglists
                0x00000000       0x21 CMakeFiles/business_card.dir/Core/Src/main.c.obj
 .debug_rnglists
                0x00000021       0x14 CMakeFiles/business_card.dir/Core/Src/gpio.c.obj
 .debug_rnglists
                0x00000035       0x27 CMakeFiles/business_card.dir/Core/Src/tim.c.obj
 .debug_rnglists
                0x0000005c       0x31 CMakeFiles/business_card.dir/Core/Src/stm32f0xx_it.c.obj
 .debug_rnglists
                0x0000008d       0x13 CMakeFiles/business_card.dir/Core/Src/stm32f0xx_hal_msp.c.obj
 .debug_rnglists
                0x000000a0       0x13 CMakeFiles/business_card.dir/USB_DEVICE/App/usb_device.c.obj
 .debug_rnglists
                0x000000b3       0x44 CMakeFiles/business_card.dir/USB_DEVICE/App/usbd_desc.c.obj
 .debug_rnglists
                0x000000f7       0x2b CMakeFiles/business_card.dir/USB_DEVICE/App/usbd_cdc_if.c.obj
 .debug_rnglists
                0x00000122       0xce CMakeFiles/business_card.dir/USB_DEVICE/Target/usbd_conf.c.obj
 .debug_rnglists
                0x000001f0       0x99 CMakeFiles/business_card.dir/Drivers/STM32F0xx_HAL_Driver/Src/stm32f0xx_ll_usb.c.obj
 .debug_rnglists
                0x00000289       0xee CMakeFiles/business_card.dir/Drivers/STM32F0xx_HAL_Driver/Src/stm32f0xx_hal_pcd.c.obj
 .debug_rnglists
                0x00000377       0x3f CMakeFiles/business_card.dir/Drivers/STM32F0xx_HAL_Driver/Src/stm32f0xx_hal_pcd_ex.c.obj
 .debug_rnglists
                0x000003b6       0x61 CMakeFiles/business_card.dir/Drivers/STM32F0xx_HAL_Driver/Src/stm32f0xx_hal_rcc.c.obj
 .debug_rnglists
                0x00000417       0x5a CMakeFiles/business_card.dir/Drivers/STM32F0xx_HAL_Driver/Src/stm32f0xx_hal_rcc_ex.c.obj
 .debug_rnglists
                0x00000471       0x97 CMakeFiles/business_card.dir/Drivers/STM32F0xx_HAL_Driver/Src/stm32f0xx_hal.c.obj
 .debug_rnglists
                0x00000508       0x3f CMakeFiles/business_card.dir/Drivers/STM32F0xx_HAL_Driver/Src/stm32f0xx_hal_gpio.c.obj
 .debug_rnglists
                0x00000547       0x8c CMakeFiles/business_card.dir/Drivers/STM32F0xx_HAL_Driver/Src/stm32f0xx_hal_cortex.c.obj
 .debug_rnglists
                0x000005d3      0x31c CMakeFiles/business_card.dir/Drivers/STM32F0xx_HAL_Driver/Src/stm32f0xx_hal_tim.c.obj
 .debug_rnglists
                0x000008ef      0x126 CMakeFiles/business_card.dir/Drivers/STM32F0xx_HAL_Driver/Src/stm32f0xx_hal_tim_ex.c.obj
 .debug_rnglists
                0x00000a15       0x1a CMakeFiles/business_card.dir/Core/Src/system_stm32f0xx.c.obj
 .debug_rnglists
                0x00000a2f       0x89 CMakeFiles/business_card.dir/Middlewares/ST/STM32_USB_Device_Library/Core/Src/usbd_core.c.obj
 .debug_rnglists
                0x00000ab8       0x68 CMakeFiles/business_card.dir/Middlewares/ST/STM32_USB_Device_Library/Core/Src/usbd_ctlreq.c.obj
 .debug_rnglists
                0x00000b20       0x37 CMakeFiles/business_card.dir/Middlewares/ST/STM32_USB_Device_Library/Core/Src/usbd_ioreq.c.obj
 .debug_rnglists
                0x00000b57       0x6b CMakeFiles/business_card.dir/Middlewares/ST/STM32_USB_Device_Library/Class/CDC/Src/usbd_cdc.c.obj
 .debug_rnglists
                0x00000bc2       0x1a CMakeFiles/business_card.dir/startup_stm32f042x6.s.obj

.debug_macro    0x00000000    0x1b39f
 .debug_macro   0x00000000      0x34e CMakeFiles/business_card.dir/Core/Src/main.c.obj
 .debug_macro   0x0000034e      0xa8a CMakeFiles/business_card.dir/Core/Src/main.c.obj
 .debug_macro   0x00000dd8      0x133 CMakeFiles/business_card.dir/Core/Src/main.c.obj
 .debug_macro   0x00000f0b       0x2e CMakeFiles/business_card.dir/Core/Src/main.c.obj
 .debug_macro   0x00000f39       0x22 CMakeFiles/business_card.dir/Core/Src/main.c.obj
 .debug_macro   0x00000f5b       0x22 CMakeFiles/business_card.dir/Core/Src/main.c.obj
 .debug_macro   0x00000f7d       0x8e CMakeFiles/business_card.dir/Core/Src/main.c.obj
 .debug_macro   0x0000100b       0x51 CMakeFiles/business_card.dir/Core/Src/main.c.obj
 .debug_macro   0x0000105c      0x103 CMakeFiles/business_card.dir/Core/Src/main.c.obj
 .debug_macro   0x0000115f       0x6a CMakeFiles/business_card.dir/Core/Src/main.c.obj
 .debug_macro   0x000011c9      0x1df CMakeFiles/business_card.dir/Core/Src/main.c.obj
 .debug_macro   0x000013a8       0x1c CMakeFiles/business_card.dir/Core/Src/main.c.obj
 .debug_macro   0x000013c4       0x22 CMakeFiles/business_card.dir/Core/Src/main.c.obj
 .debug_macro   0x000013e6       0xaf CMakeFiles/business_card.dir/Core/Src/main.c.obj
 .debug_macro   0x00001495      0x391 CMakeFiles/business_card.dir/Core/Src/main.c.obj
 .debug_macro   0x00001826     0xf209 CMakeFiles/business_card.dir/Core/Src/main.c.obj
 .debug_macro   0x00010a2f       0x66 CMakeFiles/business_card.dir/Core/Src/main.c.obj
 .debug_macro   0x00010a95     0x34da CMakeFiles/business_card.dir/Core/Src/main.c.obj
 .debug_macro   0x00013f6f      0x189 CMakeFiles/business_card.dir/Core/Src/main.c.obj
 .debug_macro   0x000140f8       0x55 CMakeFiles/business_card.dir/Core/Src/main.c.obj
 .debug_macro   0x0001414d      0x946 CMakeFiles/business_card.dir/Core/Src/main.c.obj
 .debug_macro   0x00014a93      0x46b CMakeFiles/business_card.dir/Core/Src/main.c.obj
 .debug_macro   0x00014efe      0x1ae CMakeFiles/business_card.dir/Core/Src/main.c.obj
 .debug_macro   0x000150ac      0x130 CMakeFiles/business_card.dir/Core/Src/main.c.obj
 .debug_macro   0x000151dc      0x199 CMakeFiles/business_card.dir/Core/Src/main.c.obj
 .debug_macro   0x00015375      0x1ed CMakeFiles/business_card.dir/Core/Src/main.c.obj
 .debug_macro   0x00015562       0x34 CMakeFiles/business_card.dir/Core/Src/main.c.obj
 .debug_macro   0x00015596       0x43 CMakeFiles/business_card.dir/Core/Src/main.c.obj
 .debug_macro   0x000155d9       0x28 CMakeFiles/business_card.dir/Core/Src/main.c.obj
 .debug_macro   0x00015601       0xb0 CMakeFiles/business_card.dir/Core/Src/main.c.obj
 .debug_macro   0x000156b1      0x182 CMakeFiles/business_card.dir/Core/Src/main.c.obj
 .debug_macro   0x00015833      0x22c CMakeFiles/business_card.dir/Core/Src/main.c.obj
 .debug_macro   0x00015a5f       0x61 CMakeFiles/business_card.dir/Core/Src/main.c.obj
 .debug_macro   0x00015ac0       0xa5 CMakeFiles/business_card.dir/Core/Src/main.c.obj
 .debug_macro   0x00015b65       0x73 CMakeFiles/business_card.dir/Core/Src/main.c.obj
 .debug_macro   0x00015bd8      0x22d CMakeFiles/business_card.dir/Core/Src/main.c.obj
 .debug_macro   0x00015e05       0x4c CMakeFiles/business_card.dir/Core/Src/main.c.obj
 .debug_macro   0x00015e51      0x15b CMakeFiles/business_card.dir/Core/Src/main.c.obj
 .debug_macro   0x00015fac      0x8f4 CMakeFiles/business_card.dir/Core/Src/main.c.obj
 .debug_macro   0x000168a0       0x28 CMakeFiles/business_card.dir/Core/Src/main.c.obj
 .debug_macro   0x000168c8      0x12e CMakeFiles/business_card.dir/Core/Src/main.c.obj
 .debug_macro   0x000169f6       0x40 CMakeFiles/business_card.dir/Core/Src/main.c.obj
 .debug_macro   0x00016a36       0x74 CMakeFiles/business_card.dir/Core/Src/main.c.obj
 .debug_macro   0x00016aaa       0x24 CMakeFiles/business_card.dir/Core/Src/main.c.obj
 .debug_macro   0x00016ace       0x3c CMakeFiles/business_card.dir/Core/Src/main.c.obj
 .debug_macro   0x00016b0a       0x34 CMakeFiles/business_card.dir/Core/Src/main.c.obj
 .debug_macro   0x00016b3e       0x16 CMakeFiles/business_card.dir/Core/Src/main.c.obj
 .debug_macro   0x00016b54       0x35 CMakeFiles/business_card.dir/Core/Src/main.c.obj
 .debug_macro   0x00016b89      0x369 CMakeFiles/business_card.dir/Core/Src/main.c.obj
 .debug_macro   0x00016ef2       0x10 CMakeFiles/business_card.dir/Core/Src/main.c.obj
 .debug_macro   0x00016f02       0x16 CMakeFiles/business_card.dir/Core/Src/main.c.obj
 .debug_macro   0x00016f18       0x43 CMakeFiles/business_card.dir/Core/Src/main.c.obj
 .debug_macro   0x00016f5b       0x34 CMakeFiles/business_card.dir/Core/Src/main.c.obj
 .debug_macro   0x00016f8f       0x10 CMakeFiles/business_card.dir/Core/Src/main.c.obj
 .debug_macro   0x00016f9f       0x58 CMakeFiles/business_card.dir/Core/Src/main.c.obj
 .debug_macro   0x00016ff7      0x1de CMakeFiles/business_card.dir/Core/Src/main.c.obj
 .debug_macro   0x000171d5       0x16 CMakeFiles/business_card.dir/Core/Src/main.c.obj
 .debug_macro   0x000171eb       0x16 CMakeFiles/business_card.dir/Core/Src/main.c.obj
 .debug_macro   0x00017201      0x170 CMakeFiles/business_card.dir/Core/Src/main.c.obj
 .debug_macro   0x00017371       0x16 CMakeFiles/business_card.dir/Core/Src/main.c.obj
 .debug_macro   0x00017387       0x16 CMakeFiles/business_card.dir/Core/Src/main.c.obj
 .debug_macro   0x0001739d       0x29 CMakeFiles/business_card.dir/Core/Src/main.c.obj
 .debug_macro   0x000173c6       0x16 CMakeFiles/business_card.dir/Core/Src/main.c.obj
 .debug_macro   0x000173dc       0x20 CMakeFiles/business_card.dir/Core/Src/main.c.obj
 .debug_macro   0x000173fc       0x5f CMakeFiles/business_card.dir/Core/Src/main.c.obj
 .debug_macro   0x0001745b      0x1c8 CMakeFiles/business_card.dir/Core/Src/main.c.obj
 .debug_macro   0x00017623      0x1eb CMakeFiles/business_card.dir/Core/Src/gpio.c.obj
 .debug_macro   0x0001780e      0x1eb CMakeFiles/business_card.dir/Core/Src/tim.c.obj
 .debug_macro   0x000179f9      0x1eb CMakeFiles/business_card.dir/Core/Src/stm32f0xx_it.c.obj
 .debug_macro   0x00017be4      0x1e1 CMakeFiles/business_card.dir/Core/Src/stm32f0xx_hal_msp.c.obj
 .debug_macro   0x00017dc5      0x381 CMakeFiles/business_card.dir/USB_DEVICE/App/usb_device.c.obj
 .debug_macro   0x00018146       0x46 CMakeFiles/business_card.dir/USB_DEVICE/App/usb_device.c.obj
 .debug_macro   0x0001818c       0x22 CMakeFiles/business_card.dir/USB_DEVICE/App/usb_device.c.obj
 .debug_macro   0x000181ae       0x8f CMakeFiles/business_card.dir/USB_DEVICE/App/usb_device.c.obj
 .debug_macro   0x0001823d       0x16 CMakeFiles/business_card.dir/USB_DEVICE/App/usb_device.c.obj
 .debug_macro   0x00018253      0x385 CMakeFiles/business_card.dir/USB_DEVICE/App/usbd_desc.c.obj
 .debug_macro   0x000185d8       0x6e CMakeFiles/business_card.dir/USB_DEVICE/App/usbd_desc.c.obj
 .debug_macro   0x00018646       0x94 CMakeFiles/business_card.dir/USB_DEVICE/App/usbd_desc.c.obj
 .debug_macro   0x000186da       0x57 CMakeFiles/business_card.dir/USB_DEVICE/App/usbd_desc.c.obj
 .debug_macro   0x00018731       0x9e CMakeFiles/business_card.dir/USB_DEVICE/App/usbd_desc.c.obj
 .debug_macro   0x000187cf      0x10b CMakeFiles/business_card.dir/USB_DEVICE/App/usbd_desc.c.obj
 .debug_macro   0x000188da       0x4f CMakeFiles/business_card.dir/USB_DEVICE/App/usbd_desc.c.obj
 .debug_macro   0x00018929      0x1ce CMakeFiles/business_card.dir/USB_DEVICE/App/usbd_desc.c.obj
 .debug_macro   0x00018af7       0x1c CMakeFiles/business_card.dir/USB_DEVICE/App/usbd_desc.c.obj
 .debug_macro   0x00018b13      0x36c CMakeFiles/business_card.dir/USB_DEVICE/App/usbd_cdc_if.c.obj
 .debug_macro   0x00018e7f       0x10 CMakeFiles/business_card.dir/USB_DEVICE/App/usbd_cdc_if.c.obj
 .debug_macro   0x00018e8f      0x365 CMakeFiles/business_card.dir/USB_DEVICE/Target/usbd_conf.c.obj
 .debug_macro   0x000191f4      0x1d2 CMakeFiles/business_card.dir/Drivers/STM32F0xx_HAL_Driver/Src/stm32f0xx_ll_usb.c.obj
 .debug_macro   0x000193c6      0x1de CMakeFiles/business_card.dir/Drivers/STM32F0xx_HAL_Driver/Src/stm32f0xx_hal_pcd.c.obj
 .debug_macro   0x000195a4      0x1d2 CMakeFiles/business_card.dir/Drivers/STM32F0xx_HAL_Driver/Src/stm32f0xx_hal_pcd_ex.c.obj
 .debug_macro   0x00019776      0x1e4 CMakeFiles/business_card.dir/Drivers/STM32F0xx_HAL_Driver/Src/stm32f0xx_hal_rcc.c.obj
 .debug_macro   0x0001995a      0x1e4 CMakeFiles/business_card.dir/Drivers/STM32F0xx_HAL_Driver/Src/stm32f0xx_hal_rcc_ex.c.obj
 .debug_macro   0x00019b3e      0x1f6 CMakeFiles/business_card.dir/Drivers/STM32F0xx_HAL_Driver/Src/stm32f0xx_hal.c.obj
 .debug_macro   0x00019d34      0x1d9 CMakeFiles/business_card.dir/Drivers/STM32F0xx_HAL_Driver/Src/stm32f0xx_hal_gpio.c.obj
 .debug_macro   0x00019f0d      0x1d2 CMakeFiles/business_card.dir/Drivers/STM32F0xx_HAL_Driver/Src/stm32f0xx_hal_cortex.c.obj
 .debug_macro   0x0001a0df      0x1d3 CMakeFiles/business_card.dir/Drivers/STM32F0xx_HAL_Driver/Src/stm32f0xx_hal_tim.c.obj
 .debug_macro   0x0001a2b2      0x1d2 CMakeFiles/business_card.dir/Drivers/STM32F0xx_HAL_Driver/Src/stm32f0xx_hal_tim_ex.c.obj
 .debug_macro   0x0001a484      0x1d2 CMakeFiles/business_card.dir/Core/Src/system_stm32f0xx.c.obj
 .debug_macro   0x0001a656      0x348 CMakeFiles/business_card.dir/Middlewares/ST/STM32_USB_Device_Library/Core/Src/usbd_core.c.obj
 .debug_macro   0x0001a99e      0x352 CMakeFiles/business_card.dir/Middlewares/ST/STM32_USB_Device_Library/Core/Src/usbd_ctlreq.c.obj
 .debug_macro   0x0001acf0      0x34e CMakeFiles/business_card.dir/Middlewares/ST/STM32_USB_Device_Library/Core/Src/usbd_ioreq.c.obj
 .debug_macro   0x0001b03e      0x361 CMakeFiles/business_card.dir/Middlewares/ST/STM32_USB_Device_Library/Class/CDC/Src/usbd_cdc.c.obj

.debug_line     0x00000000    0x1508d
 .debug_line    0x00000000      0xa80 CMakeFiles/business_card.dir/Core/Src/main.c.obj
 .debug_line    0x00000a80      0x79a CMakeFiles/business_card.dir/Core/Src/gpio.c.obj
 .debug_line    0x0000121a      0x848 CMakeFiles/business_card.dir/Core/Src/tim.c.obj
 .debug_line    0x00001a62      0x809 CMakeFiles/business_card.dir/Core/Src/stm32f0xx_it.c.obj
 .debug_line    0x0000226b      0x78d CMakeFiles/business_card.dir/Core/Src/stm32f0xx_hal_msp.c.obj
 .debug_line    0x000029f8      0xa79 CMakeFiles/business_card.dir/USB_DEVICE/App/usb_device.c.obj
 .debug_line    0x00003471      0xaf7 CMakeFiles/business_card.dir/USB_DEVICE/App/usbd_desc.c.obj
 .debug_line    0x00003f68      0xabf CMakeFiles/business_card.dir/USB_DEVICE/App/usbd_cdc_if.c.obj
 .debug_line    0x00004a27      0xe8c CMakeFiles/business_card.dir/USB_DEVICE/Target/usbd_conf.c.obj
 .debug_line    0x000058b3     0x1060 CMakeFiles/business_card.dir/Drivers/STM32F0xx_HAL_Driver/Src/stm32f0xx_ll_usb.c.obj
 .debug_line    0x00006913     0x13f2 CMakeFiles/business_card.dir/Drivers/STM32F0xx_HAL_Driver/Src/stm32f0xx_hal_pcd.c.obj
 .debug_line    0x00007d05      0x926 CMakeFiles/business_card.dir/Drivers/STM32F0xx_HAL_Driver/Src/stm32f0xx_hal_pcd_ex.c.obj
 .debug_line    0x0000862b      0xe94 CMakeFiles/business_card.dir/Drivers/STM32F0xx_HAL_Driver/Src/stm32f0xx_hal_rcc.c.obj
 .debug_line    0x000094bf      0xc48 CMakeFiles/business_card.dir/Drivers/STM32F0xx_HAL_Driver/Src/stm32f0xx_hal_rcc_ex.c.obj
 .debug_line    0x0000a107      0xa07 CMakeFiles/business_card.dir/Drivers/STM32F0xx_HAL_Driver/Src/stm32f0xx_hal.c.obj
 .debug_line    0x0000ab0e      0xb8d CMakeFiles/business_card.dir/Drivers/STM32F0xx_HAL_Driver/Src/stm32f0xx_hal_gpio.c.obj
 .debug_line    0x0000b69b      0xab3 CMakeFiles/business_card.dir/Drivers/STM32F0xx_HAL_Driver/Src/stm32f0xx_hal_cortex.c.obj
 .debug_line    0x0000c14e     0x3729 CMakeFiles/business_card.dir/Drivers/STM32F0xx_HAL_Driver/Src/stm32f0xx_hal_tim.c.obj
 .debug_line    0x0000f877     0x1973 CMakeFiles/business_card.dir/Drivers/STM32F0xx_HAL_Driver/Src/stm32f0xx_hal_tim_ex.c.obj
 .debug_line    0x000111ea      0x814 CMakeFiles/business_card.dir/Core/Src/system_stm32f0xx.c.obj
 .debug_line    0x000119fe      0xdd8 CMakeFiles/business_card.dir/Middlewares/ST/STM32_USB_Device_Library/Core/Src/usbd_core.c.obj
 .debug_line    0x000127d6     0x1015 CMakeFiles/business_card.dir/Middlewares/ST/STM32_USB_Device_Library/Core/Src/usbd_ctlreq.c.obj
 .debug_line    0x000137eb      0xa6e CMakeFiles/business_card.dir/Middlewares/ST/STM32_USB_Device_Library/Core/Src/usbd_ioreq.c.obj
 .debug_line    0x00014259      0xda7 CMakeFiles/business_card.dir/Middlewares/ST/STM32_USB_Device_Library/Class/CDC/Src/usbd_cdc.c.obj
 .debug_line    0x00015000       0x8d CMakeFiles/business_card.dir/startup_stm32f042x6.s.obj

.debug_str      0x00000000    0x91b2e
 .debug_str     0x00000000    0x8d2cf CMakeFiles/business_card.dir/Core/Src/main.c.obj
                              0x8d5ba (size before relaxing)
 .debug_str     0x0008d2cf       0xde CMakeFiles/business_card.dir/Core/Src/gpio.c.obj
                              0x896e1 (size before relaxing)
 .debug_str     0x0008d3ad      0x629 CMakeFiles/business_card.dir/Core/Src/tim.c.obj
                              0x89d94 (size before relaxing)
 .debug_str     0x0008d9d6      0x409 CMakeFiles/business_card.dir/Core/Src/stm32f0xx_it.c.obj
                              0x899e8 (size before relaxing)
 .debug_str     0x0008dddf       0x7b CMakeFiles/business_card.dir/Core/Src/stm32f0xx_hal_msp.c.obj
                              0x8963b (size before relaxing)
 .debug_str     0x0008de5a      0x7e5 CMakeFiles/business_card.dir/USB_DEVICE/App/usb_device.c.obj
                              0x8dad6 (size before relaxing)
 .debug_str     0x0008e63f      0x2a5 CMakeFiles/business_card.dir/USB_DEVICE/App/usbd_desc.c.obj
                              0x8d689 (size before relaxing)
 .debug_str     0x0008e8e4      0x16b CMakeFiles/business_card.dir/USB_DEVICE/App/usbd_cdc_if.c.obj
                              0x8dafc (size before relaxing)
 .debug_str     0x0008ea4f      0x67d CMakeFiles/business_card.dir/USB_DEVICE/Target/usbd_conf.c.obj
                              0x8e445 (size before relaxing)
 .debug_str     0x0008f0cc      0x2af CMakeFiles/business_card.dir/Drivers/STM32F0xx_HAL_Driver/Src/stm32f0xx_ll_usb.c.obj
                              0x899b1 (size before relaxing)
 .debug_str     0x0008f37b      0x1c0 CMakeFiles/business_card.dir/Drivers/STM32F0xx_HAL_Driver/Src/stm32f0xx_hal_pcd.c.obj
                              0x89e74 (size before relaxing)
 .debug_str     0x0008f53b      0x1b6 CMakeFiles/business_card.dir/Drivers/STM32F0xx_HAL_Driver/Src/stm32f0xx_hal_pcd_ex.c.obj
                              0x89ab0 (size before relaxing)
 .debug_str     0x0008f6f1      0x2ac CMakeFiles/business_card.dir/Drivers/STM32F0xx_HAL_Driver/Src/stm32f0xx_hal_rcc.c.obj
                              0x899f0 (size before relaxing)
 .debug_str     0x0008f99d      0x31b CMakeFiles/business_card.dir/Drivers/STM32F0xx_HAL_Driver/Src/stm32f0xx_hal_rcc_ex.c.obj
                              0x89993 (size before relaxing)
 .debug_str     0x0008fcb8      0x364 CMakeFiles/business_card.dir/Drivers/STM32F0xx_HAL_Driver/Src/stm32f0xx_hal.c.obj
                              0x89b5b (size before relaxing)
 .debug_str     0x0009001c      0x12c CMakeFiles/business_card.dir/Drivers/STM32F0xx_HAL_Driver/Src/stm32f0xx_hal_gpio.c.obj
                              0x8974a (size before relaxing)
 .debug_str     0x00090148      0x18c CMakeFiles/business_card.dir/Drivers/STM32F0xx_HAL_Driver/Src/stm32f0xx_hal_cortex.c.obj
                              0x8994c (size before relaxing)
 .debug_str     0x000902d4      0xdcb CMakeFiles/business_card.dir/Drivers/STM32F0xx_HAL_Driver/Src/stm32f0xx_hal_tim.c.obj
                              0x8a9bf (size before relaxing)
 .debug_str     0x0009109f      0x4c6 CMakeFiles/business_card.dir/Drivers/STM32F0xx_HAL_Driver/Src/stm32f0xx_hal_tim_ex.c.obj
                              0x8a1cb (size before relaxing)
 .debug_str     0x00091565       0x73 CMakeFiles/business_card.dir/Core/Src/system_stm32f0xx.c.obj
                              0x895a9 (size before relaxing)
 .debug_str     0x000915d8      0x17b CMakeFiles/business_card.dir/Middlewares/ST/STM32_USB_Device_Library/Core/Src/usbd_core.c.obj
                              0x8d906 (size before relaxing)
 .debug_str     0x00091753      0x118 CMakeFiles/business_card.dir/Middlewares/ST/STM32_USB_Device_Library/Core/Src/usbd_ctlreq.c.obj
                              0x8d820 (size before relaxing)
 .debug_str     0x0009186b       0x96 CMakeFiles/business_card.dir/Middlewares/ST/STM32_USB_Device_Library/Core/Src/usbd_ioreq.c.obj
                              0x8d74d (size before relaxing)
 .debug_str     0x00091901      0x1c5 CMakeFiles/business_card.dir/Middlewares/ST/STM32_USB_Device_Library/Class/CDC/Src/usbd_cdc.c.obj
                              0x8e002 (size before relaxing)
 .debug_str     0x00091ac6       0x68 CMakeFiles/business_card.dir/startup_stm32f042x6.s.obj
                                 0xaa (size before relaxing)

.debug_line_str
                0x00000000       0x8e
 .debug_line_str
                0x00000000       0x8e CMakeFiles/business_card.dir/startup_stm32f042x6.s.obj
