Archive member included to satisfy reference by file (symbol)

c:/users/daniel/appdata/roaming/code/user/globalstorage/bmd.stm32-for-vscode/@xpack-dev-tools/arm-none-eabi-gcc/12.3.1-1.2.1/.content/bin/../lib/gcc/arm-none-eabi/12.3.1/../../../../arm-none-eabi/lib/thumb/v6-m/nofp\libc_nano.a(libc_a-atexit.o)
                              c:/users/daniel/appdata/roaming/code/user/globalstorage/bmd.stm32-for-vscode/@xpack-dev-tools/arm-none-eabi-gcc/12.3.1-1.2.1/.content/bin/../lib/gcc/arm-none-eabi/12.3.1/../../../../arm-none-eabi/lib/thumb/v6-m/nofp/crt0.o (atexit)
c:/users/daniel/appdata/roaming/code/user/globalstorage/bmd.stm32-for-vscode/@xpack-dev-tools/arm-none-eabi-gcc/12.3.1-1.2.1/.content/bin/../lib/gcc/arm-none-eabi/12.3.1/../../../../arm-none-eabi/lib/thumb/v6-m/nofp\libc_nano.a(libc_a-exit.o)
                              c:/users/daniel/appdata/roaming/code/user/globalstorage/bmd.stm32-for-vscode/@xpack-dev-tools/arm-none-eabi-gcc/12.3.1-1.2.1/.content/bin/../lib/gcc/arm-none-eabi/12.3.1/../../../../arm-none-eabi/lib/thumb/v6-m/nofp/crt0.o (exit)
c:/users/daniel/appdata/roaming/code/user/globalstorage/bmd.stm32-for-vscode/@xpack-dev-tools/arm-none-eabi-gcc/12.3.1-1.2.1/.content/bin/../lib/gcc/arm-none-eabi/12.3.1/../../../../arm-none-eabi/lib/thumb/v6-m/nofp\libc_nano.a(libc_a-findfp.o)
                              c:/users/daniel/appdata/roaming/code/user/globalstorage/bmd.stm32-for-vscode/@xpack-dev-tools/arm-none-eabi-gcc/12.3.1-1.2.1/.content/bin/../lib/gcc/arm-none-eabi/12.3.1/../../../../arm-none-eabi/lib/thumb/v6-m/nofp\libc_nano.a(libc_a-exit.o) (__stdio_exit_handler)
c:/users/daniel/appdata/roaming/code/user/globalstorage/bmd.stm32-for-vscode/@xpack-dev-tools/arm-none-eabi-gcc/12.3.1-1.2.1/.content/bin/../lib/gcc/arm-none-eabi/12.3.1/../../../../arm-none-eabi/lib/thumb/v6-m/nofp\libc_nano.a(libc_a-fwalk.o)
                              c:/users/daniel/appdata/roaming/code/user/globalstorage/bmd.stm32-for-vscode/@xpack-dev-tools/arm-none-eabi-gcc/12.3.1-1.2.1/.content/bin/../lib/gcc/arm-none-eabi/12.3.1/../../../../arm-none-eabi/lib/thumb/v6-m/nofp\libc_nano.a(libc_a-findfp.o) (_fwalk_sglue)
c:/users/daniel/appdata/roaming/code/user/globalstorage/bmd.stm32-for-vscode/@xpack-dev-tools/arm-none-eabi-gcc/12.3.1-1.2.1/.content/bin/../lib/gcc/arm-none-eabi/12.3.1/../../../../arm-none-eabi/lib/thumb/v6-m/nofp\libc_nano.a(libc_a-stdio.o)
                              c:/users/daniel/appdata/roaming/code/user/globalstorage/bmd.stm32-for-vscode/@xpack-dev-tools/arm-none-eabi-gcc/12.3.1-1.2.1/.content/bin/../lib/gcc/arm-none-eabi/12.3.1/../../../../arm-none-eabi/lib/thumb/v6-m/nofp\libc_nano.a(libc_a-findfp.o) (__sread)
c:/users/daniel/appdata/roaming/code/user/globalstorage/bmd.stm32-for-vscode/@xpack-dev-tools/arm-none-eabi-gcc/12.3.1-1.2.1/.content/bin/../lib/gcc/arm-none-eabi/12.3.1/../../../../arm-none-eabi/lib/thumb/v6-m/nofp\libc_nano.a(libc_a-memset.o)
                              c:/users/daniel/appdata/roaming/code/user/globalstorage/bmd.stm32-for-vscode/@xpack-dev-tools/arm-none-eabi-gcc/12.3.1-1.2.1/.content/bin/../lib/gcc/arm-none-eabi/12.3.1/../../../../arm-none-eabi/lib/thumb/v6-m/nofp/crt0.o (memset)
c:/users/daniel/appdata/roaming/code/user/globalstorage/bmd.stm32-for-vscode/@xpack-dev-tools/arm-none-eabi-gcc/12.3.1-1.2.1/.content/bin/../lib/gcc/arm-none-eabi/12.3.1/../../../../arm-none-eabi/lib/thumb/v6-m/nofp\libc_nano.a(libc_a-closer.o)
                              c:/users/daniel/appdata/roaming/code/user/globalstorage/bmd.stm32-for-vscode/@xpack-dev-tools/arm-none-eabi-gcc/12.3.1-1.2.1/.content/bin/../lib/gcc/arm-none-eabi/12.3.1/../../../../arm-none-eabi/lib/thumb/v6-m/nofp\libc_nano.a(libc_a-stdio.o) (_close_r)
c:/users/daniel/appdata/roaming/code/user/globalstorage/bmd.stm32-for-vscode/@xpack-dev-tools/arm-none-eabi-gcc/12.3.1-1.2.1/.content/bin/../lib/gcc/arm-none-eabi/12.3.1/../../../../arm-none-eabi/lib/thumb/v6-m/nofp\libc_nano.a(libc_a-reent.o)
                              c:/users/daniel/appdata/roaming/code/user/globalstorage/bmd.stm32-for-vscode/@xpack-dev-tools/arm-none-eabi-gcc/12.3.1-1.2.1/.content/bin/../lib/gcc/arm-none-eabi/12.3.1/../../../../arm-none-eabi/lib/thumb/v6-m/nofp\libc_nano.a(libc_a-closer.o) (errno)
c:/users/daniel/appdata/roaming/code/user/globalstorage/bmd.stm32-for-vscode/@xpack-dev-tools/arm-none-eabi-gcc/12.3.1-1.2.1/.content/bin/../lib/gcc/arm-none-eabi/12.3.1/../../../../arm-none-eabi/lib/thumb/v6-m/nofp\libc_nano.a(libc_a-impure.o)
                              c:/users/daniel/appdata/roaming/code/user/globalstorage/bmd.stm32-for-vscode/@xpack-dev-tools/arm-none-eabi-gcc/12.3.1-1.2.1/.content/bin/../lib/gcc/arm-none-eabi/12.3.1/../../../../arm-none-eabi/lib/thumb/v6-m/nofp\libc_nano.a(libc_a-reent.o) (_impure_ptr)
[...]
Memory Configuration

Name             Origin             Length             Attributes
RAM              0x20000000         0x00001800         xrw
FLASH            0x08000000         0x00008000         xr
*default*        0x00000000         0xffffffff

Linker script and memory map

LOAD c:/users/daniel/appdata/roaming/code/user/globalstorage/bmd.stm32-for-vscode/@xpack-dev-tools/arm-none-eabi-gcc/12.3.1-1.2.1/.content/bin/../lib/gcc/arm-none-eabi/12.3.1/thumb/v6-m/nofp/crti.o
LOAD c:/users/daniel/appdata/roaming/code/user/globalstorage/bmd.stm32-for-vscode/@xpack-dev-tools/arm-none-eabi-gcc/12.3.1-1.2.1/.content/bin/../lib/gcc/arm-none-eabi/12.3.1/thumb/v6-m/nofp/crtbegin.o
LOAD c:/users/daniel/appdata/roaming/code/user/globalstorage/bmd.stm32-for-vscode/@xpack-dev-tools/arm-none-eabi-gcc/12.3.1-1.2.1/.content/bin/../lib/gcc/arm-none-eabi/12.3.1/../../../../arm-none-eabi/lib/thumb/v6-m/nofp/crt0.o
LOAD build/notes.o
LOAD build/main.o
LOAD build/stm32f0xx_hal_msp.o
LOAD build/stm32f0xx_it.o
LOAD build/system_stm32f0xx.o
LOAD build/stm32f0xx_hal.o
LOAD build/stm32f0xx_hal_cortex.o
LOAD build/stm32f0xx_hal_dma.o
LOAD build/stm32f0xx_hal_exti.o
LOAD build/stm32f0xx_hal_flash.o
LOAD build/stm32f0xx_hal_flash_ex.o
LOAD build/stm32f0xx_hal_gpio.o
LOAD build/stm32f0xx_hal_i2c.o
LOAD build/stm32f0xx_hal_i2c_ex.o
LOAD build/stm32f0xx_hal_pcd.o
LOAD build/stm32f0xx_hal_pcd_ex.o
LOAD build/stm32f0xx_hal_pwr.o
LOAD build/stm32f0xx_hal_pwr_ex.o
LOAD build/stm32f0xx_hal_rcc.o
LOAD build/stm32f0xx_hal_rcc_ex.o
LOAD build/stm32f0xx_hal_tim.o
LOAD build/stm32f0xx_hal_tim_ex.o
LOAD build/stm32f0xx_ll_usb.o
LOAD build/usbd_cdc.o
LOAD build/usbd_core.o
LOAD build/usbd_ctlreq.o
LOAD build/usbd_ioreq.o
LOAD build/usb_device.o
LOAD build/usbd_cdc_if.o
LOAD build/usbd_desc.o
LOAD build/usbd_conf.o
LOAD build/startup_stm32f042x6.o
LOAD c:/users/daniel/appdata/roaming/code/user/globalstorage/bmd.stm32-for-vscode/@xpack-dev-tools/arm-none-eabi-gcc/12.3.1-1.2.1/.content/bin/../lib/gcc/arm-none-eabi/12.3.1/../../../../arm-none-eabi/lib/thumb/v6-m/nofp\libc_nano.a
LOAD c:/users/daniel/appdata/roaming/code/user/globalstorage/bmd.stm32-for-vscode/@xpack-dev-tools/arm-none-eabi-gcc/12.3.1-1.2.1/.content/bin/../lib/gcc/arm-none-eabi/12.3.1/../../../../arm-none-eabi/lib/thumb/v6-m/nofp\libm.a
LOAD c:/users/daniel/appdata/roaming/code/user/globalstorage/bmd.stm32-for-vscode/@xpack-dev-tools/arm-none-eabi-gcc/12.3.1-1.2.1/.content/bin/../lib/gcc/arm-none-eabi/12.3.1/../../../../arm-none-eabi/lib/thumb/v6-m/nofp\libnosys.a
START GROUP
LOAD c:/users/daniel/appdata/roaming/code/user/globalstorage/bmd.stm32-for-vscode/@xpack-dev-tools/arm-none-eabi-gcc/12.3.1-1.2.1/.content/bin/../lib/gcc/arm-none-eabi/12.3.1/thumb/v6-m/nofp\libgcc.a
LOAD c:/users/daniel/appdata/roaming/code/user/globalstorage/bmd.stm32-for-vscode/@xpack-dev-tools/arm-none-eabi-gcc/12.3.1-1.2.1/.content/bin/../lib/gcc/arm-none-eabi/12.3.1/../../../../arm-none-eabi/lib/thumb/v6-m/nofp\libc_nano.a
END GROUP
START GROUP
LOAD c:/users/daniel/appdata/roaming/code/user/globalstorage/bmd.stm32-for-vscode/@xpack-dev-tools/arm-none-eabi-gcc/12.3.1-1.2.1/.content/bin/../lib/gcc/arm-none-eabi/12.3.1/thumb/v6-m/nofp\libgcc.a
LOAD c:/users/daniel/appdata/roaming/code/user/globalstorage/bmd.stm32-for-vscode/@xpack-dev-tools/arm-none-eabi-gcc/12.3.1-1.2.1/.content/bin/../lib/gcc/arm-none-eabi/12.3.1/../../../../arm-none-eabi/lib/thumb/v6-m/nofp\libc_nano.a
END GROUP
LOAD c:/users/daniel/appdata/roaming/code/user/globalstorage/bmd.stm32-for-vscode/@xpack-dev-tools/arm-none-eabi-gcc/12.3.1-1.2.1/.content/bin/../lib/gcc/arm-none-eabi/12.3.1/thumb/v6-m/nofp/crtend.o
LOAD c:/users/daniel/appdata/roaming/code/user/globalstorage/bmd.stm32-for-vscode/@xpack-dev-tools/arm-none-eabi-gcc/12.3.1-1.2.1/.content/bin/../lib/gcc/arm-none-eabi/12.3.1/thumb/v6-m/nofp/crtn.o
                0x20001800                        _estack = (ORIGIN (RAM) + LENGTH (RAM))
                0x00000200                        _Min_Heap_Size = 0x200
                0x00000400                        _Min_Stack_Size = 0x400

.isr_vector     0x08000000       0xc0
                0x08000000                        . = ALIGN (0x4)
 *(.isr_vector)
 .isr_vector    0x08000000       0xc0 build/startup_stm32f042x6.o
                0x08000000                g_pfnVectors
                0x080000c0                        . = ALIGN (0x4)

.text           0x080000c0     0x49a4
                0x080000c0                        . = ALIGN (0x4)
 *(.text)
 .text          0x080000c0      0x114 c:/users/daniel/appdata/roaming/code/user/globalstorage/bmd.stm32-for-vscode/@xpack-dev-tools/arm-none-eabi-gcc/12.3.1-1.2.1/.content/bin/../lib/gcc/arm-none-eabi/12.3.1/thumb/v6-m/nofp\libgcc.a(_udivsi3.o)
                0x080000c0                __aeabi_uidiv
                0x080000c0                __udivsi3
                0x080001cc                __aeabi_uidivmod
 .text          0x080001d4        0x4 c:/users/daniel/appdata/roaming/code/user/globalstorage/bmd.stm32-for-vscode/@xpack-dev-tools/arm-none-eabi-gcc/12.3.1-1.2.1/.content/bin/../lib/gcc/arm-none-eabi/12.3.1/thumb/v6-m/nofp\libgcc.a(_dvmd_tls.o)
                0x080001d4                __aeabi_idiv0
                0x080001d4                __aeabi_ldiv0
 *(.text*)
 .text.__do_global_dtors_aux
                0x080001d8       0x28 c:/users/daniel/appdata/roaming/code/user/globalstorage/bmd.stm32-for-vscode/@xpack-dev-tools/arm-none-eabi-gcc/12.3.1-1.2.1/.content/bin/../lib/gcc/arm-none-eabi/12.3.1/thumb/v6-m/nofp/crtbegin.o
 .text.frame_dummy
                0x08000200       0x20 c:/users/daniel/appdata/roaming/code/user/globalstorage/bmd.stm32-for-vscode/@xpack-dev-tools/arm-none-eabi-gcc/12.3.1-1.2.1/.content/bin/../lib/gcc/arm-none-eabi/12.3.1/thumb/v6-m/nofp/crtbegin.o
 .text.setupNotes
                0x08000220       0x28 build/notes.o
                0x08000220                setupNotes
 .text.setBeat  0x08000248        0xc build/notes.o
                0x08000248                setBeat
 .text.playNote
                0x08000254       0x58 build/notes.o
                0x08000254                playNote
 .text.chngTop  0x080002ac       0x10 build/main.o
                0x080002ac                chngTop
 .text.chngComp
                0x080002bc       0x10 build/main.o
                0x080002bc                chngComp
 .text.outOn    0x080002cc       0x24 build/main.o
                0x080002cc                outOn
 .text.outOff   0x080002f0       0x14 build/main.o
                0x080002f0                outOff
 .text.MX_GPIO_Init
                0x08000304       0x60 build/main.o
 .text.blinkyLed
                0x08000364       0x48 build/main.o
                0x08000364                blinkyLed
 .text.Error_Handler
                0x080003ac        0x4 build/main.o
                0x080003ac                Error_Handler
 .text.MX_TIM3_Init
                0x080003b0       0xc8 build/main.o
 .text.SystemClock_Config
                0x08000478       0x72 build/main.o
                0x08000478                SystemClock_Config
 *fill*         0x080004ea        0x2 
 .text.main     0x080004ec       0x78 build/main.o
                0x080004ec                main
 .text.HAL_MspInit
                0x08000564       0x3c build/stm32f0xx_hal_msp.o
                0x08000564                HAL_MspInit
 .text.HAL_TIM_Base_MspInit
                0x080005a0       0x2c build/stm32f0xx_hal_msp.o
                0x080005a0                HAL_TIM_Base_MspInit
 .text.HAL_TIM_MspPostInit
                0x080005cc       0x50 build/stm32f0xx_hal_msp.o
                0x080005cc                HAL_TIM_MspPostInit
 .text.NMI_Handler
                0x0800061c        0x2 build/stm32f0xx_it.o
                0x0800061c                NMI_Handler
 .text.HardFault_Handler
                0x0800061e        0x2 build/stm32f0xx_it.o
                0x0800061e                HardFault_Handler
 .text.SVC_Handler
                0x08000620        0x2 build/stm32f0xx_it.o
                0x08000620                SVC_Handler
 .text.PendSV_Handler
                0x08000622        0x2 build/stm32f0xx_it.o
                0x08000622                PendSV_Handler
 .text.SysTick_Handler
                0x08000624        0x8 build/stm32f0xx_it.o
                0x08000624                SysTick_Handler
 .text.USB_IRQHandler
                0x0800062c       0x10 build/stm32f0xx_it.o
                0x0800062c                USB_IRQHandler
 .text.SystemInit
                0x0800063c        0x2 build/system_stm32f0xx.o
                0x0800063c                SystemInit
 *fill*         0x0800063e        0x2 
 .text.HAL_InitTick
                0x08000640       0x50 build/stm32f0xx_hal.o
                0x08000640                HAL_InitTick
 .text.HAL_Init
                0x08000690       0x20 build/stm32f0xx_hal.o
                0x08000690                HAL_Init
 .text.HAL_IncTick
                0x080006b0       0x18 build/stm32f0xx_hal.o
                0x080006b0                HAL_IncTick
 .text.HAL_GetTick
                0x080006c8        0xc build/stm32f0xx_hal.o
                0x080006c8                HAL_GetTick
 .text.HAL_Delay
                0x080006d4       0x24 build/stm32f0xx_hal.o
                0x080006d4                HAL_Delay
 .text.__NVIC_SetPriority
                0x080006f8       0x60 build/stm32f0xx_hal_cortex.o
 .text.SysTick_Config
                0x08000758       0x38 build/stm32f0xx_hal_cortex.o
 .text.HAL_NVIC_SetPriority
                0x08000790        0x8 build/stm32f0xx_hal_cortex.o
                0x08000790                HAL_NVIC_SetPriority
 .text.HAL_NVIC_EnableIRQ
                0x08000798       0x18 build/stm32f0xx_hal_cortex.o
                0x08000798                HAL_NVIC_EnableIRQ
 .text.HAL_SYSTICK_Config
                0x080007b0        0x8 build/stm32f0xx_hal_cortex.o
                0x080007b0                HAL_SYSTICK_Config
 .text.HAL_GPIO_Init
                0x080007b8      0x17c build/stm32f0xx_hal_gpio.o
                0x080007b8                HAL_GPIO_Init
 .text.HAL_GPIO_WritePin
                0x08000934        0xc build/stm32f0xx_hal_gpio.o
                0x08000934                HAL_GPIO_WritePin
 .text.HAL_GPIO_TogglePin
                0x08000940       0x10 build/stm32f0xx_hal_gpio.o
                0x08000940                HAL_GPIO_TogglePin
 .text.HAL_PCD_EP_DB_Receive
                0x08000950      0x110 build/stm32f0xx_hal_pcd.o
 .text.HAL_PCD_Init
                0x08000a60       0xe0 build/stm32f0xx_hal_pcd.o
                0x08000a60                HAL_PCD_Init
 .text.HAL_PCD_Start
                0x08000b40       0x2e build/stm32f0xx_hal_pcd.o
                0x08000b40                HAL_PCD_Start
 *fill*         0x08000b6e        0x2 
 .text.HAL_PCD_EP_DB_Transmit
                0x08000b70      0x3d8 build/stm32f0xx_hal_pcd.o
 .text.PCD_EP_ISR_Handler
                0x08000f48      0x54c build/stm32f0xx_hal_pcd.o
 .text.HAL_PCD_SetAddress
                0x08001494       0x2c build/stm32f0xx_hal_pcd.o
                0x08001494                HAL_PCD_SetAddress
 .text.HAL_PCD_IRQHandler
                0x080014c0      0x180 build/stm32f0xx_hal_pcd.o
                0x080014c0                HAL_PCD_IRQHandler
 .text.HAL_PCD_EP_Open
                0x08001640       0x76 build/stm32f0xx_hal_pcd.o
                0x08001640                HAL_PCD_EP_Open
 .text.HAL_PCD_EP_Close
                0x080016b6       0x68 build/stm32f0xx_hal_pcd.o
                0x080016b6                HAL_PCD_EP_Close
 .text.HAL_PCD_EP_Receive
                0x0800171e       0x4a build/stm32f0xx_hal_pcd.o
                0x0800171e                HAL_PCD_EP_Receive
 .text.HAL_PCD_EP_GetRxCount
                0x08001768       0x14 build/stm32f0xx_hal_pcd.o
                0x08001768                HAL_PCD_EP_GetRxCount
 .text.HAL_PCD_EP_Transmit
                0x0800177c       0x4e build/stm32f0xx_hal_pcd.o
                0x0800177c                HAL_PCD_EP_Transmit
 .text.HAL_PCD_EP_SetStall
                0x080017ca       0x6e build/stm32f0xx_hal_pcd.o
                0x080017ca                HAL_PCD_EP_SetStall
 .text.HAL_PCD_EP_ClrStall
                0x08001838       0x7a build/stm32f0xx_hal_pcd.o
                0x08001838                HAL_PCD_EP_ClrStall
 .text.HAL_PCDEx_PMAConfig
                0x080018b2       0x3a build/stm32f0xx_hal_pcd_ex.o
                0x080018b2                HAL_PCDEx_PMAConfig
 .text.HAL_PCDEx_ActivateLPM
                0x080018ec       0x2a build/stm32f0xx_hal_pcd_ex.o
                0x080018ec                HAL_PCDEx_ActivateLPM
 .text.HAL_PCDEx_LPM_Callback
                0x08001916        0x2 build/stm32f0xx_hal_pcd_ex.o
                0x08001916                HAL_PCDEx_LPM_Callback
 .text.HAL_RCC_OscConfig
                0x08001918      0x544 build/stm32f0xx_hal_rcc.o
                0x08001918                HAL_RCC_OscConfig
 .text.HAL_RCC_GetSysClockFreq
                0x08001e5c       0x78 build/stm32f0xx_hal_rcc.o
                0x08001e5c                HAL_RCC_GetSysClockFreq
 .text.HAL_RCC_ClockConfig
                0x08001ed4      0x144 build/stm32f0xx_hal_rcc.o
                0x08001ed4                HAL_RCC_ClockConfig
 .text.HAL_RCCEx_PeriphCLKConfig
                0x08002018      0x148 build/stm32f0xx_hal_rcc_ex.o
                0x08002018                HAL_RCCEx_PeriphCLKConfig
 .text.TIM_OC1_SetConfig
                0x08002160       0x7c build/stm32f0xx_hal_tim.o
 .text.TIM_OC3_SetConfig
                0x080021dc       0x80 build/stm32f0xx_hal_tim.o
 .text.TIM_OC4_SetConfig
                0x0800225c       0x68 build/stm32f0xx_hal_tim.o
 .text.TIM_TI1_ConfigInputStage
                0x080022c4       0x22 build/stm32f0xx_hal_tim.o
 *fill*         0x080022e6        0x2 
 .text.TIM_TI2_ConfigInputStage
                0x080022e8       0x28 build/stm32f0xx_hal_tim.o
 .text.TIM_ITRx_SetConfig
                0x08002310       0x10 build/stm32f0xx_hal_tim.o
 .text.HAL_TIM_PWM_MspInit
                0x08002320        0x2 build/stm32f0xx_hal_tim.o
                0x08002320                HAL_TIM_PWM_MspInit
 *fill*         0x08002322        0x2 
 .text.TIM_Base_SetConfig
                0x08002324       0x94 build/stm32f0xx_hal_tim.o
                0x08002324                TIM_Base_SetConfig
 .text.HAL_TIM_Base_Init
                0x080023b8       0x58 build/stm32f0xx_hal_tim.o
                0x080023b8                HAL_TIM_Base_Init
 .text.HAL_TIM_PWM_Init
                0x08002410       0x58 build/stm32f0xx_hal_tim.o
                0x08002410                HAL_TIM_PWM_Init
 .text.TIM_OC2_SetConfig
                0x08002468       0x78 build/stm32f0xx_hal_tim.o
                0x08002468                TIM_OC2_SetConfig
 .text.HAL_TIM_PWM_ConfigChannel
                0x080024e0       0xf0 build/stm32f0xx_hal_tim.o
                0x080024e0                HAL_TIM_PWM_ConfigChannel
 .text.TIM_ETR_SetConfig
                0x080025d0       0x18 build/stm32f0xx_hal_tim.o
                0x080025d0                TIM_ETR_SetConfig
 .text.HAL_TIM_ConfigClockSource
                0x080025e8      0x108 build/stm32f0xx_hal_tim.o
                0x080025e8                HAL_TIM_ConfigClockSource
 .text.TIM_CCxChannelCmd
                0x080026f0       0x1a build/stm32f0xx_hal_tim.o
                0x080026f0                TIM_CCxChannelCmd
 *fill*         0x0800270a        0x2 
 .text.HAL_TIM_PWM_Start
                0x0800270c       0xec build/stm32f0xx_hal_tim.o
                0x0800270c                HAL_TIM_PWM_Start
 .text.HAL_TIM_PWM_Stop
                0x080027f8       0x9c build/stm32f0xx_hal_tim.o
                0x080027f8                HAL_TIM_PWM_Stop
 .text.HAL_TIMEx_MasterConfigSynchronization
                0x08002894       0x64 build/stm32f0xx_hal_tim_ex.o
                0x08002894                HAL_TIMEx_MasterConfigSynchronization
 .text.USB_EnableGlobalInt
                0x080028f8       0x14 build/stm32f0xx_ll_usb.o
                0x080028f8                USB_EnableGlobalInt
 .text.USB_DisableGlobalInt
                0x0800290c       0x14 build/stm32f0xx_ll_usb.o
                0x0800290c                USB_DisableGlobalInt
 .text.USB_DevInit
                0x08002920       0x20 build/stm32f0xx_ll_usb.o
                0x08002920                USB_DevInit
 .text.USB_ActivateEndpoint
                0x08002940      0x324 build/stm32f0xx_ll_usb.o
                0x08002940                USB_ActivateEndpoint
 .text.USB_DeactivateEndpoint
                0x08002c64      0x170 build/stm32f0xx_ll_usb.o
                0x08002c64                USB_DeactivateEndpoint
 .text.USB_EPSetStall
                0x08002dd4       0x4c build/stm32f0xx_ll_usb.o
                0x08002dd4                USB_EPSetStall
 .text.USB_EPClearStall
                0x08002e20       0x9c build/stm32f0xx_ll_usb.o
                0x08002e20                USB_EPClearStall
 .text.USB_SetDevAddress
                0x08002ebc        0xe build/stm32f0xx_ll_usb.o
                0x08002ebc                USB_SetDevAddress
 *fill*         0x08002eca        0x2 
 .text.USB_DevConnect
                0x08002ecc       0x14 build/stm32f0xx_ll_usb.o
                0x08002ecc                USB_DevConnect
 .text.USB_ReadInterrupts
                0x08002ee0        0x8 build/stm32f0xx_ll_usb.o
                0x08002ee0                USB_ReadInterrupts
 .text.USB_WritePMA
                0x08002ee8       0x28 build/stm32f0xx_ll_usb.o
                0x08002ee8                USB_WritePMA
 .text.USB_EPStartXfer
                0x08002f10      0x72c build/stm32f0xx_ll_usb.o
                0x08002f10                USB_EPStartXfer
 .text.USB_ReadPMA
                0x0800363c       0x2c build/stm32f0xx_ll_usb.o
                0x0800363c                USB_ReadPMA
 .text.USBD_CDC_EP0_RxReady
                0x08003668       0x34 build/usbd_cdc.o
 .text.USBD_CDC_GetFSCfgDesc
                0x0800369c        0xc build/usbd_cdc.o
 .text.USBD_CDC_GetHSCfgDesc
                0x080036a8        0xc build/usbd_cdc.o
 .text.USBD_CDC_GetOtherSpeedCfgDesc
                0x080036b4        0xc build/usbd_cdc.o
 .text.USBD_CDC_GetDeviceQualifierDescriptor
                0x080036c0        0xc build/usbd_cdc.o
                0x080036c0                USBD_CDC_GetDeviceQualifierDescriptor
 .text.USBD_CDC_DataOut
                0x080036cc       0x36 build/usbd_cdc.o
 .text.USBD_CDC_DataIn
                0x08003702       0x5c build/usbd_cdc.o
 *fill*         0x0800375e        0x2 
 .text.USBD_CDC_Setup
                0x08003760       0xf0 build/usbd_cdc.o
 .text.USBD_CDC_DeInit
                0x08003850       0x4c build/usbd_cdc.o
 .text.USBD_CDC_Init
                0x0800389c       0xbc build/usbd_cdc.o
 .text.USBD_CDC_RegisterInterface
                0x08003958       0x12 build/usbd_cdc.o
                0x08003958                USBD_CDC_RegisterInterface
 .text.USBD_CDC_SetTxBuffer
                0x0800396a       0x16 build/usbd_cdc.o
                0x0800396a                USBD_CDC_SetTxBuffer
 .text.USBD_CDC_SetRxBuffer
                0x08003980        0xe build/usbd_cdc.o
                0x08003980                USBD_CDC_SetRxBuffer
 .text.USBD_CDC_TransmitPacket
                0x0800398e       0x3e build/usbd_cdc.o
                0x0800398e                USBD_CDC_TransmitPacket
 .text.USBD_CDC_ReceivePacket
                0x080039cc       0x3c build/usbd_cdc.o
                0x080039cc                USBD_CDC_ReceivePacket
 .text.USBD_Init
                0x08003a08       0x38 build/usbd_core.o
                0x08003a08                USBD_Init
 .text.USBD_RegisterClass
                0x08003a40       0x12 build/usbd_core.o
                0x08003a40                USBD_RegisterClass
 .text.USBD_Start
                0x08003a52        0xa build/usbd_core.o
                0x08003a52                USBD_Start
 .text.USBD_SetClassConfig
                0x08003a5c       0x1e build/usbd_core.o
                0x08003a5c                USBD_SetClassConfig
 .text.USBD_ClrClassConfig
                0x08003a7a       0x10 build/usbd_core.o
                0x08003a7a                USBD_ClrClassConfig
 *fill*         0x08003a8a        0x2 
 .text.USBD_LL_SetupStage
                0x08003a8c       0x64 build/usbd_core.o
                0x08003a8c                USBD_LL_SetupStage
 .text.USBD_LL_DataOutStage
                0x08003af0       0xa4 build/usbd_core.o
                0x08003af0                USBD_LL_DataOutStage
 .text.USBD_LL_DataInStage
                0x08003b94       0xea build/usbd_core.o
                0x08003b94                USBD_LL_DataInStage
 .text.USBD_LL_Reset
                0x08003c7e       0x5e build/usbd_core.o
                0x08003c7e                USBD_LL_Reset
 .text.USBD_LL_SetSpeed
                0x08003cdc        0x6 build/usbd_core.o
                0x08003cdc                USBD_LL_SetSpeed
 *fill*         0x08003ce2        0x2 
 .text.USBD_LL_Suspend
                0x08003ce4       0x18 build/usbd_core.o
                0x08003ce4                USBD_LL_Suspend
 .text.USBD_LL_Resume
                0x08003cfc       0x1c build/usbd_core.o
                0x08003cfc                USBD_LL_Resume
 .text.USBD_LL_SOF
                0x08003d18       0x20 build/usbd_core.o
                0x08003d18                USBD_LL_SOF
 .text.USBD_GetLen
                0x08003d38       0x14 build/usbd_ctlreq.o
 .text.USBD_SetFeature
                0x08003d4c       0x18 build/usbd_ctlreq.o
 .text.USBD_ParseSetupRequest
                0x08003d64       0x28 build/usbd_ctlreq.o
                0x08003d64                USBD_ParseSetupRequest
 .text.USBD_CtlError
                0x08003d8c       0x14 build/usbd_ctlreq.o
                0x08003d8c                USBD_CtlError
 .text.USBD_GetDescriptor
                0x08003da0      0x1b8 build/usbd_ctlreq.o
 .text.USBD_SetAddress
                0x08003f58       0x60 build/usbd_ctlreq.o
 .text.USBD_SetConfig
                0x08003fb8       0xb8 build/usbd_ctlreq.o
 .text.USBD_GetConfig
                0x08004070       0x40 build/usbd_ctlreq.o
 .text.USBD_GetStatus
                0x080040b0       0x3e build/usbd_ctlreq.o
 .text.USBD_ClrFeature
                0x080040ee       0x2a build/usbd_ctlreq.o
 .text.USBD_StdDevReq
                0x08004118       0x6c build/usbd_ctlreq.o
                0x08004118                USBD_StdDevReq
 .text.USBD_StdItfReq
                0x08004184       0x66 build/usbd_ctlreq.o
                0x08004184                USBD_StdItfReq
 .text.USBD_StdEPReq
                0x080041ea      0x210 build/usbd_ctlreq.o
                0x080041ea                USBD_StdEPReq
 .text.USBD_GetString
                0x080043fa       0x3c build/usbd_ctlreq.o
                0x080043fa                USBD_GetString
 .text.USBD_CtlSendData
                0x08004436       0x1c build/usbd_ioreq.o
                0x08004436                USBD_CtlSendData
 .text.USBD_CtlContinueSendData
                0x08004452       0x10 build/usbd_ioreq.o
                0x08004452                USBD_CtlContinueSendData
 .text.USBD_CtlPrepareRx
                0x08004462       0x22 build/usbd_ioreq.o
                0x08004462                USBD_CtlPrepareRx
 .text.USBD_CtlContinueRx
                0x08004484       0x10 build/usbd_ioreq.o
                0x08004484                USBD_CtlContinueRx
 .text.USBD_CtlSendStatus
                0x08004494       0x18 build/usbd_ioreq.o
                0x08004494                USBD_CtlSendStatus
 .text.USBD_CtlReceiveStatus
                0x080044ac       0x18 build/usbd_ioreq.o
                0x080044ac                USBD_CtlReceiveStatus
 .text.MX_USB_DEVICE_Init
                0x080044c4       0x5c build/usb_device.o
                0x080044c4                MX_USB_DEVICE_Init
 .text.CDC_DeInit_FS
                0x08004520        0x4 build/usbd_cdc_if.o
 .text.CDC_Control_FS
                0x08004524        0x4 build/usbd_cdc_if.o
 .text.CDC_Init_FS
                0x08004528       0x28 build/usbd_cdc_if.o
 .text.CDC_Transmit_FS
                0x08004550       0x30 build/usbd_cdc_if.o
                0x08004550                CDC_Transmit_FS
 .text.CDC_Receive_FS
                0x08004580       0x28 build/usbd_cdc_if.o
 .text.USBD_FS_DeviceDescriptor
                0x080045a8        0xc build/usbd_desc.o
                0x080045a8                USBD_FS_DeviceDescriptor
 .text.USBD_FS_LangIDStrDescriptor
                0x080045b4        0xc build/usbd_desc.o
                0x080045b4                USBD_FS_LangIDStrDescriptor
 .text.IntToUnicode
                0x080045c0       0x30 build/usbd_desc.o
 .text.Get_SerialNum
                0x080045f0       0x40 build/usbd_desc.o
 .text.USBD_FS_SerialStrDescriptor
                0x08004630       0x14 build/usbd_desc.o
                0x08004630                USBD_FS_SerialStrDescriptor
 .text.USBD_FS_ProductStrDescriptor
                0x08004644       0x28 build/usbd_desc.o
                0x08004644                USBD_FS_ProductStrDescriptor
 .text.USBD_FS_ManufacturerStrDescriptor
                0x0800466c       0x1c build/usbd_desc.o
                0x0800466c                USBD_FS_ManufacturerStrDescriptor
 .text.USBD_FS_ConfigStrDescriptor
                0x08004688       0x28 build/usbd_desc.o
                0x08004688                USBD_FS_ConfigStrDescriptor
 .text.USBD_FS_InterfaceStrDescriptor
                0x080046b0       0x28 build/usbd_desc.o
                0x080046b0                USBD_FS_InterfaceStrDescriptor
 .text.USBD_Get_USB_Status
                0x080046d8       0x16 build/usbd_conf.o
 .text.SystemClockConfig_Resume
                0x080046ee        0x8 build/usbd_conf.o
 *fill*         0x080046f6        0x2 
 .text.HAL_PCD_MspInit
                0x080046f8       0x40 build/usbd_conf.o
                0x080046f8                HAL_PCD_MspInit
 .text.HAL_PCD_SetupStageCallback
                0x08004738       0x16 build/usbd_conf.o
                0x08004738                HAL_PCD_SetupStageCallback
 .text.HAL_PCD_DataOutStageCallback
                0x0800474e       0x1e build/usbd_conf.o
                0x0800474e                HAL_PCD_DataOutStageCallback
 .text.HAL_PCD_DataInStageCallback
                0x0800476c       0x1a build/usbd_conf.o
                0x0800476c                HAL_PCD_DataInStageCallback
 .text.HAL_PCD_SOFCallback
                0x08004786        0xe build/usbd_conf.o
                0x08004786                HAL_PCD_SOFCallback
 .text.HAL_PCD_ResetCallback
                0x08004794       0x24 build/usbd_conf.o
                0x08004794                HAL_PCD_ResetCallback
 .text.HAL_PCD_SuspendCallback
                0x080047b8       0x24 build/usbd_conf.o
                0x080047b8                HAL_PCD_SuspendCallback
 .text.HAL_PCD_ResumeCallback
                0x080047dc       0x2c build/usbd_conf.o
                0x080047dc                HAL_PCD_ResumeCallback
 .text.USBD_LL_Init
                0x08004808       0x84 build/usbd_conf.o
                0x08004808                USBD_LL_Init
 .text.USBD_LL_Start
                0x0800488c       0x12 build/usbd_conf.o
                0x0800488c                USBD_LL_Start
 .text.USBD_LL_OpenEP
                0x0800489e       0x18 build/usbd_conf.o
                0x0800489e                USBD_LL_OpenEP
 .text.USBD_LL_CloseEP
                0x080048b6       0x12 build/usbd_conf.o
                0x080048b6                USBD_LL_CloseEP
 .text.USBD_LL_StallEP
                0x080048c8       0x12 build/usbd_conf.o
                0x080048c8                USBD_LL_StallEP
 .text.USBD_LL_ClearStallEP
                0x080048da       0x12 build/usbd_conf.o
                0x080048da                USBD_LL_ClearStallEP
 .text.USBD_LL_IsStallEP
                0x080048ec       0x32 build/usbd_conf.o
                0x080048ec                USBD_LL_IsStallEP
 .text.USBD_LL_SetUSBAddress
                0x0800491e       0x12 build/usbd_conf.o
                0x0800491e                USBD_LL_SetUSBAddress
 .text.USBD_LL_Transmit
                0x08004930       0x12 build/usbd_conf.o
                0x08004930                USBD_LL_Transmit
 .text.USBD_LL_PrepareReceive
                0x08004942       0x12 build/usbd_conf.o
                0x08004942                USBD_LL_PrepareReceive
 .text.USBD_LL_GetRxDataSize
                0x08004954        0xe build/usbd_conf.o
                0x08004954                USBD_LL_GetRxDataSize
 *fill*         0x08004962        0x2 
 .text.USBD_static_malloc
                0x08004964        0x8 build/usbd_conf.o
                0x08004964                USBD_static_malloc
 .text.USBD_static_free
                0x0800496c        0x2 build/usbd_conf.o
                0x0800496c                USBD_static_free
 *fill*         0x0800496e        0x2 
 .text.Reset_Handler
                0x08004970       0x80 build/startup_stm32f042x6.o
                0x08004970                Reset_Handler
 .text.Default_Handler
                0x080049f0        0x2 build/startup_stm32f042x6.o
                0x080049f0                TIM1_CC_IRQHandler
                0x080049f0                TSC_IRQHandler
                0x080049f0                I2C1_IRQHandler
                0x080049f0                RCC_CRS_IRQHandler
                0x080049f0                SPI1_IRQHandler
                0x080049f0                EXTI2_3_IRQHandler
                0x080049f0                ADC1_IRQHandler
                0x080049f0                TIM17_IRQHandler
                0x080049f0                CEC_CAN_IRQHandler
                0x080049f0                RTC_IRQHandler
                0x080049f0                PVD_VDDIO2_IRQHandler
                0x080049f0                TIM16_IRQHandler
                0x080049f0                TIM3_IRQHandler
                0x080049f0                EXTI4_15_IRQHandler
                0x080049f0                DMA1_Channel1_IRQHandler
                0x080049f0                Default_Handler
                0x080049f0                TIM14_IRQHandler
                0x080049f0                DMA1_Channel4_5_IRQHandler
                0x080049f0                EXTI0_1_IRQHandler
                0x080049f0                SPI2_IRQHandler
                0x080049f0                WWDG_IRQHandler
                0x080049f0                TIM2_IRQHandler
                0x080049f0                DMA1_Channel2_3_IRQHandler
                0x080049f0                USART2_IRQHandler
                0x080049f0                FLASH_IRQHandler
                0x080049f0                USART1_IRQHandler
                0x080049f0                TIM1_BRK_UP_TRG_COM_IRQHandler
 .text.memset   0x080049f2       0x10 c:/users/daniel/appdata/roaming/code/user/globalstorage/bmd.stm32-for-vscode/@xpack-dev-tools/arm-none-eabi-gcc/12.3.1-1.2.1/.content/bin/../lib/gcc/arm-none-eabi/12.3.1/../../../../arm-none-eabi/lib/thumb/v6-m/nofp\libc_nano.a(libc_a-memset.o)
                0x080049f2                memset
 *fill*         0x08004a02        0x2 
 .text.__libc_init_array
                0x08004a04       0x48 c:/users/daniel/appdata/roaming/code/user/globalstorage/bmd.stm32-for-vscode/@xpack-dev-tools/arm-none-eabi-gcc/12.3.1-1.2.1/.content/bin/../lib/gcc/arm-none-eabi/12.3.1/../../../../arm-none-eabi/lib/thumb/v6-m/nofp\libc_nano.a(libc_a-init.o)
                0x08004a04                __libc_init_array
 *(.glue_7)
 .glue_7        0x08004a4c        0x0 linker stubs
 *(.glue_7t)
 .glue_7t       0x08004a4c        0x0 linker stubs
 *(.eh_frame)
 .eh_frame      0x08004a4c        0x0 c:/users/daniel/appdata/roaming/code/user/globalstorage/bmd.stm32-for-vscode/@xpack-dev-tools/arm-none-eabi-gcc/12.3.1-1.2.1/.content/bin/../lib/gcc/arm-none-eabi/12.3.1/thumb/v6-m/nofp/crtbegin.o
 *(.init)
 .init          0x08004a4c        0x4 c:/users/daniel/appdata/roaming/code/user/globalstorage/bmd.stm32-for-vscode/@xpack-dev-tools/arm-none-eabi-gcc/12.3.1-1.2.1/.content/bin/../lib/gcc/arm-none-eabi/12.3.1/thumb/v6-m/nofp/crti.o
                0x08004a4c                _init
 .init          0x08004a50        0x8 c:/users/daniel/appdata/roaming/code/user/globalstorage/bmd.stm32-for-vscode/@xpack-dev-tools/arm-none-eabi-gcc/12.3.1-1.2.1/.content/bin/../lib/gcc/arm-none-eabi/12.3.1/thumb/v6-m/nofp/crtn.o
 *(.fini)
 .fini          0x08004a58        0x4 c:/users/daniel/appdata/roaming/code/user/globalstorage/bmd.stm32-for-vscode/@xpack-dev-tools/arm-none-eabi-gcc/12.3.1-1.2.1/.content/bin/../lib/gcc/arm-none-eabi/12.3.1/thumb/v6-m/nofp/crti.o
                0x08004a58                _fini
 .fini          0x08004a5c        0x8 c:/users/daniel/appdata/roaming/code/user/globalstorage/bmd.stm32-for-vscode/@xpack-dev-tools/arm-none-eabi-gcc/12.3.1-1.2.1/.content/bin/../lib/gcc/arm-none-eabi/12.3.1/thumb/v6-m/nofp/crtn.o
                0x08004a64                        . = ALIGN (0x4)
                0x08004a64                        _etext = .

.vfp11_veneer   0x08004a64        0x0
 .vfp11_veneer  0x08004a64        0x0 linker stubs

.v4_bx          0x08004a64        0x0
 .v4_bx         0x08004a64        0x0 linker stubs

.iplt           0x08004a64        0x0
 .iplt          0x08004a64        0x0 c:/users/daniel/appdata/roaming/code/user/globalstorage/bmd.stm32-for-vscode/@xpack-dev-tools/arm-none-eabi-gcc/12.3.1-1.2.1/.content/bin/../lib/gcc/arm-none-eabi/12.3.1/thumb/v6-m/nofp/crtbegin.o

.rodata         0x08004a64       0xc8
                0x08004a64                        . = ALIGN (0x4)
 *(.rodata)
 *(.rodata*)
 .rodata.AHBPrescTable
                0x08004a64       0x10 build/system_stm32f0xx.o
                0x08004a64                AHBPrescTable
 .rodata.aPredivFactorTable.0
                0x08004a74       0x10 build/stm32f0xx_hal_rcc.o
 .rodata.aPLLMULFactorTable.1
                0x08004a84       0x10 build/stm32f0xx_hal_rcc.o
 .rodata.USBD_GetDescriptor
                0x08004a94       0x38 build/usbd_ctlreq.o
 .rodata.USBD_StdDevReq
                0x08004acc       0x28 build/usbd_ctlreq.o
 .rodata.USBD_FS_ProductStrDescriptor.str1.4
                0x08004af4        0xe build/usbd_desc.o
 *fill*         0x08004b02        0x2 
 .rodata.USBD_FS_ManufacturerStrDescriptor.str1.4
                0x08004b04        0x9 build/usbd_desc.o
 *fill*         0x08004b0d        0x3 
 .rodata.USBD_FS_ConfigStrDescriptor.str1.4
                0x08004b10        0xb build/usbd_desc.o
 *fill*         0x08004b1b        0x1 
 .rodata.USBD_FS_InterfaceStrDescriptor.str1.4
                0x08004b1c        0xe build/usbd_desc.o
                0x08004b2c                        . = ALIGN (0x4)
 *fill*         0x08004b2a        0x2 

.rel.dyn        0x08004b2c        0x0
 .rel.iplt      0x08004b2c        0x0 c:/users/daniel/appdata/roaming/code/user/globalstorage/bmd.stm32-for-vscode/@xpack-dev-tools/arm-none-eabi-gcc/12.3.1-1.2.1/.content/bin/../lib/gcc/arm-none-eabi/12.3.1/thumb/v6-m/nofp/crtbegin.o

.ARM.extab
 *(.ARM.extab* .gnu.linkonce.armextab.*)

.ARM            0x08004b2c        0x0
                0x08004b2c                        __exidx_start = .
 *(.ARM.exidx*)
                0x08004b2c                        __exidx_end = .

.preinit_array  0x08004b2c        0x0
                0x08004b2c                        PROVIDE (__preinit_array_start = .)
 *(.preinit_array*)
                0x08004b2c                        PROVIDE (__preinit_array_end = .)

.init_array     0x08004b2c        0x4
                0x08004b2c                        PROVIDE (__init_array_start = .)
 *(SORT_BY_NAME(.init_array.*))
 *(.init_array*)
 .init_array    0x08004b2c        0x4 c:/users/daniel/appdata/roaming/code/user/globalstorage/bmd.stm32-for-vscode/@xpack-dev-tools/arm-none-eabi-gcc/12.3.1-1.2.1/.content/bin/../lib/gcc/arm-none-eabi/12.3.1/thumb/v6-m/nofp/crtbegin.o
                0x08004b30                        PROVIDE (__init_array_end = .)

.fini_array     0x08004b30        0x4
                0x08004b30                        PROVIDE (__fini_array_start = .)
 *(SORT_BY_NAME(.fini_array.*))
 *(.fini_array*)
 .fini_array    0x08004b30        0x4 c:/users/daniel/appdata/roaming/code/user/globalstorage/bmd.stm32-for-vscode/@xpack-dev-tools/arm-none-eabi-gcc/12.3.1-1.2.1/.content/bin/../lib/gcc/arm-none-eabi/12.3.1/thumb/v6-m/nofp/crtbegin.o
                0x08004b34                        PROVIDE (__fini_array_end = .)
                0x08004b34                        _sidata = LOADADDR (.data)

.data           0x20000000      0x210 load address 0x08004b34
                0x20000000                        . = ALIGN (0x4)
                0x20000000                        _sdata = .
 *(.data)
 *(.data*)
 .data.u16_notes
                0x20000000       0x18 build/notes.o
                0x20000000                u16_notes
 .data.ode_to_joy_beats
                0x20000018       0x3d build/main.o
                0x20000018                ode_to_joy_beats
 *fill*         0x20000055        0x3 
 .data.ode_to_joy_notes
                0x20000058       0x3c build/main.o
                0x20000058                ode_to_joy_notes
 .data.SystemCoreClock
                0x20000094        0x4 build/system_stm32f0xx.o
                0x20000094                SystemCoreClock
 .data.uwTickFreq
                0x20000098        0x1 build/stm32f0xx_hal.o
                0x20000098                uwTickFreq
 *fill*         0x20000099        0x3 
 .data.uwTickPrio
                0x2000009c        0x4 build/stm32f0xx_hal.o
                0x2000009c                uwTickPrio
 .data.USBD_CDC_OtherSpeedCfgDesc
                0x200000a0       0x43 build/usbd_cdc.o
                0x200000a0                USBD_CDC_OtherSpeedCfgDesc
 *fill*         0x200000e3        0x1 
 .data.USBD_CDC_CfgFSDesc
                0x200000e4       0x43 build/usbd_cdc.o
                0x200000e4                USBD_CDC_CfgFSDesc
 *fill*         0x20000127        0x1 
 .data.USBD_CDC_CfgHSDesc
                0x20000128       0x43 build/usbd_cdc.o
                0x20000128                USBD_CDC_CfgHSDesc
 *fill*         0x2000016b        0x1 
 .data.USBD_CDC
                0x2000016c       0x38 build/usbd_cdc.o
                0x2000016c                USBD_CDC
 .data.USBD_CDC_DeviceQualifierDesc
                0x200001a4        0xa build/usbd_cdc.o
 *fill*         0x200001ae        0x2 
 .data.USBD_Interface_fops_FS
                0x200001b0       0x10 build/usbd_cdc_if.o
                0x200001b0                USBD_Interface_fops_FS
 .data.USBD_StringSerial
                0x200001c0       0x1a build/usbd_desc.o
                0x200001c0                USBD_StringSerial
 *fill*         0x200001da        0x2 
 .data.USBD_LangIDDesc
                0x200001dc        0x4 build/usbd_desc.o
                0x200001dc                USBD_LangIDDesc
 .data.USBD_FS_DeviceDesc
                0x200001e0       0x12 build/usbd_desc.o
                0x200001e0                USBD_FS_DeviceDesc
 *fill*         0x200001f2        0x2 
 .data.FS_Desc  0x200001f4       0x1c build/usbd_desc.o
                0x200001f4                FS_Desc
                0x20000210                        . = ALIGN (0x4)
                0x20000210                        _edata = .

.igot.plt       0x20000210        0x0 load address 0x08004d44
 .igot.plt      0x20000210        0x0 c:/users/daniel/appdata/roaming/code/user/globalstorage/bmd.stm32-for-vscode/@xpack-dev-tools/arm-none-eabi-gcc/12.3.1-1.2.1/.content/bin/../lib/gcc/arm-none-eabi/12.3.1/thumb/v6-m/nofp/crtbegin.o
                0x20000210                        . = ALIGN (0x4)

.bss            0x20000210      0x8f8 load address 0x08004d44
                0x20000210                        _sbss = .
                0x20000210                        __bss_start__ = _sbss
 *(.bss)
 *(.bss*)
 .bss.completed.1
                0x20000210        0x1 c:/users/daniel/appdata/roaming/code/user/globalstorage/bmd.stm32-for-vscode/@xpack-dev-tools/arm-none-eabi-gcc/12.3.1-1.2.1/.content/bin/../lib/gcc/arm-none-eabi/12.3.1/thumb/v6-m/nofp/crtbegin.o
 *fill*         0x20000211        0x3 
 .bss.object.0  0x20000214       0x18 c:/users/daniel/appdata/roaming/code/user/globalstorage/bmd.stm32-for-vscode/@xpack-dev-tools/arm-none-eabi-gcc/12.3.1-1.2.1/.content/bin/../lib/gcc/arm-none-eabi/12.3.1/thumb/v6-m/nofp/crtbegin.o
 .bss.u16_base_beat
                0x2000022c        0x2 build/notes.o
                0x2000022c                u16_base_beat
 *fill*         0x2000022e        0x2 
 .bss.outputOff
                0x20000230        0x4 build/notes.o
                0x20000230                outputOff
 .bss.outputOn  0x20000234        0x4 build/notes.o
                0x20000234                outputOn
 .bss.changeTop
                0x20000238        0x4 build/notes.o
                0x20000238                changeTop
 .bss.changeCompare
                0x2000023c        0x4 build/notes.o
                0x2000023c                changeCompare
 .bss.htim3     0x20000240       0x48 build/main.o
                0x20000240                htim3
 .bss.uwTick    0x20000288        0x4 build/stm32f0xx_hal.o
                0x20000288                uwTick
 .bss.cfgidx.0  0x2000028c        0x1 build/usbd_ctlreq.o
 *fill*         0x2000028d        0x3 
 .bss.hUsbDeviceFS
                0x20000290      0x2c4 build/usb_device.o
                0x20000290                hUsbDeviceFS
 .bss.UserTxBufferFS
                0x20000554       0x40 build/usbd_cdc_if.o
                0x20000554                UserTxBufferFS
 .bss.UserRxBufferFS
                0x20000594       0x40 build/usbd_cdc_if.o
                0x20000594                UserRxBufferFS
 .bss.USBD_StrDesc
                0x200005d4       0x20 build/usbd_desc.o
                0x200005d4                USBD_StrDesc
 .bss.mem.0     0x200005f4      0x220 build/usbd_conf.o
 .bss.hpcd_USB_FS
                0x20000814      0x2f4 build/usbd_conf.o
                0x20000814                hpcd_USB_FS
 *(COMMON)
                0x20000b08                        . = ALIGN (0x4)
                0x20000b08                        _ebss = .
                0x20000b08                        __bss_end__ = _ebss

._user_heap_stack
                0x20000b08      0x600 load address 0x08004d44
                0x20000b08                        . = ALIGN (0x8)
                0x20000b08                        PROVIDE (end = .)
                [!provide]                        PROVIDE (_end = .)
                0x20000d08                        . = (. + _Min_Heap_Size)
 *fill*         0x20000b08      0x200 
                0x20001108                        . = (. + _Min_Stack_Size)
 *fill*         0x20000d08      0x400 
                0x20001108                        . = ALIGN (0x8)

/DISCARD/
 libc.a(*)
 libm.a(*)
 libgcc.a(*)

.ARM.attributes
                0x00000000       0x28
 *(.ARM.attributes)
 .ARM.attributes
                0x00000000       0x1e c:/users/daniel/appdata/roaming/code/user/globalstorage/bmd.stm32-for-vscode/@xpack-dev-tools/arm-none-eabi-gcc/12.3.1-1.2.1/.content/bin/../lib/gcc/arm-none-eabi/12.3.1/thumb/v6-m/nofp/crti.o
 .ARM.attributes
                0x0000001e       0x2c c:/users/daniel/appdata/roaming/code/user/globalstorage/bmd.stm32-for-vscode/@xpack-dev-tools/arm-none-eabi-gcc/12.3.1-1.2.1/.content/bin/../lib/gcc/arm-none-eabi/12.3.1/thumb/v6-m/nofp/crtbegin.o
 .ARM.attributes
                0x0000004a       0x2c build/notes.o
 .ARM.attributes
                0x00000076       0x2c build/main.o
 .ARM.attributes
                0x000000a2       0x2c build/stm32f0xx_hal_msp.o
 .ARM.attributes
                0x000000ce       0x2c build/stm32f0xx_it.o
 .ARM.attributes
                0x000000fa       0x2c build/system_stm32f0xx.o
 .ARM.attributes
                0x00000126       0x2c build/stm32f0xx_hal.o
 .ARM.attributes
                0x00000152       0x2c build/stm32f0xx_hal_cortex.o
 .ARM.attributes
                0x0000017e       0x2c build/stm32f0xx_hal_gpio.o
 .ARM.attributes
                0x000001aa       0x2c build/stm32f0xx_hal_pcd.o
 .ARM.attributes
                0x000001d6       0x2c build/stm32f0xx_hal_pcd_ex.o
 .ARM.attributes
                0x00000202       0x2c build/stm32f0xx_hal_rcc.o
 .ARM.attributes
                0x0000022e       0x2c build/stm32f0xx_hal_rcc_ex.o
 .ARM.attributes
                0x0000025a       0x2c build/stm32f0xx_hal_tim.o
 .ARM.attributes
                0x00000286       0x2c build/stm32f0xx_hal_tim_ex.o
 .ARM.attributes
                0x000002b2       0x2c build/stm32f0xx_ll_usb.o
 .ARM.attributes
                0x000002de       0x2c build/usbd_cdc.o
 .ARM.attributes
                0x0000030a       0x2c build/usbd_core.o
 .ARM.attributes
                0x00000336       0x2c build/usbd_ctlreq.o
 .ARM.attributes
                0x00000362       0x2c build/usbd_ioreq.o
 .ARM.attributes
                0x0000038e       0x2c build/usb_device.o
 .ARM.attributes
                0x000003ba       0x2c build/usbd_cdc_if.o
 .ARM.attributes
                0x000003e6       0x2c build/usbd_desc.o
 .ARM.attributes
                0x00000412       0x2c build/usbd_conf.o
 .ARM.attributes
                0x0000043e       0x21 build/startup_stm32f042x6.o
 .ARM.attributes
                0x0000045f       0x2c c:/users/daniel/appdata/roaming/code/user/globalstorage/bmd.stm32-for-vscode/@xpack-dev-tools/arm-none-eabi-gcc/12.3.1-1.2.1/.content/bin/../lib/gcc/arm-none-eabi/12.3.1/../../../../arm-none-eabi/lib/thumb/v6-m/nofp\libc_nano.a(libc_a-memset.o)
 .ARM.attributes
                0x0000048b       0x2c c:/users/daniel/appdata/roaming/code/user/globalstorage/bmd.stm32-for-vscode/@xpack-dev-tools/arm-none-eabi-gcc/12.3.1-1.2.1/.content/bin/../lib/gcc/arm-none-eabi/12.3.1/../../../../arm-none-eabi/lib/thumb/v6-m/nofp\libc_nano.a(libc_a-init.o)
 .ARM.attributes
                0x000004b7       0x1e c:/users/daniel/appdata/roaming/code/user/globalstorage/bmd.stm32-for-vscode/@xpack-dev-tools/arm-none-eabi-gcc/12.3.1-1.2.1/.content/bin/../lib/gcc/arm-none-eabi/12.3.1/thumb/v6-m/nofp\libgcc.a(_udivsi3.o)
 .ARM.attributes
                0x000004d5       0x1e c:/users/daniel/appdata/roaming/code/user/globalstorage/bmd.stm32-for-vscode/@xpack-dev-tools/arm-none-eabi-gcc/12.3.1-1.2.1/.content/bin/../lib/gcc/arm-none-eabi/12.3.1/thumb/v6-m/nofp\libgcc.a(_dvmd_tls.o)
 .ARM.attributes
                0x000004f3       0x1e c:/users/daniel/appdata/roaming/code/user/globalstorage/bmd.stm32-for-vscode/@xpack-dev-tools/arm-none-eabi-gcc/12.3.1-1.2.1/.content/bin/../lib/gcc/arm-none-eabi/12.3.1/thumb/v6-m/nofp/crtn.o
OUTPUT(build/business_card.elf elf32-littlearm)
LOAD linker stubs
LOAD c:/users/daniel/appdata/roaming/code/user/globalstorage/bmd.stm32-for-vscode/@xpack-dev-tools/arm-none-eabi-gcc/12.3.1-1.2.1/.content/bin/../lib/gcc/arm-none-eabi/12.3.1/../../../../arm-none-eabi/lib/thumb/v6-m/nofp\libc.a
LOAD c:/users/daniel/appdata/roaming/code/user/globalstorage/bmd.stm32-for-vscode/@xpack-dev-tools/arm-none-eabi-gcc/12.3.1-1.2.1/.content/bin/../lib/gcc/arm-none-eabi/12.3.1/../../../../arm-none-eabi/lib/thumb/v6-m/nofp\libm.a
LOAD c:/users/daniel/appdata/roaming/code/user/globalstorage/bmd.stm32-for-vscode/@xpack-dev-tools/arm-none-eabi-gcc/12.3.1-1.2.1/.content/bin/../lib/gcc/arm-none-eabi/12.3.1/thumb/v6-m/nofp\libgcc.a

.comment        0x00000000       0x39
 .comment       0x00000000       0x39 c:/users/daniel/appdata/roaming/code/user/globalstorage/bmd.stm32-for-vscode/@xpack-dev-tools/arm-none-eabi-gcc/12.3.1-1.2.1/.content/bin/../lib/gcc/arm-none-eabi/12.3.1/thumb/v6-m/nofp/crtbegin.o
                                 0x3a (size before relaxing)
 .comment       0x00000039       0x3a build/notes.o
 .comment       0x00000039       0x3a build/main.o
 .comment       0x00000039       0x3a build/stm32f0xx_hal_msp.o
 .comment       0x00000039       0x3a build/stm32f0xx_it.o
 .comment       0x00000039       0x3a build/system_stm32f0xx.o
 .comment       0x00000039       0x3a build/stm32f0xx_hal.o
 .comment       0x00000039       0x3a build/stm32f0xx_hal_cortex.o
 .comment       0x00000039       0x3a build/stm32f0xx_hal_gpio.o
 .comment       0x00000039       0x3a build/stm32f0xx_hal_pcd.o
 .comment       0x00000039       0x3a build/stm32f0xx_hal_pcd_ex.o
 .comment       0x00000039       0x3a build/stm32f0xx_hal_rcc.o
 .comment       0x00000039       0x3a build/stm32f0xx_hal_rcc_ex.o
 .comment       0x00000039       0x3a build/stm32f0xx_hal_tim.o
 .comment       0x00000039       0x3a build/stm32f0xx_hal_tim_ex.o
 .comment       0x00000039       0x3a build/stm32f0xx_ll_usb.o
 .comment       0x00000039       0x3a build/usbd_cdc.o
 .comment       0x00000039       0x3a build/usbd_core.o
 .comment       0x00000039       0x3a build/usbd_ctlreq.o
 .comment       0x00000039       0x3a build/usbd_ioreq.o
 .comment       0x00000039       0x3a build/usb_device.o
 .comment       0x00000039       0x3a build/usbd_cdc_if.o
 .comment       0x00000039       0x3a build/usbd_desc.o
 .comment       0x00000039       0x3a build/usbd_conf.o
 .comment       0x00000039       0x3a c:/users/daniel/appdata/roaming/code/user/globalstorage/bmd.stm32-for-vscode/@xpack-dev-tools/arm-none-eabi-gcc/12.3.1-1.2.1/.content/bin/../lib/gcc/arm-none-eabi/12.3.1/../../../../arm-none-eabi/lib/thumb/v6-m/nofp\libc_nano.a(libc_a-memset.o)
 .comment       0x00000039       0x3a c:/users/daniel/appdata/roaming/code/user/globalstorage/bmd.stm32-for-vscode/@xpack-dev-tools/arm-none-eabi-gcc/12.3.1-1.2.1/.content/bin/../lib/gcc/arm-none-eabi/12.3.1/../../../../arm-none-eabi/lib/thumb/v6-m/nofp\libc_nano.a(libc_a-init.o)

.debug_info     0x00000000    0x14e53
 .debug_info    0x00000000      0x35c build/notes.o
 .debug_info    0x0000035c     0x146c build/main.o
 .debug_info    0x000017c8      0x992 build/stm32f0xx_hal_msp.o
 .debug_info    0x0000215a      0x60a build/stm32f0xx_it.o
 .debug_info    0x00002764      0x276 build/system_stm32f0xx.o
 .debug_info    0x000029da      0x740 build/stm32f0xx_hal.o
 .debug_info    0x0000311a      0x7c0 build/stm32f0xx_hal_cortex.o
 .debug_info    0x000038da      0x5de build/stm32f0xx_hal_gpio.o
 .debug_info    0x00003eb8     0x1b38 build/stm32f0xx_hal_pcd.o
 .debug_info    0x000059f0      0x973 build/stm32f0xx_hal_pcd_ex.o
 .debug_info    0x00006363      0xa6b build/stm32f0xx_hal_rcc.o
 .debug_info    0x00006dce      0x6ea build/stm32f0xx_hal_rcc_ex.o
 .debug_info    0x000074b8     0x3b31 build/stm32f0xx_hal_tim.o
 .debug_info    0x0000afe9     0x1a0b build/stm32f0xx_hal_tim_ex.o
 .debug_info    0x0000c9f4     0x195d build/stm32f0xx_ll_usb.o
 .debug_info    0x0000e351     0x13fc build/usbd_cdc.o
 .debug_info    0x0000f74d      0xdb6 build/usbd_core.o
 .debug_info    0x00010503     0x108b build/usbd_ctlreq.o
 .debug_info    0x0001158e      0x7b1 build/usbd_ioreq.o
 .debug_info    0x00011d3f      0x6bf build/usb_device.o
 .debug_info    0x000123fe      0x8ad build/usbd_cdc_if.o
 .debug_info    0x00012cab      0x5b5 build/usbd_desc.o
 .debug_info    0x00013260     0x1b49 build/usbd_conf.o
 .debug_info    0x00014da9       0x30 build/startup_stm32f042x6.o
 .debug_info    0x00014dd9       0x3e c:/users/daniel/appdata/roaming/code/user/globalstorage/bmd.stm32-for-vscode/@xpack-dev-tools/arm-none-eabi-gcc/12.3.1-1.2.1/.content/bin/../lib/gcc/arm-none-eabi/12.3.1/thumb/v6-m/nofp\libgcc.a(_udivsi3.o)
 .debug_info    0x00014e17       0x3c c:/users/daniel/appdata/roaming/code/user/globalstorage/bmd.stm32-for-vscode/@xpack-dev-tools/arm-none-eabi-gcc/12.3.1-1.2.1/.content/bin/../lib/gcc/arm-none-eabi/12.3.1/thumb/v6-m/nofp\libgcc.a(_dvmd_tls.o)

.debug_abbrev   0x00000000     0x367f
 .debug_abbrev  0x00000000      0x179 build/notes.o
 .debug_abbrev  0x00000179      0x358 build/main.o
 .debug_abbrev  0x000004d1      0x1dc build/stm32f0xx_hal_msp.o
 .debug_abbrev  0x000006ad      0x19b build/stm32f0xx_it.o
 .debug_abbrev  0x00000848      0x136 build/system_stm32f0xx.o
 .debug_abbrev  0x0000097e      0x265 build/stm32f0xx_hal.o
 .debug_abbrev  0x00000be3      0x2ec build/stm32f0xx_hal_cortex.o
 .debug_abbrev  0x00000ecf      0x1f9 build/stm32f0xx_hal_gpio.o
 .debug_abbrev  0x000010c8      0x2db build/stm32f0xx_hal_pcd.o
 .debug_abbrev  0x000013a3      0x26d build/stm32f0xx_hal_pcd_ex.o
 .debug_abbrev  0x00001610      0x29d build/stm32f0xx_hal_rcc.o
 .debug_abbrev  0x000018ad      0x20d build/stm32f0xx_hal_rcc_ex.o
 .debug_abbrev  0x00001aba      0x271 build/stm32f0xx_hal_tim.o
 .debug_abbrev  0x00001d2b      0x26f build/stm32f0xx_hal_tim_ex.o
 .debug_abbrev  0x00001f9a      0x2c0 build/stm32f0xx_ll_usb.o
 .debug_abbrev  0x0000225a      0x31c build/usbd_cdc.o
 .debug_abbrev  0x00002576      0x284 build/usbd_core.o
 .debug_abbrev  0x000027fa      0x2eb build/usbd_ctlreq.o
 .debug_abbrev  0x00002ae5      0x1a8 build/usbd_ioreq.o
 .debug_abbrev  0x00002c8d      0x1a8 build/usb_device.o
 .debug_abbrev  0x00002e35      0x278 build/usbd_cdc_if.o
 .debug_abbrev  0x000030ad      0x217 build/usbd_desc.o
 .debug_abbrev  0x000032c4      0x349 build/usbd_conf.o
 .debug_abbrev  0x0000360d       0x24 build/startup_stm32f042x6.o
 .debug_abbrev  0x00003631       0x28 c:/users/daniel/appdata/roaming/code/user/globalstorage/bmd.stm32-for-vscode/@xpack-dev-tools/arm-none-eabi-gcc/12.3.1-1.2.1/.content/bin/../lib/gcc/arm-none-eabi/12.3.1/thumb/v6-m/nofp\libgcc.a(_udivsi3.o)
 .debug_abbrev  0x00003659       0x26 c:/users/daniel/appdata/roaming/code/user/globalstorage/bmd.stm32-for-vscode/@xpack-dev-tools/arm-none-eabi-gcc/12.3.1-1.2.1/.content/bin/../lib/gcc/arm-none-eabi/12.3.1/thumb/v6-m/nofp\libgcc.a(_dvmd_tls.o)

.debug_loclists
                0x00000000     0xa289
 .debug_loclists
                0x00000000       0xc7 build/notes.o
 .debug_loclists
                0x000000c7       0xc4 build/main.o
 .debug_loclists
                0x0000018b       0x31 build/stm32f0xx_hal_msp.o
 .debug_loclists
                0x000001bc       0xe3 build/system_stm32f0xx.o
 .debug_loclists
                0x0000029f       0xc9 build/stm32f0xx_hal.o
 .debug_loclists
                0x00000368      0x1ae build/stm32f0xx_hal_cortex.o
 .debug_loclists
                0x00000516      0x25d build/stm32f0xx_hal_gpio.o
 .debug_loclists
                0x00000773      0xe64 build/stm32f0xx_hal_pcd.o
 .debug_loclists
                0x000015d7      0x1a7 build/stm32f0xx_hal_pcd_ex.o
 .debug_loclists
                0x0000177e      0x45c build/stm32f0xx_hal_rcc.o
 .debug_loclists
                0x00001bda      0x525 build/stm32f0xx_hal_rcc_ex.o
 .debug_loclists
                0x000020ff     0x37cf build/stm32f0xx_hal_tim.o
 .debug_loclists
                0x000058ce     0x15dc build/stm32f0xx_hal_tim_ex.o
 .debug_loclists
                0x00006eaa     0x104c build/stm32f0xx_ll_usb.o
 .debug_loclists
                0x00007ef6      0x5cb build/usbd_cdc.o
 .debug_loclists
                0x000084c1      0x583 build/usbd_core.o
 .debug_loclists
                0x00008a44      0xc36 build/usbd_ctlreq.o
 .debug_loclists
                0x0000967a      0x198 build/usbd_ioreq.o
 .debug_loclists
                0x00009812       0xe6 build/usbd_cdc_if.o
 .debug_loclists
                0x000098f8      0x223 build/usbd_desc.o
 .debug_loclists
                0x00009b1b      0x76e build/usbd_conf.o

.debug_aranges  0x00000000      0xfd8
 .debug_aranges
                0x00000000       0x30 build/notes.o
 .debug_aranges
                0x00000030       0x68 build/main.o
 .debug_aranges
                0x00000098       0x38 build/stm32f0xx_hal_msp.o
 .debug_aranges
                0x000000d0       0x48 build/stm32f0xx_it.o
 .debug_aranges
                0x00000118       0x28 build/system_stm32f0xx.o
 .debug_aranges
                0x00000140       0xd0 build/stm32f0xx_hal.o
 .debug_aranges
                0x00000210       0x98 build/stm32f0xx_hal_cortex.o
 .debug_aranges
                0x000002a8       0x58 build/stm32f0xx_hal_gpio.o
 .debug_aranges
                0x00000300      0x138 build/stm32f0xx_hal_pcd.o
 .debug_aranges
                0x00000438       0x58 build/stm32f0xx_hal_pcd_ex.o
 .debug_aranges
                0x00000490       0x80 build/stm32f0xx_hal_rcc.o
 .debug_aranges
                0x00000510       0x78 build/stm32f0xx_hal_rcc_ex.o
 .debug_aranges
                0x00000588      0x3d0 build/stm32f0xx_hal_tim.o
 .debug_aranges
                0x00000958      0x168 build/stm32f0xx_hal_tim_ex.o
 .debug_aranges
                0x00000ac0       0xb8 build/stm32f0xx_ll_usb.o
 .debug_aranges
                0x00000b78       0x90 build/usbd_cdc.o
 .debug_aranges
                0x00000c08       0xb8 build/usbd_core.o
 .debug_aranges
                0x00000cc0       0x88 build/usbd_ctlreq.o
 .debug_aranges
                0x00000d48       0x50 build/usbd_ioreq.o
 .debug_aranges
                0x00000d98       0x20 build/usb_device.o
 .debug_aranges
                0x00000db8       0x40 build/usbd_cdc_if.o
 .debug_aranges
                0x00000df8       0x60 build/usbd_desc.o
 .debug_aranges
                0x00000e58      0x118 build/usbd_conf.o
 .debug_aranges
                0x00000f70       0x28 build/startup_stm32f042x6.o
 .debug_aranges
                0x00000f98       0x20 c:/users/daniel/appdata/roaming/code/user/globalstorage/bmd.stm32-for-vscode/@xpack-dev-tools/arm-none-eabi-gcc/12.3.1-1.2.1/.content/bin/../lib/gcc/arm-none-eabi/12.3.1/thumb/v6-m/nofp\libgcc.a(_udivsi3.o)
 .debug_aranges
                0x00000fb8       0x20 c:/users/daniel/appdata/roaming/code/user/globalstorage/bmd.stm32-for-vscode/@xpack-dev-tools/arm-none-eabi-gcc/12.3.1-1.2.1/.content/bin/../lib/gcc/arm-none-eabi/12.3.1/thumb/v6-m/nofp\libgcc.a(_dvmd_tls.o)

.debug_rnglists
                0x00000000      0xd73
 .debug_rnglists
                0x00000000       0x1f build/notes.o
 .debug_rnglists
                0x0000001f       0x4a build/main.o
 .debug_rnglists
                0x00000069       0x25 build/stm32f0xx_hal_msp.o
 .debug_rnglists
                0x0000008e       0x31 build/stm32f0xx_it.o
 .debug_rnglists
                0x000000bf       0x1a build/system_stm32f0xx.o
 .debug_rnglists
                0x000000d9       0x97 build/stm32f0xx_hal.o
 .debug_rnglists
                0x00000170       0x79 build/stm32f0xx_hal_cortex.o
 .debug_rnglists
                0x000001e9       0x3f build/stm32f0xx_hal_gpio.o
 .debug_rnglists
                0x00000228      0x162 build/stm32f0xx_hal_pcd.o
 .debug_rnglists
                0x0000038a       0x3e build/stm32f0xx_hal_pcd_ex.o
 .debug_rnglists
                0x000003c8       0x6e build/stm32f0xx_hal_rcc.o
 .debug_rnglists
                0x00000436       0x66 build/stm32f0xx_hal_rcc_ex.o
 .debug_rnglists
                0x0000049c      0x303 build/stm32f0xx_hal_tim.o
 .debug_rnglists
                0x0000079f      0x11a build/stm32f0xx_hal_tim_ex.o
 .debug_rnglists
                0x000008b9      0x1c6 build/stm32f0xx_ll_usb.o
 .debug_rnglists
                0x00000a7f       0x69 build/usbd_cdc.o
 .debug_rnglists
                0x00000ae8       0x87 build/usbd_core.o
 .debug_rnglists
                0x00000b6f       0x64 build/usbd_ctlreq.o
 .debug_rnglists
                0x00000bd3       0x37 build/usbd_ioreq.o
 .debug_rnglists
                0x00000c0a       0x13 build/usb_device.o
 .debug_rnglists
                0x00000c1d       0x2b build/usbd_cdc_if.o
 .debug_rnglists
                0x00000c48       0x43 build/usbd_desc.o
 .debug_rnglists
                0x00000c8b       0xce build/usbd_conf.o
 .debug_rnglists
                0x00000d59       0x1a build/startup_stm32f042x6.o

.debug_line     0x00000000    0x11008
 .debug_line    0x00000000      0x292 build/notes.o
 .debug_line    0x00000292      0x688 build/main.o
 .debug_line    0x0000091a      0x347 build/stm32f0xx_hal_msp.o
 .debug_line    0x00000c61      0x2f2 build/stm32f0xx_it.o
 .debug_line    0x00000f53      0x2d4 build/system_stm32f0xx.o
 .debug_line    0x00001227      0x59a build/stm32f0xx_hal.o
 .debug_line    0x000017c1      0x5cb build/stm32f0xx_hal_cortex.o
 .debug_line    0x00001d8c      0x72a build/stm32f0xx_hal_gpio.o
 .debug_line    0x000024b6     0x1a81 build/stm32f0xx_hal_pcd.o
 .debug_line    0x00003f37      0x4e3 build/stm32f0xx_hal_pcd_ex.o
 .debug_line    0x0000441a      0xd1e build/stm32f0xx_hal_rcc.o
 .debug_line    0x00005138      0x959 build/stm32f0xx_hal_rcc_ex.o
 .debug_line    0x00005a91     0x4c1d build/stm32f0xx_hal_tim.o
 .debug_line    0x0000a6ae     0x1cff build/stm32f0xx_hal_tim_ex.o
 .debug_line    0x0000c3ad     0x199c build/stm32f0xx_ll_usb.o
 .debug_line    0x0000dd49      0x859 build/usbd_cdc.o
 .debug_line    0x0000e5a2      0x7bc build/usbd_core.o
 .debug_line    0x0000ed5e      0xbb4 build/usbd_ctlreq.o
 .debug_line    0x0000f912      0x32e build/usbd_ioreq.o
 .debug_line    0x0000fc40      0x2b3 build/usb_device.o
 .debug_line    0x0000fef3      0x2ef build/usbd_cdc_if.o
 .debug_line    0x000101e2      0x40a build/usbd_desc.o
 .debug_line    0x000105ec      0x8f3 build/usbd_conf.o
 .debug_line    0x00010edf       0x89 build/startup_stm32f042x6.o
 .debug_line    0x00010f68       0x56 c:/users/daniel/appdata/roaming/code/user/globalstorage/bmd.stm32-for-vscode/@xpack-dev-tools/arm-none-eabi-gcc/12.3.1-1.2.1/.content/bin/../lib/gcc/arm-none-eabi/12.3.1/thumb/v6-m/nofp\libgcc.a(_udivsi3.o)
 .debug_line    0x00010fbe       0x4a c:/users/daniel/appdata/roaming/code/user/globalstorage/bmd.stm32-for-vscode/@xpack-dev-tools/arm-none-eabi-gcc/12.3.1-1.2.1/.content/bin/../lib/gcc/arm-none-eabi/12.3.1/thumb/v6-m/nofp\libgcc.a(_dvmd_tls.o)

.debug_str      0x00000000     0x46f0
 .debug_str     0x00000000      0x274 build/notes.o
                                0x2f3 (size before relaxing)
 .debug_str     0x00000274      0xa83 build/main.o
                                0xd49 (size before relaxing)
 .debug_str     0x00000cf7       0x89 build/stm32f0xx_hal_msp.o
                                0x7be (size before relaxing)
 .debug_str     0x00000d80      0x3c1 build/stm32f0xx_it.o
                                0x5a2 (size before relaxing)
 .debug_str     0x00001141       0x88 build/system_stm32f0xx.o
                                0x25a (size before relaxing)
 .debug_str     0x000011c9      0x45b build/stm32f0xx_hal.o
                                0x6ae (size before relaxing)
 .debug_str     0x00001624      0x256 build/stm32f0xx_hal_cortex.o
                                0x5ef (size before relaxing)
 .debug_str     0x0000187a       0xe6 build/stm32f0xx_hal_gpio.o
                                0x3dd (size before relaxing)
 .debug_str     0x00001960      0x542 build/stm32f0xx_hal_pcd.o
                                0xaa9 (size before relaxing)
 .debug_str     0x00001ea2      0x183 build/stm32f0xx_hal_pcd_ex.o
                                0x753 (size before relaxing)
 .debug_str     0x00002025      0x1d3 build/stm32f0xx_hal_rcc.o
                                0x649 (size before relaxing)
 .debug_str     0x000021f8      0x27d build/stm32f0xx_hal_rcc_ex.o
                                0x5f5 (size before relaxing)
 .debug_str     0x00002475      0xe0d build/stm32f0xx_hal_tim.o
                               0x1652 (size before relaxing)
 .debug_str     0x00003282      0x4eb build/stm32f0xx_hal_tim_ex.o
                                0xe6e (size before relaxing)
 .debug_str     0x0000376d       0xd0 build/stm32f0xx_ll_usb.o
                                0x634 (size before relaxing)
 .debug_str     0x0000383d      0x680 build/usbd_cdc.o
                                0xc3e (size before relaxing)
 .debug_str     0x00003ebd      0x291 build/usbd_core.o
                                0x81f (size before relaxing)
 .debug_str     0x0000414e      0x11d build/usbd_ctlreq.o
                                0x728 (size before relaxing)
 .debug_str     0x0000426b       0x4e build/usbd_ioreq.o
                                0x655 (size before relaxing)
 .debug_str     0x000042b9       0x48 build/usb_device.o
                                0x636 (size before relaxing)
 .debug_str     0x00004301       0x8a build/usbd_cdc_if.o
                                0x6ea (size before relaxing)
 .debug_str     0x0000438b      0x16d build/usbd_desc.o
                                0x42e (size before relaxing)
 .debug_str     0x000044f8       0x8e build/usbd_conf.o
                               0x1070 (size before relaxing)
 .debug_str     0x00004586       0x32 build/startup_stm32f042x6.o
                                 0x63 (size before relaxing)
 .debug_str     0x000045b8      0x11c c:/users/daniel/appdata/roaming/code/user/globalstorage/bmd.stm32-for-vscode/@xpack-dev-tools/arm-none-eabi-gcc/12.3.1-1.2.1/.content/bin/../lib/gcc/arm-none-eabi/12.3.1/thumb/v6-m/nofp\libgcc.a(_udivsi3.o)
                                0x13b (size before relaxing)
 .debug_str     0x000046d4       0x1c c:/users/daniel/appdata/roaming/code/user/globalstorage/bmd.stm32-for-vscode/@xpack-dev-tools/arm-none-eabi-gcc/12.3.1-1.2.1/.content/bin/../lib/gcc/arm-none-eabi/12.3.1/thumb/v6-m/nofp\libgcc.a(_dvmd_tls.o)
                                0x13c (size before relaxing)

.debug_frame    0x00000000     0x26a8
 .debug_frame   0x00000000       0x54 build/notes.o
 .debug_frame   0x00000054       0xf4 build/main.o
 .debug_frame   0x00000148       0x64 build/stm32f0xx_hal_msp.o
 .debug_frame   0x000001ac       0x80 build/stm32f0xx_it.o
 .debug_frame   0x0000022c       0x38 build/system_stm32f0xx.o
 .debug_frame   0x00000264      0x1ac build/stm32f0xx_hal.o
 .debug_frame   0x00000410      0x144 build/stm32f0xx_hal_cortex.o
 .debug_frame   0x00000554       0xc0 build/stm32f0xx_hal_gpio.o
 .debug_frame   0x00000614      0x350 build/stm32f0xx_hal_pcd.o
 .debug_frame   0x00000964       0xa8 build/stm32f0xx_hal_pcd_ex.o
 .debug_frame   0x00000a0c      0x138 build/stm32f0xx_hal_rcc.o
 .debug_frame   0x00000b44       0xfc build/stm32f0xx_hal_rcc_ex.o
 .debug_frame   0x00000c40      0xadc build/stm32f0xx_hal_tim.o
 .debug_frame   0x0000171c      0x420 build/stm32f0xx_hal_tim_ex.o
 .debug_frame   0x00001b3c      0x194 build/stm32f0xx_ll_usb.o
 .debug_frame   0x00001cd0      0x158 build/usbd_cdc.o
 .debug_frame   0x00001e28      0x1c4 build/usbd_core.o
 .debug_frame   0x00001fec      0x168 build/usbd_ctlreq.o
 .debug_frame   0x00002154       0xb8 build/usbd_ioreq.o
 .debug_frame   0x0000220c       0x28 build/usb_device.o
 .debug_frame   0x00002234       0x7c build/usbd_cdc_if.o
 .debug_frame   0x000022b0       0xe0 build/usbd_desc.o
 .debug_frame   0x00002390      0x2f8 build/usbd_conf.o
 .debug_frame   0x00002688       0x20 c:/users/daniel/appdata/roaming/code/user/globalstorage/bmd.stm32-for-vscode/@xpack-dev-tools/arm-none-eabi-gcc/12.3.1-1.2.1/.content/bin/../lib/gcc/arm-none-eabi/12.3.1/thumb/v6-m/nofp\libgcc.a(_udivsi3.o)

.debug_line_str
                0x00000000      0x159
 .debug_line_str
                0x00000000       0x47 build/startup_stm32f042x6.o
 .debug_line_str
                0x00000047      0x112 c:/users/daniel/appdata/roaming/code/user/globalstorage/bmd.stm32-for-vscode/@xpack-dev-tools/arm-none-eabi-gcc/12.3.1-1.2.1/.content/bin/../lib/gcc/arm-none-eabi/12.3.1/thumb/v6-m/nofp\libgcc.a(_udivsi3.o)
 .debug_line_str
                0x00000159      0x112 c:/users/daniel/appdata/roaming/code/user/globalstorage/bmd.stm32-for-vscode/@xpack-dev-tools/arm-none-eabi-gcc/12.3.1-1.2.1/.content/bin/../lib/gcc/arm-none-eabi/12.3.1/thumb/v6-m/nofp\libgcc.a(_dvmd_tls.o)

Cross Reference Table

Symbol                                            File
ADC1_IRQHandler                                   build/startup_stm32f042x6.o
AHBPrescTable                                     build/system_stm32f0xx.o
                                                  build/stm32f0xx_hal_rcc.o
APBPrescTable                                     build/system_stm32f0xx.o
                                                  build/stm32f0xx_hal_rcc.o
CDC_Transmit_FS                                   build/usbd_cdc_if.o
CEC_CAN_IRQHandler                                build/startup_stm32f042x6.o
DMA1_Channel1_IRQHandler                          build/startup_stm32f042x6.o
DMA1_Channel2_3_IRQHandler                        build/startup_stm32f042x6.o
DMA1_Channel4_5_IRQHandler                        build/startup_stm32f042x6.o
Default_Handler                                   build/startup_stm32f042x6.o
EXTI0_1_IRQHandler                                build/startup_stm32f042x6.o
EXTI2_3_IRQHandler                                build/startup_stm32f042x6.o
EXTI4_15_IRQHandler                               build/startup_stm32f042x6.o
Error_Handler                                     build/main.o
                                                  build/usbd_conf.o
                                                  build/usb_device.o
FLASH_IRQHandler                                  build/startup_stm32f042x6.o
FLASH_PageErase                                   build/stm32f0xx_hal_flash_ex.o
                                                  build/stm32f0xx_hal_flash.o
FLASH_WaitForLastOperation                        build/stm32f0xx_hal_flash.o
                                                  build/stm32f0xx_hal_flash_ex.o
FS_Desc                                           build/usbd_desc.o
                                                  build/usb_device.o
HAL_DBGMCU_DisableDBGStandbyMode                  build/stm32f0xx_hal.o
HAL_DBGMCU_DisableDBGStopMode                     build/stm32f0xx_hal.o
HAL_DBGMCU_EnableDBGStandbyMode                   build/stm32f0xx_hal.o
HAL_DBGMCU_EnableDBGStopMode                      build/stm32f0xx_hal.o
HAL_DMA_Abort                                     build/stm32f0xx_hal_dma.o
HAL_DMA_Abort_IT                                  build/stm32f0xx_hal_dma.o
                                                  build/stm32f0xx_hal_tim_ex.o
                                                  build/stm32f0xx_hal_tim.o
                                                  build/stm32f0xx_hal_i2c.o
HAL_DMA_DeInit                                    build/stm32f0xx_hal_dma.o
HAL_DMA_GetError                                  build/stm32f0xx_hal_dma.o
HAL_DMA_GetState                                  build/stm32f0xx_hal_dma.o
                                                  build/stm32f0xx_hal_i2c.o
HAL_DMA_IRQHandler                                build/stm32f0xx_hal_dma.o
HAL_DMA_Init                                      build/stm32f0xx_hal_dma.o
HAL_DMA_PollForTransfer                           build/stm32f0xx_hal_dma.o
HAL_DMA_RegisterCallback                          build/stm32f0xx_hal_dma.o
HAL_DMA_Start                                     build/stm32f0xx_hal_dma.o
HAL_DMA_Start_IT                                  build/stm32f0xx_hal_dma.o
                                                  build/stm32f0xx_hal_tim_ex.o
                                                  build/stm32f0xx_hal_tim.o
                                                  build/stm32f0xx_hal_i2c.o
HAL_DMA_UnRegisterCallback                        build/stm32f0xx_hal_dma.o
HAL_DeInit                                        build/stm32f0xx_hal.o
HAL_Delay                                         build/stm32f0xx_hal.o
                                                  build/usbd_conf.o
                                                  build/stm32f0xx_hal_pcd_ex.o
                                                  build/main.o
                                                  build/notes.o
HAL_EXTI_ClearConfigLine                          build/stm32f0xx_hal_exti.o
HAL_EXTI_ClearPending                             build/stm32f0xx_hal_exti.o
HAL_EXTI_GenerateSWI                              build/stm32f0xx_hal_exti.o
HAL_EXTI_GetConfigLine                            build/stm32f0xx_hal_exti.o
HAL_EXTI_GetHandle                                build/stm32f0xx_hal_exti.o
HAL_EXTI_GetPending                               build/stm32f0xx_hal_exti.o
HAL_EXTI_IRQHandler                               build/stm32f0xx_hal_exti.o
HAL_EXTI_RegisterCallback                         build/stm32f0xx_hal_exti.o
HAL_EXTI_SetConfigLine                            build/stm32f0xx_hal_exti.o
HAL_FLASHEx_Erase                                 build/stm32f0xx_hal_flash_ex.o
HAL_FLASHEx_Erase_IT                              build/stm32f0xx_hal_flash_ex.o
HAL_FLASHEx_OBErase                               build/stm32f0xx_hal_flash_ex.o
HAL_FLASHEx_OBGetConfig                           build/stm32f0xx_hal_flash_ex.o
HAL_FLASHEx_OBGetUserData                         build/stm32f0xx_hal_flash_ex.o
HAL_FLASHEx_OBProgram                             build/stm32f0xx_hal_flash_ex.o
HAL_FLASH_EndOfOperationCallback                  build/stm32f0xx_hal_flash.o
HAL_FLASH_GetError                                build/stm32f0xx_hal_flash.o
HAL_FLASH_IRQHandler                              build/stm32f0xx_hal_flash.o
HAL_FLASH_Lock                                    build/stm32f0xx_hal_flash.o
HAL_FLASH_OB_Launch                               build/stm32f0xx_hal_flash.o
HAL_FLASH_OB_Lock                                 build/stm32f0xx_hal_flash.o
HAL_FLASH_OB_Unlock                               build/stm32f0xx_hal_flash.o
HAL_FLASH_OperationErrorCallback                  build/stm32f0xx_hal_flash.o
HAL_FLASH_Program                                 build/stm32f0xx_hal_flash.o
HAL_FLASH_Program_IT                              build/stm32f0xx_hal_flash.o
HAL_FLASH_Unlock                                  build/stm32f0xx_hal_flash.o
HAL_GPIO_DeInit                                   build/stm32f0xx_hal_gpio.o
HAL_GPIO_EXTI_Callback                            build/stm32f0xx_hal_gpio.o
HAL_GPIO_EXTI_IRQHandler                          build/stm32f0xx_hal_gpio.o
HAL_GPIO_Init                                     build/stm32f0xx_hal_gpio.o
                                                  build/stm32f0xx_hal_rcc.o
                                                  build/stm32f0xx_hal_msp.o
                                                  build/main.o
HAL_GPIO_LockPin                                  build/stm32f0xx_hal_gpio.o
HAL_GPIO_ReadPin                                  build/stm32f0xx_hal_gpio.o
HAL_GPIO_TogglePin                                build/stm32f0xx_hal_gpio.o
                                                  build/main.o
HAL_GPIO_WritePin                                 build/stm32f0xx_hal_gpio.o
                                                  build/main.o
HAL_GetDEVID                                      build/stm32f0xx_hal.o
HAL_GetHalVersion                                 build/stm32f0xx_hal.o
HAL_GetREVID                                      build/stm32f0xx_hal.o
HAL_GetTick                                       build/stm32f0xx_hal.o
                                                  build/stm32f0xx_hal_rcc_ex.o
                                                  build/stm32f0xx_hal_rcc.o
                                                  build/stm32f0xx_hal_pcd_ex.o
                                                  build/stm32f0xx_hal_i2c.o
                                                  build/stm32f0xx_hal_flash.o
                                                  build/stm32f0xx_hal_dma.o
HAL_GetTickFreq                                   build/stm32f0xx_hal.o
HAL_GetTickPrio                                   build/stm32f0xx_hal.o
HAL_GetUIDw0                                      build/stm32f0xx_hal.o
HAL_GetUIDw1                                      build/stm32f0xx_hal.o
HAL_GetUIDw2                                      build/stm32f0xx_hal.o
HAL_I2CEx_ConfigAnalogFilter                      build/stm32f0xx_hal_i2c_ex.o
HAL_I2CEx_ConfigDigitalFilter                     build/stm32f0xx_hal_i2c_ex.o
HAL_I2CEx_DisableFastModePlus                     build/stm32f0xx_hal_i2c_ex.o
HAL_I2CEx_DisableWakeUp                           build/stm32f0xx_hal_i2c_ex.o
HAL_I2CEx_EnableFastModePlus                      build/stm32f0xx_hal_i2c_ex.o
HAL_I2CEx_EnableWakeUp                            build/stm32f0xx_hal_i2c_ex.o
HAL_I2C_AbortCpltCallback                         build/stm32f0xx_hal_i2c.o
HAL_I2C_AddrCallback                              build/stm32f0xx_hal_i2c.o
HAL_I2C_DeInit                                    build/stm32f0xx_hal_i2c.o
HAL_I2C_DisableListen_IT                          build/stm32f0xx_hal_i2c.o
HAL_I2C_ER_IRQHandler                             build/stm32f0xx_hal_i2c.o
HAL_I2C_EV_IRQHandler                             build/stm32f0xx_hal_i2c.o
HAL_I2C_EnableListen_IT                           build/stm32f0xx_hal_i2c.o
HAL_I2C_ErrorCallback                             build/stm32f0xx_hal_i2c.o
HAL_I2C_GetError                                  build/stm32f0xx_hal_i2c.o
HAL_I2C_GetMode                                   build/stm32f0xx_hal_i2c.o
HAL_I2C_GetState                                  build/stm32f0xx_hal_i2c.o
HAL_I2C_Init                                      build/stm32f0xx_hal_i2c.o
HAL_I2C_IsDeviceReady                             build/stm32f0xx_hal_i2c.o
HAL_I2C_ListenCpltCallback                        build/stm32f0xx_hal_i2c.o
HAL_I2C_MasterRxCpltCallback                      build/stm32f0xx_hal_i2c.o
HAL_I2C_MasterTxCpltCallback                      build/stm32f0xx_hal_i2c.o
HAL_I2C_Master_Abort_IT                           build/stm32f0xx_hal_i2c.o
HAL_I2C_Master_Receive                            build/stm32f0xx_hal_i2c.o
HAL_I2C_Master_Receive_DMA                        build/stm32f0xx_hal_i2c.o
HAL_I2C_Master_Receive_IT                         build/stm32f0xx_hal_i2c.o
HAL_I2C_Master_Seq_Receive_DMA                    build/stm32f0xx_hal_i2c.o
HAL_I2C_Master_Seq_Receive_IT                     build/stm32f0xx_hal_i2c.o
HAL_I2C_Master_Seq_Transmit_DMA                   build/stm32f0xx_hal_i2c.o
HAL_I2C_Master_Seq_Transmit_IT                    build/stm32f0xx_hal_i2c.o
HAL_I2C_Master_Transmit                           build/stm32f0xx_hal_i2c.o
HAL_I2C_Master_Transmit_DMA                       build/stm32f0xx_hal_i2c.o
HAL_I2C_Master_Transmit_IT                        build/stm32f0xx_hal_i2c.o
HAL_I2C_MemRxCpltCallback                         build/stm32f0xx_hal_i2c.o
HAL_I2C_MemTxCpltCallback                         build/stm32f0xx_hal_i2c.o
HAL_I2C_Mem_Read                                  build/stm32f0xx_hal_i2c.o
HAL_I2C_Mem_Read_DMA                              build/stm32f0xx_hal_i2c.o
HAL_I2C_Mem_Read_IT                               build/stm32f0xx_hal_i2c.o
HAL_I2C_Mem_Write                                 build/stm32f0xx_hal_i2c.o
HAL_I2C_Mem_Write_DMA                             build/stm32f0xx_hal_i2c.o
HAL_I2C_Mem_Write_IT                              build/stm32f0xx_hal_i2c.o
HAL_I2C_MspDeInit                                 build/stm32f0xx_hal_i2c.o
HAL_I2C_MspInit                                   build/stm32f0xx_hal_i2c.o
HAL_I2C_SlaveRxCpltCallback                       build/stm32f0xx_hal_i2c.o
HAL_I2C_SlaveTxCpltCallback                       build/stm32f0xx_hal_i2c.o
HAL_I2C_Slave_Receive                             build/stm32f0xx_hal_i2c.o
HAL_I2C_Slave_Receive_DMA                         build/stm32f0xx_hal_i2c.o
HAL_I2C_Slave_Receive_IT                          build/stm32f0xx_hal_i2c.o
HAL_I2C_Slave_Seq_Receive_DMA                     build/stm32f0xx_hal_i2c.o
HAL_I2C_Slave_Seq_Receive_IT                      build/stm32f0xx_hal_i2c.o
HAL_I2C_Slave_Seq_Transmit_DMA                    build/stm32f0xx_hal_i2c.o
HAL_I2C_Slave_Seq_Transmit_IT                     build/stm32f0xx_hal_i2c.o
HAL_I2C_Slave_Transmit                            build/stm32f0xx_hal_i2c.o
HAL_I2C_Slave_Transmit_DMA                        build/stm32f0xx_hal_i2c.o
HAL_I2C_Slave_Transmit_IT                         build/stm32f0xx_hal_i2c.o
HAL_IncTick                                       build/stm32f0xx_hal.o
                                                  build/stm32f0xx_it.o
HAL_Init                                          build/stm32f0xx_hal.o
                                                  build/main.o
HAL_InitTick                                      build/stm32f0xx_hal.o
                                                  build/stm32f0xx_hal_rcc.o
HAL_MspDeInit                                     build/stm32f0xx_hal.o
HAL_MspInit                                       build/stm32f0xx_hal_msp.o
HAL_NVIC_ClearPendingIRQ                          build/stm32f0xx_hal_cortex.o
HAL_NVIC_DisableIRQ                               build/stm32f0xx_hal_cortex.o
                                                  build/usbd_conf.o
HAL_NVIC_EnableIRQ                                build/stm32f0xx_hal_cortex.o
                                                  build/usbd_conf.o
HAL_NVIC_GetPendingIRQ                            build/stm32f0xx_hal_cortex.o
HAL_NVIC_GetPriority                              build/stm32f0xx_hal_cortex.o
HAL_NVIC_SetPendingIRQ                            build/stm32f0xx_hal_cortex.o
HAL_NVIC_SetPriority                              build/stm32f0xx_hal_cortex.o
                                                  build/usbd_conf.o
                                                  build/stm32f0xx_hal.o
HAL_NVIC_SystemReset                              build/stm32f0xx_hal_cortex.o
HAL_PCDEx_ActivateBCD                             build/stm32f0xx_hal_pcd_ex.o
HAL_PCDEx_ActivateLPM                             build/stm32f0xx_hal_pcd_ex.o
                                                  build/stm32f0xx_hal_pcd.o
HAL_PCDEx_BCD_Callback                            build/stm32f0xx_hal_pcd_ex.o
HAL_PCDEx_BCD_VBUSDetect                          build/stm32f0xx_hal_pcd_ex.o
HAL_PCDEx_DeActivateBCD                           build/stm32f0xx_hal_pcd_ex.o
HAL_PCDEx_DeActivateLPM                           build/stm32f0xx_hal_pcd_ex.o
HAL_PCDEx_LPM_Callback                            build/stm32f0xx_hal_pcd_ex.o
                                                  build/stm32f0xx_hal_pcd.o
HAL_PCDEx_PMAConfig                               build/stm32f0xx_hal_pcd_ex.o
                                                  build/usbd_conf.o
HAL_PCD_ActivateRemoteWakeup                      build/stm32f0xx_hal_pcd.o
HAL_PCD_ConnectCallback                           build/usbd_conf.o
                                                  build/stm32f0xx_hal_pcd.o
HAL_PCD_DataInStageCallback                       build/usbd_conf.o
                                                  build/stm32f0xx_hal_pcd.o
HAL_PCD_DataOutStageCallback                      build/usbd_conf.o
                                                  build/stm32f0xx_hal_pcd.o
HAL_PCD_DeActivateRemoteWakeup                    build/stm32f0xx_hal_pcd.o
HAL_PCD_DeInit                                    build/stm32f0xx_hal_pcd.o
                                                  build/usbd_conf.o
HAL_PCD_DevConnect                                build/stm32f0xx_hal_pcd.o
HAL_PCD_DevDisconnect                             build/stm32f0xx_hal_pcd.o
HAL_PCD_DisconnectCallback                        build/usbd_conf.o
                                                  build/stm32f0xx_hal_pcd.o
HAL_PCD_EP_Abort                                  build/stm32f0xx_hal_pcd.o
HAL_PCD_EP_Close                                  build/stm32f0xx_hal_pcd.o
                                                  build/usbd_conf.o
HAL_PCD_EP_ClrStall                               build/stm32f0xx_hal_pcd.o
                                                  build/usbd_conf.o
HAL_PCD_EP_Flush                                  build/stm32f0xx_hal_pcd.o
                                                  build/usbd_conf.o
HAL_PCD_EP_GetRxCount                             build/stm32f0xx_hal_pcd.o
                                                  build/usbd_conf.o
HAL_PCD_EP_Open                                   build/stm32f0xx_hal_pcd.o
                                                  build/usbd_conf.o
HAL_PCD_EP_Receive                                build/stm32f0xx_hal_pcd.o
                                                  build/usbd_conf.o
HAL_PCD_EP_SetStall                               build/stm32f0xx_hal_pcd.o
                                                  build/usbd_conf.o
HAL_PCD_EP_Transmit                               build/stm32f0xx_hal_pcd.o
                                                  build/usbd_conf.o
HAL_PCD_GetState                                  build/stm32f0xx_hal_pcd.o
HAL_PCD_IRQHandler                                build/stm32f0xx_hal_pcd.o
                                                  build/stm32f0xx_it.o
HAL_PCD_ISOINIncompleteCallback                   build/usbd_conf.o
                                                  build/stm32f0xx_hal_pcd.o
HAL_PCD_ISOOUTIncompleteCallback                  build/usbd_conf.o
                                                  build/stm32f0xx_hal_pcd.o
HAL_PCD_Init                                      build/stm32f0xx_hal_pcd.o
                                                  build/usbd_conf.o
HAL_PCD_MspDeInit                                 build/usbd_conf.o
                                                  build/stm32f0xx_hal_pcd.o
HAL_PCD_MspInit                                   build/usbd_conf.o
                                                  build/stm32f0xx_hal_pcd.o
HAL_PCD_ResetCallback                             build/usbd_conf.o
                                                  build/stm32f0xx_hal_pcd.o
HAL_PCD_ResumeCallback                            build/usbd_conf.o
                                                  build/stm32f0xx_hal_pcd.o
HAL_PCD_SOFCallback                               build/usbd_conf.o
                                                  build/stm32f0xx_hal_pcd.o
HAL_PCD_SetAddress                                build/stm32f0xx_hal_pcd.o
                                                  build/usbd_conf.o
HAL_PCD_SetupStageCallback                        build/usbd_conf.o
                                                  build/stm32f0xx_hal_pcd.o
HAL_PCD_Start                                     build/stm32f0xx_hal_pcd.o
                                                  build/usbd_conf.o
HAL_PCD_Stop                                      build/stm32f0xx_hal_pcd.o
                                                  build/usbd_conf.o
HAL_PCD_SuspendCallback                           build/usbd_conf.o
                                                  build/stm32f0xx_hal_pcd.o
HAL_PWREx_DisableVddio2Monitor                    build/stm32f0xx_hal_pwr_ex.o
HAL_PWREx_EnableVddio2Monitor                     build/stm32f0xx_hal_pwr_ex.o
HAL_PWREx_Vddio2MonitorCallback                   build/stm32f0xx_hal_pwr_ex.o
HAL_PWREx_Vddio2Monitor_IRQHandler                build/stm32f0xx_hal_pwr_ex.o
HAL_PWR_ConfigPVD                                 build/stm32f0xx_hal_pwr_ex.o
HAL_PWR_DeInit                                    build/stm32f0xx_hal_pwr.o
HAL_PWR_DisableBkUpAccess                         build/stm32f0xx_hal_pwr.o
HAL_PWR_DisablePVD                                build/stm32f0xx_hal_pwr_ex.o
HAL_PWR_DisableSEVOnPend                          build/stm32f0xx_hal_pwr.o
HAL_PWR_DisableSleepOnExit                        build/stm32f0xx_hal_pwr.o
HAL_PWR_DisableWakeUpPin                          build/stm32f0xx_hal_pwr.o
HAL_PWR_EnableBkUpAccess                          build/stm32f0xx_hal_pwr.o
HAL_PWR_EnablePVD                                 build/stm32f0xx_hal_pwr_ex.o
HAL_PWR_EnableSEVOnPend                           build/stm32f0xx_hal_pwr.o
HAL_PWR_EnableSleepOnExit                         build/stm32f0xx_hal_pwr.o
HAL_PWR_EnableWakeUpPin                           build/stm32f0xx_hal_pwr.o
HAL_PWR_EnterSLEEPMode                            build/stm32f0xx_hal_pwr.o
HAL_PWR_EnterSTANDBYMode                          build/stm32f0xx_hal_pwr.o
HAL_PWR_EnterSTOPMode                             build/stm32f0xx_hal_pwr.o
HAL_PWR_PVDCallback                               build/stm32f0xx_hal_pwr_ex.o
HAL_PWR_PVD_IRQHandler                            build/stm32f0xx_hal_pwr_ex.o
HAL_RCCEx_CRSConfig                               build/stm32f0xx_hal_rcc_ex.o
HAL_RCCEx_CRSGetSynchronizationInfo               build/stm32f0xx_hal_rcc_ex.o
HAL_RCCEx_CRSSoftwareSynchronizationGenerate      build/stm32f0xx_hal_rcc_ex.o
HAL_RCCEx_CRSWaitSynchronization                  build/stm32f0xx_hal_rcc_ex.o
HAL_RCCEx_CRS_ErrorCallback                       build/stm32f0xx_hal_rcc_ex.o
HAL_RCCEx_CRS_ExpectedSyncCallback                build/stm32f0xx_hal_rcc_ex.o
HAL_RCCEx_CRS_IRQHandler                          build/stm32f0xx_hal_rcc_ex.o
HAL_RCCEx_CRS_SyncOkCallback                      build/stm32f0xx_hal_rcc_ex.o
HAL_RCCEx_CRS_SyncWarnCallback                    build/stm32f0xx_hal_rcc_ex.o
HAL_RCCEx_GetPeriphCLKConfig                      build/stm32f0xx_hal_rcc_ex.o
HAL_RCCEx_GetPeriphCLKFreq                        build/stm32f0xx_hal_rcc_ex.o
HAL_RCCEx_PeriphCLKConfig                         build/stm32f0xx_hal_rcc_ex.o
                                                  build/main.o
HAL_RCC_CSSCallback                               build/stm32f0xx_hal_rcc.o
HAL_RCC_ClockConfig                               build/stm32f0xx_hal_rcc.o
                                                  build/main.o
HAL_RCC_DeInit                                    build/stm32f0xx_hal_rcc.o
HAL_RCC_DisableCSS                                build/stm32f0xx_hal_rcc.o
HAL_RCC_EnableCSS                                 build/stm32f0xx_hal_rcc.o
HAL_RCC_GetClockConfig                            build/stm32f0xx_hal_rcc.o
HAL_RCC_GetHCLKFreq                               build/stm32f0xx_hal_rcc.o
HAL_RCC_GetOscConfig                              build/stm32f0xx_hal_rcc.o
HAL_RCC_GetPCLK1Freq                              build/stm32f0xx_hal_rcc.o
                                                  build/stm32f0xx_hal_rcc_ex.o
HAL_RCC_GetSysClockFreq                           build/stm32f0xx_hal_rcc.o
                                                  build/stm32f0xx_hal_rcc_ex.o
HAL_RCC_MCOConfig                                 build/stm32f0xx_hal_rcc.o
HAL_RCC_NMI_IRQHandler                            build/stm32f0xx_hal_rcc.o
HAL_RCC_OscConfig                                 build/stm32f0xx_hal_rcc.o
                                                  build/main.o
HAL_ResumeTick                                    build/stm32f0xx_hal.o
HAL_SYSTICK_CLKSourceConfig                       build/stm32f0xx_hal_cortex.o
HAL_SYSTICK_Callback                              build/stm32f0xx_hal_cortex.o
HAL_SYSTICK_Config                                build/stm32f0xx_hal_cortex.o
                                                  build/stm32f0xx_hal.o
HAL_SYSTICK_IRQHandler                            build/stm32f0xx_hal_cortex.o
HAL_SetTickFreq                                   build/stm32f0xx_hal.o
HAL_SuspendTick                                   build/stm32f0xx_hal.o
HAL_TIMEx_BreakCallback                           build/stm32f0xx_hal_tim_ex.o
                                                  build/stm32f0xx_hal_tim.o
HAL_TIMEx_CommutCallback                          build/stm32f0xx_hal_tim_ex.o
                                                  build/stm32f0xx_hal_tim.o
HAL_TIMEx_CommutHalfCpltCallback                  build/stm32f0xx_hal_tim_ex.o
HAL_TIMEx_ConfigBreakDeadTime                     build/stm32f0xx_hal_tim_ex.o
HAL_TIMEx_ConfigCommutEvent                       build/stm32f0xx_hal_tim_ex.o
HAL_TIMEx_ConfigCommutEvent_DMA                   build/stm32f0xx_hal_tim_ex.o
HAL_TIMEx_ConfigCommutEvent_IT                    build/stm32f0xx_hal_tim_ex.o
HAL_TIMEx_GetChannelNState                        build/stm32f0xx_hal_tim_ex.o
HAL_TIMEx_HallSensor_DeInit                       build/stm32f0xx_hal_tim_ex.o
HAL_TIMEx_HallSensor_GetState                     build/stm32f0xx_hal_tim_ex.o
HAL_TIMEx_HallSensor_Init                         build/stm32f0xx_hal_tim_ex.o
HAL_TIMEx_HallSensor_MspDeInit                    build/stm32f0xx_hal_tim_ex.o
HAL_TIMEx_HallSensor_MspInit                      build/stm32f0xx_hal_tim_ex.o
HAL_TIMEx_HallSensor_Start                        build/stm32f0xx_hal_tim_ex.o
HAL_TIMEx_HallSensor_Start_DMA                    build/stm32f0xx_hal_tim_ex.o
HAL_TIMEx_HallSensor_Start_IT                     build/stm32f0xx_hal_tim_ex.o
HAL_TIMEx_HallSensor_Stop                         build/stm32f0xx_hal_tim_ex.o
HAL_TIMEx_HallSensor_Stop_DMA                     build/stm32f0xx_hal_tim_ex.o
HAL_TIMEx_HallSensor_Stop_IT                      build/stm32f0xx_hal_tim_ex.o
HAL_TIMEx_MasterConfigSynchronization             build/stm32f0xx_hal_tim_ex.o
                                                  build/main.o
HAL_TIMEx_OCN_Start                               build/stm32f0xx_hal_tim_ex.o
HAL_TIMEx_OCN_Start_DMA                           build/stm32f0xx_hal_tim_ex.o
HAL_TIMEx_OCN_Start_IT                            build/stm32f0xx_hal_tim_ex.o
HAL_TIMEx_OCN_Stop                                build/stm32f0xx_hal_tim_ex.o
HAL_TIMEx_OCN_Stop_DMA                            build/stm32f0xx_hal_tim_ex.o
HAL_TIMEx_OCN_Stop_IT                             build/stm32f0xx_hal_tim_ex.o
HAL_TIMEx_OnePulseN_Start                         build/stm32f0xx_hal_tim_ex.o
HAL_TIMEx_OnePulseN_Start_IT                      build/stm32f0xx_hal_tim_ex.o
HAL_TIMEx_OnePulseN_Stop                          build/stm32f0xx_hal_tim_ex.o
HAL_TIMEx_OnePulseN_Stop_IT                       build/stm32f0xx_hal_tim_ex.o
HAL_TIMEx_PWMN_Start                              build/stm32f0xx_hal_tim_ex.o
HAL_TIMEx_PWMN_Start_DMA                          build/stm32f0xx_hal_tim_ex.o
HAL_TIMEx_PWMN_Start_IT                           build/stm32f0xx_hal_tim_ex.o
HAL_TIMEx_PWMN_Stop                               build/stm32f0xx_hal_tim_ex.o
HAL_TIMEx_PWMN_Stop_DMA                           build/stm32f0xx_hal_tim_ex.o
HAL_TIMEx_PWMN_Stop_IT                            build/stm32f0xx_hal_tim_ex.o
HAL_TIMEx_RemapConfig                             build/stm32f0xx_hal_tim_ex.o
HAL_TIM_Base_DeInit                               build/stm32f0xx_hal_tim.o
HAL_TIM_Base_GetState                             build/stm32f0xx_hal_tim.o
HAL_TIM_Base_Init                                 build/stm32f0xx_hal_tim.o
                                                  build/main.o
HAL_TIM_Base_MspDeInit                            build/stm32f0xx_hal_msp.o
HAL_TIM_Base_MspInit                              build/stm32f0xx_hal_msp.o