Archive member included to satisfy reference by file (symbol)

C:/ST/STM32CubeCLT_1.17.0/GNU-tools-for-STM32/bin/../lib/gcc/arm-none-eabi/12.3.1/../../../../arm-none-eabi/lib/thumb/v6-m/nofp\libc_nano.a(libc_a-exit.o)
                              C:/ST/STM32CubeCLT_1.17.0/GNU-tools-for-STM32/bin/../lib/gcc/arm-none-eabi/12.3.1/../../../../arm-none-eabi/lib/thumb/v6-m/nofp/crt0.o (exit)
C:/ST/STM32CubeCLT_1.17.0/GNU-tools-for-STM32/bin/../lib/gcc/arm-none-eabi/12.3.1/../../../../arm-none-eabi/lib/thumb/v6-m/nofp\libc_nano.a(libc_a-findfp.o)
                              C:/ST/STM32CubeCLT_1.17.0/GNU-tools-for-STM32/bin/../lib/gcc/arm-none-eabi/12.3.1/../../../../arm-none-eabi/lib/thumb/v6-m/nofp\libc_nano.a(libc_a-exit.o) (__stdio_exit_handler)
C:/ST/STM32CubeCLT_1.17.0/GNU-tools-for-STM32/bin/../lib/gcc/arm-none-eabi/12.3.1/../../../../arm-none-eabi/lib/thumb/v6-m/nofp\libc_nano.a(libc_a-fwalk.o)
                              C:/ST/STM32CubeCLT_1.17.0/GNU-tools-for-STM32/bin/../lib/gcc/arm-none-eabi/12.3.1/../../../../arm-none-eabi/lib/thumb/v6-m/nofp\libc_nano.a(libc_a-findfp.o) (_fwalk_sglue)
C:/ST/STM32CubeCLT_1.17.0/GNU-tools-for-STM32/bin/../lib/gcc/arm-none-eabi/12.3.1/../../../../arm-none-eabi/lib/thumb/v6-m/nofp\libc_nano.a(libc_a-stdio.o)
                              C:/ST/STM32CubeCLT_1.17.0/GNU-tools-for-STM32/bin/../lib/gcc/arm-none-eabi/12.3.1/../../../../arm-none-eabi/lib/thumb/v6-m/nofp\libc_nano.a(libc_a-findfp.o) (__sread)
C:/ST/STM32CubeCLT_1.17.0/GNU-tools-for-STM32/bin/../lib/gcc/arm-none-eabi/12.3.1/../../../../arm-none-eabi/lib/thumb/v6-m/nofp\libc_nano.a(libc_a-memset.o)
                              C:/ST/STM32CubeCLT_1.17.0/GNU-tools-for-STM32/bin/../lib/gcc/arm-none-eabi/12.3.1/../../../../arm-none-eabi/lib/thumb/v6-m/nofp/crt0.o (memset)
C:/ST/STM32CubeCLT_1.17.0/GNU-tools-for-STM32/bin/../lib/gcc/arm-none-eabi/12.3.1/../../../../arm-none-eabi/lib/thumb/v6-m/nofp\libc_nano.a(libc_a-closer.o)
                              C:/ST/STM32CubeCLT_1.17.0/GNU-tools-for-STM32/bin/../lib/gcc/arm-none-eabi/12.3.1/../../../../arm-none-eabi/lib/thumb/v6-m/nofp\libc_nano.a(libc_a-stdio.o) (_close_r)
C:/ST/STM32CubeCLT_1.17.0/GNU-tools-for-STM32/bin/../lib/gcc/arm-none-eabi/12.3.1/../../../../arm-none-eabi/lib/thumb/v6-m/nofp\libc_nano.a(libc_a-reent.o)
                              C:/ST/STM32CubeCLT_1.17.0/GNU-tools-for-STM32/bin/../lib/gcc/arm-none-eabi/12.3.1/../../../../arm-none-eabi/lib/thumb/v6-m/nofp\libc_nano.a(libc_a-closer.o) (errno)
C:/ST/STM32CubeCLT_1.17.0/GNU-tools-for-STM32/bin/../lib/gcc/arm-none-eabi/12.3.1/../../../../arm-none-eabi/lib/thumb/v6-m/nofp\libc_nano.a(libc_a-impure.o)
                              C:/ST/STM32CubeCLT_1.17.0/GNU-tools-for-STM32/bin/../lib/gcc/arm-none-eabi/12.3.1/../../../../arm-none-eabi/lib/thumb/v6-m/nofp\libc_nano.a(libc_a-reent.o) (_impure_ptr)
C:/ST/STM32CubeCLT_1.17.0/GNU-tools-for-STM32/bin/../lib/gcc/arm-none-eabi/12.3.1/../../../../arm-none-eabi/lib/thumb/v6-m/nofp\libc_nano.a(libc_a-lseekr.o)
                              C:/ST/STM32CubeCLT_1.17.0/GNU-tools-for-STM32/bin/../lib/gcc/arm-none-eabi/12.3.1/../../../../arm-none-eabi/lib/thumb/v6-m/nofp\libc_nano.a(libc_a-stdio.o) (_lseek_r)
C:/ST/STM32CubeCLT_1.17.0/GNU-tools-for-STM32/bin/../lib/gcc/arm-none-eabi/12.3.1/../../../../arm-none-eabi/lib/thumb/v6-m/nofp\libc_nano.a(libc_a-readr.o)
                              C:/ST/STM32CubeCLT_1.17.0/GNU-tools-for-STM32/bin/../lib/gcc/arm-none-eabi/12.3.1/../../../../arm-none-eabi/lib/thumb/v6-m/nofp\libc_nano.a(libc_a-stdio.o) (_read_r)
C:/ST/STM32CubeCLT_1.17.0/GNU-tools-for-STM32/bin/../lib/gcc/arm-none-eabi/12.3.1/../../../../arm-none-eabi/lib/thumb/v6-m/nofp\libc_nano.a(libc_a-writer.o)
                              C:/ST/STM32CubeCLT_1.17.0/GNU-tools-for-STM32/bin/../lib/gcc/arm-none-eabi/12.3.1/../../../../arm-none-eabi/lib/thumb/v6-m/nofp\libc_nano.a(libc_a-stdio.o) (_write_r)
C:/ST/STM32CubeCLT_1.17.0/GNU-tools-for-STM32/bin/../lib/gcc/arm-none-eabi/12.3.1/../../../../arm-none-eabi/lib/thumb/v6-m/nofp\libc_nano.a(libc_a-init.o)
                              C:/ST/STM32CubeCLT_1.17.0/GNU-tools-for-STM32/bin/../lib/gcc/arm-none-eabi/12.3.1/../../../../arm-none-eabi/lib/thumb/v6-m/nofp/crt0.o (__libc_init_array)
C:/ST/STM32CubeCLT_1.17.0/GNU-tools-for-STM32/bin/../lib/gcc/arm-none-eabi/12.3.1/../../../../arm-none-eabi/lib/thumb/v6-m/nofp\libc_nano.a(libc_a-lock.o)
                              C:/ST/STM32CubeCLT_1.17.0/GNU-tools-for-STM32/bin/../lib/gcc/arm-none-eabi/12.3.1/../../../../arm-none-eabi/lib/thumb/v6-m/nofp\libc_nano.a(libc_a-findfp.o) (__retarget_lock_init_recursive)
C:/ST/STM32CubeCLT_1.17.0/GNU-tools-for-STM32/bin/../lib/gcc/arm-none-eabi/12.3.1/../../../../arm-none-eabi/lib/thumb/v6-m/nofp\libc_nano.a(libc_a-freer.o)
                              C:/ST/STM32CubeCLT_1.17.0/GNU-tools-for-STM32/bin/../lib/gcc/arm-none-eabi/12.3.1/../../../../arm-none-eabi/lib/thumb/v6-m/nofp\libc_nano.a(libc_a-reent.o) (_free_r)
[...]
Memory Configuration

Name             Origin             Length             Attributes
RAM              0x20000000         0x00001800         xrw
FLASH            0x08000000         0x00008000         xr
*default*        0x00000000         0xffffffff

Linker script and memory map

LOAD C:/ST/STM32CubeCLT_1.17.0/GNU-tools-for-STM32/bin/../lib/gcc/arm-none-eabi/12.3.1/thumb/v6-m/nofp/crti.o
LOAD C:/ST/STM32CubeCLT_1.17.0/GNU-tools-for-STM32/bin/../lib/gcc/arm-none-eabi/12.3.1/thumb/v6-m/nofp/crtbegin.o
LOAD C:/ST/STM32CubeCLT_1.17.0/GNU-tools-for-STM32/bin/../lib/gcc/arm-none-eabi/12.3.1/../../../../arm-none-eabi/lib/thumb/v6-m/nofp/crt0.o
START GROUP
LOAD C:/ST/STM32CubeCLT_1.17.0/GNU-tools-for-STM32/bin/../lib/gcc/arm-none-eabi/12.3.1/../../../../arm-none-eabi/lib/thumb/v6-m/nofp\libc_nano.a
LOAD C:/ST/STM32CubeCLT_1.17.0/GNU-tools-for-STM32/bin/../lib/gcc/arm-none-eabi/12.3.1/../../../../arm-none-eabi/lib/thumb/v6-m/nofp\libm.a
END GROUP
LOAD CMakeFiles/business_card.dir/Core/Src/main.c.obj
LOAD CMakeFiles/business_card.dir/Core/Src/gpio.c.obj
LOAD CMakeFiles/business_card.dir/Core/Src/tim.c.obj
LOAD CMakeFiles/business_card.dir/Core/Src/stm32f0xx_it.c.obj
LOAD CMakeFiles/business_card.dir/Core/Src/stm32f0xx_hal_msp.c.obj
LOAD CMakeFiles/business_card.dir/USB_DEVICE/App/usb_device.c.obj
LOAD CMakeFiles/business_card.dir/USB_DEVICE/App/usbd_desc.c.obj
LOAD CMakeFiles/business_card.dir/USB_DEVICE/App/usbd_cdc_if.c.obj
LOAD CMakeFiles/business_card.dir/USB_DEVICE/Target/usbd_conf.c.obj
LOAD CMakeFiles/business_card.dir/Drivers/STM32F0xx_HAL_Driver/Src/stm32f0xx_ll_usb.c.obj
LOAD CMakeFiles/business_card.dir/Drivers/STM32F0xx_HAL_Driver/Src/stm32f0xx_hal_pcd.c.obj
LOAD CMakeFiles/business_card.dir/Drivers/STM32F0xx_HAL_Driver/Src/stm32f0xx_hal_pcd_ex.c.obj
LOAD CMakeFiles/business_card.dir/Drivers/STM32F0xx_HAL_Driver/Src/stm32f0xx_hal_rcc.c.obj
LOAD CMakeFiles/business_card.dir/Drivers/STM32F0xx_HAL_Driver/Src/stm32f0xx_hal_rcc_ex.c.obj
LOAD CMakeFiles/business_card.dir/Drivers/STM32F0xx_HAL_Driver/Src/stm32f0xx_hal.c.obj
LOAD CMakeFiles/business_card.dir/Drivers/STM32F0xx_HAL_Driver/Src/stm32f0xx_hal_i2c.c.obj
LOAD CMakeFiles/business_card.dir/Drivers/STM32F0xx_HAL_Driver/Src/stm32f0xx_hal_i2c_ex.c.obj
LOAD CMakeFiles/business_card.dir/Drivers/STM32F0xx_HAL_Driver/Src/stm32f0xx_hal_gpio.c.obj
LOAD CMakeFiles/business_card.dir/Drivers/STM32F0xx_HAL_Driver/Src/stm32f0xx_hal_dma.c.obj
LOAD CMakeFiles/business_card.dir/Drivers/STM32F0xx_HAL_Driver/Src/stm32f0xx_hal_cortex.c.obj
LOAD CMakeFiles/business_card.dir/Drivers/STM32F0xx_HAL_Driver/Src/stm32f0xx_hal_pwr.c.obj
LOAD CMakeFiles/business_card.dir/Drivers/STM32F0xx_HAL_Driver/Src/stm32f0xx_hal_pwr_ex.c.obj
LOAD CMakeFiles/business_card.dir/Drivers/STM32F0xx_HAL_Driver/Src/stm32f0xx_hal_flash.c.obj
LOAD CMakeFiles/business_card.dir/Drivers/STM32F0xx_HAL_Driver/Src/stm32f0xx_hal_flash_ex.c.obj
LOAD CMakeFiles/business_card.dir/Drivers/STM32F0xx_HAL_Driver/Src/stm32f0xx_hal_exti.c.obj
LOAD CMakeFiles/business_card.dir/Drivers/STM32F0xx_HAL_Driver/Src/stm32f0xx_hal_tim.c.obj
LOAD CMakeFiles/business_card.dir/Drivers/STM32F0xx_HAL_Driver/Src/stm32f0xx_hal_tim_ex.c.obj
LOAD CMakeFiles/business_card.dir/Core/Src/system_stm32f0xx.c.obj
LOAD CMakeFiles/business_card.dir/Middlewares/ST/STM32_USB_Device_Library/Core/Src/usbd_core.c.obj
LOAD CMakeFiles/business_card.dir/Middlewares/ST/STM32_USB_Device_Library/Core/Src/usbd_ctlreq.c.obj
LOAD CMakeFiles/business_card.dir/Middlewares/ST/STM32_USB_Device_Library/Core/Src/usbd_ioreq.c.obj
LOAD CMakeFiles/business_card.dir/Middlewares/ST/STM32_USB_Device_Library/Class/CDC/Src/usbd_cdc.c.obj
LOAD CMakeFiles/business_card.dir/Core/Src/sysmem.c.obj
LOAD CMakeFiles/business_card.dir/Core/Src/syscalls.c.obj
LOAD CMakeFiles/business_card.dir/startup_stm32f042x6.s.obj
START GROUP
LOAD C:/ST/STM32CubeCLT_1.17.0/GNU-tools-for-STM32/bin/../lib/gcc/arm-none-eabi/12.3.1/thumb/v6-m/nofp\libgcc.a
LOAD C:/ST/STM32CubeCLT_1.17.0/GNU-tools-for-STM32/bin/../lib/gcc/arm-none-eabi/12.3.1/../../../../arm-none-eabi/lib/thumb/v6-m/nofp\libc_nano.a
END GROUP
START GROUP
LOAD C:/ST/STM32CubeCLT_1.17.0/GNU-tools-for-STM32/bin/../lib/gcc/arm-none-eabi/12.3.1/thumb/v6-m/nofp\libgcc.a
LOAD C:/ST/STM32CubeCLT_1.17.0/GNU-tools-for-STM32/bin/../lib/gcc/arm-none-eabi/12.3.1/../../../../arm-none-eabi/lib/thumb/v6-m/nofp\libc_nano.a
END GROUP
LOAD C:/ST/STM32CubeCLT_1.17.0/GNU-tools-for-STM32/bin/../lib/gcc/arm-none-eabi/12.3.1/thumb/v6-m/nofp/crtend.o
LOAD C:/ST/STM32CubeCLT_1.17.0/GNU-tools-for-STM32/bin/../lib/gcc/arm-none-eabi/12.3.1/thumb/v6-m/nofp/crtn.o
                0x20001800                        _estack = (ORIGIN (RAM) + LENGTH (RAM))
                0x00000200                        _Min_Heap_Size = 0x200
                0x00000400                        _Min_Stack_Size = 0x400

.isr_vector     0x08000000       0xc0
                0x08000000                        . = ALIGN (0x4)
 *(.isr_vector)
 .isr_vector    0x08000000       0xc0 CMakeFiles/business_card.dir/startup_stm32f042x6.s.obj
                0x08000000                g_pfnVectors
                0x080000c0                        . = ALIGN (0x4)

.text           0x080000c0     0x39a8
                0x080000c0                        . = ALIGN (0x4)
 *(.text)
 .text          0x080000c0       0x48 C:/ST/STM32CubeCLT_1.17.0/GNU-tools-for-STM32/bin/../lib/gcc/arm-none-eabi/12.3.1/thumb/v6-m/nofp/crtbegin.o
 .text          0x08000108       0x14 C:/ST/STM32CubeCLT_1.17.0/GNU-tools-for-STM32/bin/../lib/gcc/arm-none-eabi/12.3.1/thumb/v6-m/nofp\libgcc.a(_thumb1_case_uqi.o)
                0x08000108                __gnu_thumb1_case_uqi
 .text          0x0800011c       0x14 C:/ST/STM32CubeCLT_1.17.0/GNU-tools-for-STM32/bin/../lib/gcc/arm-none-eabi/12.3.1/thumb/v6-m/nofp\libgcc.a(_thumb1_case_uhi.o)
                0x0800011c                __gnu_thumb1_case_uhi
 .text          0x08000130      0x114 C:/ST/STM32CubeCLT_1.17.0/GNU-tools-for-STM32/bin/../lib/gcc/arm-none-eabi/12.3.1/thumb/v6-m/nofp\libgcc.a(_udivsi3.o)
                0x08000130                __aeabi_uidiv
                0x08000130                __udivsi3
                0x0800023c                __aeabi_uidivmod
 .text          0x08000244        0x4 C:/ST/STM32CubeCLT_1.17.0/GNU-tools-for-STM32/bin/../lib/gcc/arm-none-eabi/12.3.1/thumb/v6-m/nofp\libgcc.a(_dvmd_tls.o)
                0x08000244                __aeabi_idiv0
                0x08000244                __aeabi_ldiv0
 .text          0x08000248        0xe C:/ST/STM32CubeCLT_1.17.0/GNU-tools-for-STM32/bin/../lib/gcc/arm-none-eabi/12.3.1/../../../../arm-none-eabi/lib/thumb/v6-m/nofp\libc_nano.a(libc_a-strlen.o)
                0x08000248                strlen
 *(.text*)
 .text.memset   0x08000256       0x10 C:/ST/STM32CubeCLT_1.17.0/GNU-tools-for-STM32/bin/../lib/gcc/arm-none-eabi/12.3.1/../../../../arm-none-eabi/lib/thumb/v6-m/nofp\libc_nano.a(libc_a-memset.o)
                0x08000256                memset
 *fill*         0x08000266        0x2 
 .text.__libc_init_array
                0x08000268       0x48 C:/ST/STM32CubeCLT_1.17.0/GNU-tools-for-STM32/bin/../lib/gcc/arm-none-eabi/12.3.1/../../../../arm-none-eabi/lib/thumb/v6-m/nofp\libc_nano.a(libc_a-init.o)
                0x08000268                __libc_init_array
 .text.SystemClock_Config
                0x080002b0       0x6e CMakeFiles/business_card.dir/Core/Src/main.c.obj
                0x080002b0                SystemClock_Config
 .text.startup.main
                0x0800031e       0xb0 CMakeFiles/business_card.dir/Core/Src/main.c.obj
                0x0800031e                main
 .text.Error_Handler
                0x080003ce        0x4 CMakeFiles/business_card.dir/Core/Src/main.c.obj
                0x080003ce                Error_Handler
 *fill*         0x080003d2        0x2 
 .text.MX_GPIO_Init
                0x080003d4       0x60 CMakeFiles/business_card.dir/Core/Src/gpio.c.obj
                0x080003d4                MX_GPIO_Init
 .text.HAL_TIM_Base_MspInit
                0x08000434       0x28 CMakeFiles/business_card.dir/Core/Src/tim.c.obj
                0x08000434                HAL_TIM_Base_MspInit
 .text.HAL_TIM_MspPostInit
                0x0800045c       0x50 CMakeFiles/business_card.dir/Core/Src/tim.c.obj
                0x0800045c                HAL_TIM_MspPostInit
 .text.MX_TIM3_Init
                0x080004ac       0xb4 CMakeFiles/business_card.dir/Core/Src/tim.c.obj
                0x080004ac                MX_TIM3_Init
 .text.NMI_Handler
                0x08000560        0x2 CMakeFiles/business_card.dir/Core/Src/stm32f0xx_it.c.obj
                0x08000560                NMI_Handler
 .text.HardFault_Handler
                0x08000562        0x2 CMakeFiles/business_card.dir/Core/Src/stm32f0xx_it.c.obj
                0x08000562                HardFault_Handler
 .text.SVC_Handler
                0x08000564        0x2 CMakeFiles/business_card.dir/Core/Src/stm32f0xx_it.c.obj
                0x08000564                SVC_Handler
 .text.PendSV_Handler
                0x08000566        0x2 CMakeFiles/business_card.dir/Core/Src/stm32f0xx_it.c.obj
                0x08000566                PendSV_Handler
 .text.SysTick_Handler
                0x08000568        0x8 CMakeFiles/business_card.dir/Core/Src/stm32f0xx_it.c.obj
                0x08000568                SysTick_Handler
 .text.USB_IRQHandler
                0x08000570       0x10 CMakeFiles/business_card.dir/Core/Src/stm32f0xx_it.c.obj
                0x08000570                USB_IRQHandler
 .text.HAL_MspInit
                0x08000580       0x3c CMakeFiles/business_card.dir/Core/Src/stm32f0xx_hal_msp.c.obj
                0x08000580                HAL_MspInit
 .text.MX_USB_DEVICE_Init
                0x080005bc       0x58 CMakeFiles/business_card.dir/USB_DEVICE/App/usb_device.c.obj
                0x080005bc                MX_USB_DEVICE_Init
 .text.USBD_FS_DeviceDescriptor
                0x08000614        0xc CMakeFiles/business_card.dir/USB_DEVICE/App/usbd_desc.c.obj
                0x08000614                USBD_FS_DeviceDescriptor
 .text.USBD_FS_LangIDStrDescriptor
                0x08000620        0xc CMakeFiles/business_card.dir/USB_DEVICE/App/usbd_desc.c.obj
                0x08000620                USBD_FS_LangIDStrDescriptor
 .text.IntToUnicode
                0x0800062c       0x26 CMakeFiles/business_card.dir/USB_DEVICE/App/usbd_desc.c.obj
 *fill*         0x08000652        0x2 
 .text.USBD_FS_SerialStrDescriptor
                0x08000654       0x48 CMakeFiles/business_card.dir/USB_DEVICE/App/usbd_desc.c.obj
                0x08000654                USBD_FS_SerialStrDescriptor
 .text.USBD_FS_ManufacturerStrDescriptor
                0x0800069c       0x1c CMakeFiles/business_card.dir/USB_DEVICE/App/usbd_desc.c.obj
                0x0800069c                USBD_FS_ManufacturerStrDescriptor
 .text.USBD_FS_ProductStrDescriptor
                0x080006b8       0x1c CMakeFiles/business_card.dir/USB_DEVICE/App/usbd_desc.c.obj
                0x080006b8                USBD_FS_ProductStrDescriptor
 .text.USBD_FS_ConfigStrDescriptor
                0x080006d4       0x1c CMakeFiles/business_card.dir/USB_DEVICE/App/usbd_desc.c.obj
                0x080006d4                USBD_FS_ConfigStrDescriptor
 .text.USBD_FS_InterfaceStrDescriptor
                0x080006f0       0x1c CMakeFiles/business_card.dir/USB_DEVICE/App/usbd_desc.c.obj
                0x080006f0                USBD_FS_InterfaceStrDescriptor
 .text.CDC_DeInit_FS
                0x0800070c        0x4 CMakeFiles/business_card.dir/USB_DEVICE/App/usbd_cdc_if.c.obj
 .text.CDC_Control_FS
                0x08000710        0x4 CMakeFiles/business_card.dir/USB_DEVICE/App/usbd_cdc_if.c.obj
 .text.CDC_Receive_FS
                0x08000714       0x1c CMakeFiles/business_card.dir/USB_DEVICE/App/usbd_cdc_if.c.obj
 .text.CDC_Init_FS
                0x08000730       0x28 CMakeFiles/business_card.dir/USB_DEVICE/App/usbd_cdc_if.c.obj
 .text.USBD_Get_USB_Status
                0x08000758        0xe CMakeFiles/business_card.dir/USB_DEVICE/Target/usbd_conf.c.obj
 *fill*         0x08000766        0x2 
 .text.HAL_PCD_MspInit
                0x08000768       0x38 CMakeFiles/business_card.dir/USB_DEVICE/Target/usbd_conf.c.obj
                0x08000768                HAL_PCD_MspInit
 .text.HAL_PCD_SetupStageCallback
                0x080007a0       0x12 CMakeFiles/business_card.dir/USB_DEVICE/Target/usbd_conf.c.obj
                0x080007a0                HAL_PCD_SetupStageCallback
 .text.HAL_PCD_DataOutStageCallback
                0x080007b2       0x18 CMakeFiles/business_card.dir/USB_DEVICE/Target/usbd_conf.c.obj
                0x080007b2                HAL_PCD_DataOutStageCallback
 .text.HAL_PCD_DataInStageCallback
                0x080007ca       0x16 CMakeFiles/business_card.dir/USB_DEVICE/Target/usbd_conf.c.obj
                0x080007ca                HAL_PCD_DataInStageCallback
 .text.HAL_PCD_SOFCallback
                0x080007e0        0xe CMakeFiles/business_card.dir/USB_DEVICE/Target/usbd_conf.c.obj
                0x080007e0                HAL_PCD_SOFCallback
 .text.HAL_PCD_ResetCallback
                0x080007ee       0x22 CMakeFiles/business_card.dir/USB_DEVICE/Target/usbd_conf.c.obj
                0x080007ee                HAL_PCD_ResetCallback
 .text.HAL_PCD_SuspendCallback
                0x08000810       0x24 CMakeFiles/business_card.dir/USB_DEVICE/Target/usbd_conf.c.obj
                0x08000810                HAL_PCD_SuspendCallback
 .text.HAL_PCD_ResumeCallback
                0x08000834       0x28 CMakeFiles/business_card.dir/USB_DEVICE/Target/usbd_conf.c.obj
                0x08000834                HAL_PCD_ResumeCallback
 .text.USBD_LL_Init
                0x0800085c       0x80 CMakeFiles/business_card.dir/USB_DEVICE/Target/usbd_conf.c.obj
                0x0800085c                USBD_LL_Init
 .text.USBD_LL_Start
                0x080008dc       0x12 CMakeFiles/business_card.dir/USB_DEVICE/Target/usbd_conf.c.obj
                0x080008dc                USBD_LL_Start
 .text.USBD_LL_OpenEP
                0x080008ee       0x18 CMakeFiles/business_card.dir/USB_DEVICE/Target/usbd_conf.c.obj
                0x080008ee                USBD_LL_OpenEP
 .text.USBD_LL_CloseEP
                0x08000906       0x12 CMakeFiles/business_card.dir/USB_DEVICE/Target/usbd_conf.c.obj
                0x08000906                USBD_LL_CloseEP
 .text.USBD_LL_StallEP
                0x08000918       0x12 CMakeFiles/business_card.dir/USB_DEVICE/Target/usbd_conf.c.obj
                0x08000918                USBD_LL_StallEP
 .text.USBD_LL_ClearStallEP
                0x0800092a       0x12 CMakeFiles/business_card.dir/USB_DEVICE/Target/usbd_conf.c.obj
                0x0800092a                USBD_LL_ClearStallEP
 .text.USBD_LL_IsStallEP
                0x0800093c       0x26 CMakeFiles/business_card.dir/USB_DEVICE/Target/usbd_conf.c.obj
                0x0800093c                USBD_LL_IsStallEP
 .text.USBD_LL_SetUSBAddress
                0x08000962       0x12 CMakeFiles/business_card.dir/USB_DEVICE/Target/usbd_conf.c.obj
                0x08000962                USBD_LL_SetUSBAddress
 .text.USBD_LL_Transmit
                0x08000974       0x12 CMakeFiles/business_card.dir/USB_DEVICE/Target/usbd_conf.c.obj
                0x08000974                USBD_LL_Transmit
 .text.USBD_LL_PrepareReceive
                0x08000986       0x12 CMakeFiles/business_card.dir/USB_DEVICE/Target/usbd_conf.c.obj
                0x08000986                USBD_LL_PrepareReceive
 .text.USBD_LL_GetRxDataSize
                0x08000998        0xe CMakeFiles/business_card.dir/USB_DEVICE/Target/usbd_conf.c.obj
                0x08000998                USBD_LL_GetRxDataSize
 *fill*         0x080009a6        0x2 
 .text.USBD_static_malloc
                0x080009a8        0x8 CMakeFiles/business_card.dir/USB_DEVICE/Target/usbd_conf.c.obj
                0x080009a8                USBD_static_malloc
 .text.USBD_static_free
                0x080009b0        0x2 CMakeFiles/business_card.dir/USB_DEVICE/Target/usbd_conf.c.obj
                0x080009b0                USBD_static_free
 *fill*         0x080009b2        0x2 
 .text.USB_EnableGlobalInt
                0x080009b4       0x14 CMakeFiles/business_card.dir/Drivers/STM32F0xx_HAL_Driver/Src/stm32f0xx_ll_usb.c.obj
                0x080009b4                USB_EnableGlobalInt
 .text.USB_DisableGlobalInt
                0x080009c8       0x14 CMakeFiles/business_card.dir/Drivers/STM32F0xx_HAL_Driver/Src/stm32f0xx_ll_usb.c.obj
                0x080009c8                USB_DisableGlobalInt
 .text.USB_DevInit
                0x080009dc       0x1a CMakeFiles/business_card.dir/Drivers/STM32F0xx_HAL_Driver/Src/stm32f0xx_ll_usb.c.obj
                0x080009dc                USB_DevInit
 *fill*         0x080009f6        0x2 
 .text.USB_ActivateEndpoint
                0x080009f8      0x220 CMakeFiles/business_card.dir/Drivers/STM32F0xx_HAL_Driver/Src/stm32f0xx_ll_usb.c.obj
                0x080009f8                USB_ActivateEndpoint
 .text.USB_DeactivateEndpoint
                0x08000c18       0xf4 CMakeFiles/business_card.dir/Drivers/STM32F0xx_HAL_Driver/Src/stm32f0xx_ll_usb.c.obj
                0x08000c18                USB_DeactivateEndpoint
 .text.USB_EPSetStall
                0x08000d0c       0x40 CMakeFiles/business_card.dir/Drivers/STM32F0xx_HAL_Driver/Src/stm32f0xx_ll_usb.c.obj
                0x08000d0c                USB_EPSetStall
 .text.USB_EPClearStall
                0x08000d4c       0x74 CMakeFiles/business_card.dir/Drivers/STM32F0xx_HAL_Driver/Src/stm32f0xx_ll_usb.c.obj
                0x08000d4c                USB_EPClearStall
 .text.USB_SetDevAddress
                0x08000dc0        0xe CMakeFiles/business_card.dir/Drivers/STM32F0xx_HAL_Driver/Src/stm32f0xx_ll_usb.c.obj
                0x08000dc0                USB_SetDevAddress
 .text.USB_DevConnect
                0x08000dce       0x10 CMakeFiles/business_card.dir/Drivers/STM32F0xx_HAL_Driver/Src/stm32f0xx_ll_usb.c.obj
                0x08000dce                USB_DevConnect
 .text.USB_ReadInterrupts
                0x08000dde        0x8 CMakeFiles/business_card.dir/Drivers/STM32F0xx_HAL_Driver/Src/stm32f0xx_ll_usb.c.obj
                0x08000dde                USB_ReadInterrupts
 .text.USB_WritePMA
                0x08000de6       0x2a CMakeFiles/business_card.dir/Drivers/STM32F0xx_HAL_Driver/Src/stm32f0xx_ll_usb.c.obj
                0x08000de6                USB_WritePMA
 .text.USB_EPStartXfer
                0x08000e10      0x464 CMakeFiles/business_card.dir/Drivers/STM32F0xx_HAL_Driver/Src/stm32f0xx_ll_usb.c.obj
                0x08000e10                USB_EPStartXfer
 .text.USB_ReadPMA
                0x08001274       0x36 CMakeFiles/business_card.dir/Drivers/STM32F0xx_HAL_Driver/Src/stm32f0xx_ll_usb.c.obj
                0x08001274                USB_ReadPMA
 *fill*         0x080012aa        0x2 
 .text.HAL_PCD_Init
                0x080012ac       0x98 CMakeFiles/business_card.dir/Drivers/STM32F0xx_HAL_Driver/Src/stm32f0xx_hal_pcd.c.obj
                0x080012ac                HAL_PCD_Init
 .text.HAL_PCD_Start
                0x08001344       0x26 CMakeFiles/business_card.dir/Drivers/STM32F0xx_HAL_Driver/Src/stm32f0xx_hal_pcd.c.obj
                0x08001344                HAL_PCD_Start
 .text.HAL_PCD_SetAddress
                0x0800136a       0x22 CMakeFiles/business_card.dir/Drivers/STM32F0xx_HAL_Driver/Src/stm32f0xx_hal_pcd.c.obj
                0x0800136a                HAL_PCD_SetAddress
 .text.HAL_PCD_IRQHandler
                0x0800138c      0x9cc CMakeFiles/business_card.dir/Drivers/STM32F0xx_HAL_Driver/Src/stm32f0xx_hal_pcd.c.obj
                0x0800138c                HAL_PCD_IRQHandler
 .text.HAL_PCD_EP_Open
                0x08001d58       0x58 CMakeFiles/business_card.dir/Drivers/STM32F0xx_HAL_Driver/Src/stm32f0xx_hal_pcd.c.obj
                0x08001d58                HAL_PCD_EP_Open
 .text.HAL_PCD_EP_Close
                0x08001db0       0x4c CMakeFiles/business_card.dir/Drivers/STM32F0xx_HAL_Driver/Src/stm32f0xx_hal_pcd.c.obj
                0x08001db0                HAL_PCD_EP_Close
 .text.HAL_PCD_EP_Receive
                0x08001dfc       0x36 CMakeFiles/business_card.dir/Drivers/STM32F0xx_HAL_Driver/Src/stm32f0xx_hal_pcd.c.obj
                0x08001dfc                HAL_PCD_EP_Receive
 .text.HAL_PCD_EP_GetRxCount
                0x08001e32       0x10 CMakeFiles/business_card.dir/Drivers/STM32F0xx_HAL_Driver/Src/stm32f0xx_hal_pcd.c.obj
                0x08001e32                HAL_PCD_EP_GetRxCount
 .text.HAL_PCD_EP_Transmit
                0x08001e42       0x30 CMakeFiles/business_card.dir/Drivers/STM32F0xx_HAL_Driver/Src/stm32f0xx_hal_pcd.c.obj
                0x08001e42                HAL_PCD_EP_Transmit
 .text.HAL_PCD_EP_SetStall
                0x08001e72       0x5c CMakeFiles/business_card.dir/Drivers/STM32F0xx_HAL_Driver/Src/stm32f0xx_hal_pcd.c.obj
                0x08001e72                HAL_PCD_EP_SetStall
 .text.HAL_PCD_EP_ClrStall
                0x08001ece       0x5c CMakeFiles/business_card.dir/Drivers/STM32F0xx_HAL_Driver/Src/stm32f0xx_hal_pcd.c.obj
                0x08001ece                HAL_PCD_EP_ClrStall
 .text.HAL_PCDEx_PMAConfig
                0x08001f2a       0x30 CMakeFiles/business_card.dir/Drivers/STM32F0xx_HAL_Driver/Src/stm32f0xx_hal_pcd_ex.c.obj
                0x08001f2a                HAL_PCDEx_PMAConfig
 .text.HAL_PCDEx_ActivateLPM
                0x08001f5a       0x28 CMakeFiles/business_card.dir/Drivers/STM32F0xx_HAL_Driver/Src/stm32f0xx_hal_pcd_ex.c.obj
                0x08001f5a                HAL_PCDEx_ActivateLPM
 .text.HAL_PCDEx_LPM_Callback
                0x08001f82        0x2 CMakeFiles/business_card.dir/Drivers/STM32F0xx_HAL_Driver/Src/stm32f0xx_hal_pcd_ex.c.obj
                0x08001f82                HAL_PCDEx_LPM_Callback
 .text.HAL_RCC_OscConfig
                0x08001f84      0x4a0 CMakeFiles/business_card.dir/Drivers/STM32F0xx_HAL_Driver/Src/stm32f0xx_hal_rcc.c.obj
                0x08001f84                HAL_RCC_OscConfig
 .text.HAL_RCC_GetSysClockFreq
                0x08002424       0x6c CMakeFiles/business_card.dir/Drivers/STM32F0xx_HAL_Driver/Src/stm32f0xx_hal_rcc.c.obj
                0x08002424                HAL_RCC_GetSysClockFreq
 .text.HAL_RCC_ClockConfig
                0x08002490      0x114 CMakeFiles/business_card.dir/Drivers/STM32F0xx_HAL_Driver/Src/stm32f0xx_hal_rcc.c.obj
                0x08002490                HAL_RCC_ClockConfig
 .text.HAL_RCCEx_PeriphCLKConfig
                0x080025a4      0x130 CMakeFiles/business_card.dir/Drivers/STM32F0xx_HAL_Driver/Src/stm32f0xx_hal_rcc_ex.c.obj
                0x080025a4                HAL_RCCEx_PeriphCLKConfig
 .text.HAL_InitTick
                0x080026d4       0x48 CMakeFiles/business_card.dir/Drivers/STM32F0xx_HAL_Driver/Src/stm32f0xx_hal.c.obj
                0x080026d4                HAL_InitTick
 .text.HAL_Init
                0x0800271c       0x20 CMakeFiles/business_card.dir/Drivers/STM32F0xx_HAL_Driver/Src/stm32f0xx_hal.c.obj
                0x0800271c                HAL_Init
 .text.HAL_IncTick
                0x0800273c       0x18 CMakeFiles/business_card.dir/Drivers/STM32F0xx_HAL_Driver/Src/stm32f0xx_hal.c.obj
                0x0800273c                HAL_IncTick
 .text.HAL_GetTick
                0x08002754        0xc CMakeFiles/business_card.dir/Drivers/STM32F0xx_HAL_Driver/Src/stm32f0xx_hal.c.obj
                0x08002754                HAL_GetTick
 .text.HAL_Delay
                0x08002760       0x24 CMakeFiles/business_card.dir/Drivers/STM32F0xx_HAL_Driver/Src/stm32f0xx_hal.c.obj
                0x08002760                HAL_Delay
 .text.HAL_GPIO_Init
                0x08002784      0x164 CMakeFiles/business_card.dir/Drivers/STM32F0xx_HAL_Driver/Src/stm32f0xx_hal_gpio.c.obj
                0x08002784                HAL_GPIO_Init
 .text.HAL_GPIO_WritePin
                0x080028e8        0xc CMakeFiles/business_card.dir/Drivers/STM32F0xx_HAL_Driver/Src/stm32f0xx_hal_gpio.c.obj
                0x080028e8                HAL_GPIO_WritePin
 .text.HAL_GPIO_TogglePin
                0x080028f4       0x10 CMakeFiles/business_card.dir/Drivers/STM32F0xx_HAL_Driver/Src/stm32f0xx_hal_gpio.c.obj
                0x080028f4                HAL_GPIO_TogglePin
 .text.HAL_NVIC_SetPriority
                0x08002904       0x54 CMakeFiles/business_card.dir/Drivers/STM32F0xx_HAL_Driver/Src/stm32f0xx_hal_cortex.c.obj
                0x08002904                HAL_NVIC_SetPriority
 .text.HAL_NVIC_EnableIRQ
                0x08002958       0x18 CMakeFiles/business_card.dir/Drivers/STM32F0xx_HAL_Driver/Src/stm32f0xx_hal_cortex.c.obj
                0x08002958                HAL_NVIC_EnableIRQ
 .text.HAL_SYSTICK_Config
                0x08002970       0x34 CMakeFiles/business_card.dir/Drivers/STM32F0xx_HAL_Driver/Src/stm32f0xx_hal_cortex.c.obj
                0x08002970                HAL_SYSTICK_Config
 .text.TIM_OC1_SetConfig
                0x080029a4       0x78 CMakeFiles/business_card.dir/Drivers/STM32F0xx_HAL_Driver/Src/stm32f0xx_hal_tim.c.obj
 .text.TIM_OC3_SetConfig
                0x08002a1c       0x80 CMakeFiles/business_card.dir/Drivers/STM32F0xx_HAL_Driver/Src/stm32f0xx_hal_tim.c.obj
 .text.TIM_OC4_SetConfig
                0x08002a9c       0x68 CMakeFiles/business_card.dir/Drivers/STM32F0xx_HAL_Driver/Src/stm32f0xx_hal_tim.c.obj
 .text.HAL_TIM_PWM_MspInit
                0x08002b04        0x2 CMakeFiles/business_card.dir/Drivers/STM32F0xx_HAL_Driver/Src/stm32f0xx_hal_tim.c.obj
                0x08002b04                HAL_TIM_PWM_MspInit
 *fill*         0x08002b06        0x2 
 .text.TIM_Base_SetConfig
                0x08002b08       0x9c CMakeFiles/business_card.dir/Drivers/STM32F0xx_HAL_Driver/Src/stm32f0xx_hal_tim.c.obj
                0x08002b08                TIM_Base_SetConfig
 .text.HAL_TIM_Base_Init
                0x08002ba4       0x50 CMakeFiles/business_card.dir/Drivers/STM32F0xx_HAL_Driver/Src/stm32f0xx_hal_tim.c.obj
                0x08002ba4                HAL_TIM_Base_Init
 .text.HAL_TIM_PWM_Init
                0x08002bf4       0x50 CMakeFiles/business_card.dir/Drivers/STM32F0xx_HAL_Driver/Src/stm32f0xx_hal_tim.c.obj
                0x08002bf4                HAL_TIM_PWM_Init
 .text.TIM_OC2_SetConfig
                0x08002c44       0x78 CMakeFiles/business_card.dir/Drivers/STM32F0xx_HAL_Driver/Src/stm32f0xx_hal_tim.c.obj
                0x08002c44                TIM_OC2_SetConfig
 .text.HAL_TIM_PWM_ConfigChannel
                0x08002cbc       0xc0 CMakeFiles/business_card.dir/Drivers/STM32F0xx_HAL_Driver/Src/stm32f0xx_hal_tim.c.obj
                0x08002cbc                HAL_TIM_PWM_ConfigChannel
 .text.TIM_ETR_SetConfig
                0x08002d7c       0x18 CMakeFiles/business_card.dir/Drivers/STM32F0xx_HAL_Driver/Src/stm32f0xx_hal_tim.c.obj
                0x08002d7c                TIM_ETR_SetConfig
 .text.HAL_TIM_ConfigClockSource
                0x08002d94      0x12c CMakeFiles/business_card.dir/Drivers/STM32F0xx_HAL_Driver/Src/stm32f0xx_hal_tim.c.obj
                0x08002d94                HAL_TIM_ConfigClockSource
 .text.HAL_TIMEx_MasterConfigSynchronization
                0x08002ec0       0x58 CMakeFiles/business_card.dir/Drivers/STM32F0xx_HAL_Driver/Src/stm32f0xx_hal_tim_ex.c.obj
                0x08002ec0                HAL_TIMEx_MasterConfigSynchronization
 .text.SystemInit
                0x08002f18        0x2 CMakeFiles/business_card.dir/Core/Src/system_stm32f0xx.c.obj
                0x08002f18                SystemInit
 .text.USBD_Init
                0x08002f1a       0x34 CMakeFiles/business_card.dir/Middlewares/ST/STM32_USB_Device_Library/Core/Src/usbd_core.c.obj
                0x08002f1a                USBD_Init
 .text.USBD_RegisterClass
                0x08002f4e       0x12 CMakeFiles/business_card.dir/Middlewares/ST/STM32_USB_Device_Library/Core/Src/usbd_core.c.obj
                0x08002f4e                USBD_RegisterClass
 .text.USBD_Start
                0x08002f60        0xa CMakeFiles/business_card.dir/Middlewares/ST/STM32_USB_Device_Library/Core/Src/usbd_core.c.obj
                0x08002f60                USBD_Start
 .text.USBD_SetClassConfig
                0x08002f6a       0x1c CMakeFiles/business_card.dir/Middlewares/ST/STM32_USB_Device_Library/Core/Src/usbd_core.c.obj
                0x08002f6a                USBD_SetClassConfig
 .text.USBD_ClrClassConfig
                0x08002f86       0x10 CMakeFiles/business_card.dir/Middlewares/ST/STM32_USB_Device_Library/Core/Src/usbd_core.c.obj
                0x08002f86                USBD_ClrClassConfig
 *fill*         0x08002f96        0x2 
 .text.USBD_LL_SetupStage
                0x08002f98       0x64 CMakeFiles/business_card.dir/Middlewares/ST/STM32_USB_Device_Library/Core/Src/usbd_core.c.obj
                0x08002f98                USBD_LL_SetupStage
 .text.USBD_LL_DataOutStage
                0x08002ffc       0x86 CMakeFiles/business_card.dir/Middlewares/ST/STM32_USB_Device_Library/Core/Src/usbd_core.c.obj
                0x08002ffc                USBD_LL_DataOutStage
 .text.USBD_LL_DataInStage
                0x08003082       0xc8 CMakeFiles/business_card.dir/Middlewares/ST/STM32_USB_Device_Library/Core/Src/usbd_core.c.obj
                0x08003082                USBD_LL_DataInStage
 .text.USBD_LL_Reset
                0x0800314a       0x54 CMakeFiles/business_card.dir/Middlewares/ST/STM32_USB_Device_Library/Core/Src/usbd_core.c.obj
                0x0800314a                USBD_LL_Reset
 .text.USBD_LL_SetSpeed
                0x0800319e        0x6 CMakeFiles/business_card.dir/Middlewares/ST/STM32_USB_Device_Library/Core/Src/usbd_core.c.obj
                0x0800319e                USBD_LL_SetSpeed
 .text.USBD_LL_Suspend
                0x080031a4       0x18 CMakeFiles/business_card.dir/Middlewares/ST/STM32_USB_Device_Library/Core/Src/usbd_core.c.obj
                0x080031a4                USBD_LL_Suspend
 .text.USBD_LL_Resume
                0x080031bc       0x18 CMakeFiles/business_card.dir/Middlewares/ST/STM32_USB_Device_Library/Core/Src/usbd_core.c.obj
                0x080031bc                USBD_LL_Resume
 .text.USBD_LL_SOF
                0x080031d4       0x1e CMakeFiles/business_card.dir/Middlewares/ST/STM32_USB_Device_Library/Core/Src/usbd_core.c.obj
                0x080031d4                USBD_LL_SOF
 .text.USBD_CtlError.constprop.0
                0x080031f2       0x14 CMakeFiles/business_card.dir/Middlewares/ST/STM32_USB_Device_Library/Core/Src/usbd_ctlreq.c.obj
 *fill*         0x08003206        0x2 
 .text.USBD_StdDevReq
                0x08003208      0x26c CMakeFiles/business_card.dir/Middlewares/ST/STM32_USB_Device_Library/Core/Src/usbd_ctlreq.c.obj
                0x08003208                USBD_StdDevReq
 .text.USBD_StdItfReq
                0x08003474       0x50 CMakeFiles/business_card.dir/Middlewares/ST/STM32_USB_Device_Library/Core/Src/usbd_ctlreq.c.obj
                0x08003474                USBD_StdItfReq
 .text.USBD_StdEPReq
                0x080034c4      0x124 CMakeFiles/business_card.dir/Middlewares/ST/STM32_USB_Device_Library/Core/Src/usbd_ctlreq.c.obj
                0x080034c4                USBD_StdEPReq
 .text.USBD_ParseSetupRequest
                0x080035e8       0x28 CMakeFiles/business_card.dir/Middlewares/ST/STM32_USB_Device_Library/Core/Src/usbd_ctlreq.c.obj
                0x080035e8                USBD_ParseSetupRequest
 .text.USBD_CtlError
                0x08003610       0x14 CMakeFiles/business_card.dir/Middlewares/ST/STM32_USB_Device_Library/Core/Src/usbd_ctlreq.c.obj
                0x08003610                USBD_CtlError
 .text.USBD_GetString
                0x08003624       0x3a CMakeFiles/business_card.dir/Middlewares/ST/STM32_USB_Device_Library/Core/Src/usbd_ctlreq.c.obj
                0x08003624                USBD_GetString
 .text.USBD_CtlSendData
                0x0800365e       0x1c CMakeFiles/business_card.dir/Middlewares/ST/STM32_USB_Device_Library/Core/Src/usbd_ioreq.c.obj
                0x0800365e                USBD_CtlSendData
 .text.USBD_CtlContinueSendData
                0x0800367a       0x10 CMakeFiles/business_card.dir/Middlewares/ST/STM32_USB_Device_Library/Core/Src/usbd_ioreq.c.obj
                0x0800367a                USBD_CtlContinueSendData
 .text.USBD_CtlPrepareRx
                0x0800368a       0x20 CMakeFiles/business_card.dir/Middlewares/ST/STM32_USB_Device_Library/Core/Src/usbd_ioreq.c.obj
                0x0800368a                USBD_CtlPrepareRx
 .text.USBD_CtlContinueRx
                0x080036aa       0x10 CMakeFiles/business_card.dir/Middlewares/ST/STM32_USB_Device_Library/Core/Src/usbd_ioreq.c.obj
                0x080036aa                USBD_CtlContinueRx
 .text.USBD_CtlSendStatus
                0x080036ba       0x18 CMakeFiles/business_card.dir/Middlewares/ST/STM32_USB_Device_Library/Core/Src/usbd_ioreq.c.obj
                0x080036ba                USBD_CtlSendStatus
 .text.USBD_CtlReceiveStatus
                0x080036d2       0x18 CMakeFiles/business_card.dir/Middlewares/ST/STM32_USB_Device_Library/Core/Src/usbd_ioreq.c.obj
                0x080036d2                USBD_CtlReceiveStatus
 *fill*         0x080036ea        0x2 
 .text.USBD_CDC_EP0_RxReady
                0x080036ec       0x34 CMakeFiles/business_card.dir/Middlewares/ST/STM32_USB_Device_Library/Class/CDC/Src/usbd_cdc.c.obj
 .text.USBD_CDC_GetFSCfgDesc
                0x08003720        0xc CMakeFiles/business_card.dir/Middlewares/ST/STM32_USB_Device_Library/Class/CDC/Src/usbd_cdc.c.obj
 .text.USBD_CDC_GetHSCfgDesc
                0x0800372c        0xc CMakeFiles/business_card.dir/Middlewares/ST/STM32_USB_Device_Library/Class/CDC/Src/usbd_cdc.c.obj
 .text.USBD_CDC_GetOtherSpeedCfgDesc
                0x08003738        0xc CMakeFiles/business_card.dir/Middlewares/ST/STM32_USB_Device_Library/Class/CDC/Src/usbd_cdc.c.obj
 .text.USBD_CDC_GetDeviceQualifierDescriptor
                0x08003744        0xc CMakeFiles/business_card.dir/Middlewares/ST/STM32_USB_Device_Library/Class/CDC/Src/usbd_cdc.c.obj
                0x08003744                USBD_CDC_GetDeviceQualifierDescriptor
 .text.USBD_CDC_DataOut
                0x08003750       0x34 CMakeFiles/business_card.dir/Middlewares/ST/STM32_USB_Device_Library/Class/CDC/Src/usbd_cdc.c.obj
 .text.USBD_CDC_DataIn
                0x08003784       0x4c CMakeFiles/business_card.dir/Middlewares/ST/STM32_USB_Device_Library/Class/CDC/Src/usbd_cdc.c.obj
 .text.USBD_CDC_Setup
                0x080037d0       0xbc CMakeFiles/business_card.dir/Middlewares/ST/STM32_USB_Device_Library/Class/CDC/Src/usbd_cdc.c.obj
 .text.USBD_CDC_DeInit
                0x0800388c       0x46 CMakeFiles/business_card.dir/Middlewares/ST/STM32_USB_Device_Library/Class/CDC/Src/usbd_cdc.c.obj
 .text.USBD_CDC_Init
                0x080038d2       0x96 CMakeFiles/business_card.dir/Middlewares/ST/STM32_USB_Device_Library/Class/CDC/Src/usbd_cdc.c.obj
 .text.USBD_CDC_RegisterInterface
                0x08003968       0x12 CMakeFiles/business_card.dir/Middlewares/ST/STM32_USB_Device_Library/Class/CDC/Src/usbd_cdc.c.obj
                0x08003968                USBD_CDC_RegisterInterface
 .text.USBD_CDC_SetTxBuffer
                0x0800397a       0x16 CMakeFiles/business_card.dir/Middlewares/ST/STM32_USB_Device_Library/Class/CDC/Src/usbd_cdc.c.obj
                0x0800397a                USBD_CDC_SetTxBuffer
 .text.USBD_CDC_SetRxBuffer
                0x08003990        0xe CMakeFiles/business_card.dir/Middlewares/ST/STM32_USB_Device_Library/Class/CDC/Src/usbd_cdc.c.obj
                0x08003990                USBD_CDC_SetRxBuffer
 .text.USBD_CDC_ReceivePacket
                0x0800399e       0x2e CMakeFiles/business_card.dir/Middlewares/ST/STM32_USB_Device_Library/Class/CDC/Src/usbd_cdc.c.obj
                0x0800399e                USBD_CDC_ReceivePacket
 .text.Reset_Handler
                0x080039cc       0x80 CMakeFiles/business_card.dir/startup_stm32f042x6.s.obj
                0x080039cc                Reset_Handler
 .text.Default_Handler
                0x08003a4c        0x2 CMakeFiles/business_card.dir/startup_stm32f042x6.s.obj
                0x08003a4c                TIM1_CC_IRQHandler
                0x08003a4c                TSC_IRQHandler
                0x08003a4c                I2C1_IRQHandler
                0x08003a4c                RCC_CRS_IRQHandler
                0x08003a4c                SPI1_IRQHandler
                0x08003a4c                EXTI2_3_IRQHandler
                0x08003a4c                ADC1_IRQHandler
                0x08003a4c                TIM17_IRQHandler
                0x08003a4c                CEC_CAN_IRQHandler
                0x08003a4c                RTC_IRQHandler
                0x08003a4c                PVD_VDDIO2_IRQHandler
                0x08003a4c                TIM16_IRQHandler
                0x08003a4c                TIM3_IRQHandler
                0x08003a4c                EXTI4_15_IRQHandler
                0x08003a4c                DMA1_Channel1_IRQHandler
                0x08003a4c                Default_Handler
                0x08003a4c                TIM14_IRQHandler
                0x08003a4c                DMA1_Channel4_5_IRQHandler
                0x08003a4c                EXTI0_1_IRQHandler
                0x08003a4c                SPI2_IRQHandler
                0x08003a4c                WWDG_IRQHandler
                0x08003a4c                TIM2_IRQHandler
                0x08003a4c                DMA1_Channel2_3_IRQHandler
                0x08003a4c                USART2_IRQHandler
                0x08003a4c                FLASH_IRQHandler
                0x08003a4c                USART1_IRQHandler
                0x08003a4c                TIM1_BRK_UP_TRG_COM_IRQHandler
 *(.glue_7)
 .glue_7        0x08003a4e        0x0 linker stubs
 *(.glue_7t)
 .glue_7t       0x08003a4e        0x0 linker stubs
 *(.eh_frame)
 *fill*         0x08003a4e        0x2 
 .eh_frame      0x08003a50        0x0 C:/ST/STM32CubeCLT_1.17.0/GNU-tools-for-STM32/bin/../lib/gcc/arm-none-eabi/12.3.1/thumb/v6-m/nofp/crtbegin.o
 *(.init)
 .init          0x08003a50        0x4 C:/ST/STM32CubeCLT_1.17.0/GNU-tools-for-STM32/bin/../lib/gcc/arm-none-eabi/12.3.1/thumb/v6-m/nofp/crti.o
                0x08003a50                _init
 .init          0x08003a54        0x8 C:/ST/STM32CubeCLT_1.17.0/GNU-tools-for-STM32/bin/../lib/gcc/arm-none-eabi/12.3.1/thumb/v6-m/nofp/crtn.o
 *(.fini)
 .fini          0x08003a5c        0x4 C:/ST/STM32CubeCLT_1.17.0/GNU-tools-for-STM32/bin/../lib/gcc/arm-none-eabi/12.3.1/thumb/v6-m/nofp/crti.o
                0x08003a5c                _fini
 .fini          0x08003a60        0x8 C:/ST/STM32CubeCLT_1.17.0/GNU-tools-for-STM32/bin/../lib/gcc/arm-none-eabi/12.3.1/thumb/v6-m/nofp/crtn.o
                0x08003a68                        . = ALIGN (0x4)
                0x08003a68                        _etext = .

.vfp11_veneer   0x08003a68        0x0
 .vfp11_veneer  0x08003a68        0x0 linker stubs

.v4_bx          0x08003a68        0x0
 .v4_bx         0x08003a68        0x0 linker stubs

.iplt           0x08003a68        0x0
 .iplt          0x08003a68        0x0 C:/ST/STM32CubeCLT_1.17.0/GNU-tools-for-STM32/bin/../lib/gcc/arm-none-eabi/12.3.1/thumb/v6-m/nofp/crtbegin.o

.rodata         0x08003a68       0x74
                0x08003a68                        . = ALIGN (0x4)
 *(.rodata)
 *(.rodata*)
 .rodata.USBD_FS_ManufacturerStrDescriptor.str1.1
                0x08003a68       0x13 CMakeFiles/business_card.dir/USB_DEVICE/App/usbd_desc.c.obj
 .rodata.USBD_FS_ProductStrDescriptor.str1.1
                0x08003a7b       0x16 CMakeFiles/business_card.dir/USB_DEVICE/App/usbd_desc.c.obj
 .rodata.USBD_FS_ConfigStrDescriptor.str1.1
                0x08003a91        0xb CMakeFiles/business_card.dir/USB_DEVICE/App/usbd_desc.c.obj
 .rodata.USBD_FS_InterfaceStrDescriptor.str1.1
                0x08003a9c        0xe CMakeFiles/business_card.dir/USB_DEVICE/App/usbd_desc.c.obj
 .rodata.aPredivFactorTable.0
                0x08003aaa       0x10 CMakeFiles/business_card.dir/Drivers/STM32F0xx_HAL_Driver/Src/stm32f0xx_hal_rcc.c.obj
 .rodata.aPLLMULFactorTable.1
                0x08003aba       0x10 CMakeFiles/business_card.dir/Drivers/STM32F0xx_HAL_Driver/Src/stm32f0xx_hal_rcc.c.obj
 .rodata.AHBPrescTable
                0x08003aca       0x10 CMakeFiles/business_card.dir/Core/Src/system_stm32f0xx.c.obj
                0x08003aca                AHBPrescTable
                0x08003adc                        . = ALIGN (0x4)
 *fill*         0x08003ada        0x2 

.rel.dyn        0x08003adc        0x0
 .rel.iplt      0x08003adc        0x0 C:/ST/STM32CubeCLT_1.17.0/GNU-tools-for-STM32/bin/../lib/gcc/arm-none-eabi/12.3.1/thumb/v6-m/nofp/crtbegin.o

.ARM.extab
 *(.ARM.extab* .gnu.linkonce.armextab.*)

.ARM            0x08003adc        0x0
                0x08003adc                        __exidx_start = .
 *(.ARM.exidx*)
                0x08003adc                        __exidx_end = .

.preinit_array  0x08003adc        0x0
                0x08003adc                        PROVIDE (__preinit_array_start = .)
 *(.preinit_array*)
                0x08003adc                        PROVIDE (__preinit_array_end = .)

.init_array     0x08003adc        0x4
                0x08003adc                        PROVIDE (__init_array_start = .)
 *(SORT_BY_NAME(.init_array.*))
 *(.init_array*)
 .init_array    0x08003adc        0x4 C:/ST/STM32CubeCLT_1.17.0/GNU-tools-for-STM32/bin/../lib/gcc/arm-none-eabi/12.3.1/thumb/v6-m/nofp/crtbegin.o
                0x08003ae0                        PROVIDE (__init_array_end = .)

.fini_array     0x08003ae0        0x4
                [!provide]                        PROVIDE (__fini_array_start = .)
 *(SORT_BY_NAME(.fini_array.*))
 *(.fini_array*)
 .fini_array    0x08003ae0        0x4 C:/ST/STM32CubeCLT_1.17.0/GNU-tools-for-STM32/bin/../lib/gcc/arm-none-eabi/12.3.1/thumb/v6-m/nofp/crtbegin.o
                [!provide]                        PROVIDE (__fini_array_end = .)
                0x08003ae4                        _sidata = LOADADDR (.data)

.data           0x20000000      0x17c load address 0x08003ae4
                0x20000000                        . = ALIGN (0x4)
                0x20000000                        _sdata = .
 *(.data)
 *(.data*)
 .data.USBD_StringSerial
                0x20000000       0x1a CMakeFiles/business_card.dir/USB_DEVICE/App/usbd_desc.c.obj
                0x20000000                USBD_StringSerial
 *fill*         0x2000001a        0x2 
 .data.USBD_LangIDDesc
                0x2000001c        0x4 CMakeFiles/business_card.dir/USB_DEVICE/App/usbd_desc.c.obj
                0x2000001c                USBD_LangIDDesc
 .data.USBD_FS_DeviceDesc
                0x20000020       0x12 CMakeFiles/business_card.dir/USB_DEVICE/App/usbd_desc.c.obj
                0x20000020                USBD_FS_DeviceDesc
 *fill*         0x20000032        0x2 
 .data.FS_Desc  0x20000034       0x1c CMakeFiles/business_card.dir/USB_DEVICE/App/usbd_desc.c.obj
                0x20000034                FS_Desc
 .data.USBD_Interface_fops_FS
                0x20000050       0x10 CMakeFiles/business_card.dir/USB_DEVICE/App/usbd_cdc_if.c.obj
                0x20000050                USBD_Interface_fops_FS
 .data.uwTickFreq
                0x20000060        0x1 CMakeFiles/business_card.dir/Drivers/STM32F0xx_HAL_Driver/Src/stm32f0xx_hal.c.obj
                0x20000060                uwTickFreq
 *fill*         0x20000061        0x3 
 .data.uwTickPrio
                0x20000064        0x4 CMakeFiles/business_card.dir/Drivers/STM32F0xx_HAL_Driver/Src/stm32f0xx_hal.c.obj
                0x20000064                uwTickPrio
 .data.SystemCoreClock
                0x20000068        0x4 CMakeFiles/business_card.dir/Core/Src/system_stm32f0xx.c.obj
                0x20000068                SystemCoreClock
 .data.USBD_CDC_OtherSpeedCfgDesc
                0x2000006c       0x43 CMakeFiles/business_card.dir/Middlewares/ST/STM32_USB_Device_Library/Class/CDC/Src/usbd_cdc.c.obj
                0x2000006c                USBD_CDC_OtherSpeedCfgDesc
 *fill*         0x200000af        0x1 
 .data.USBD_CDC_CfgFSDesc
                0x200000b0       0x43 CMakeFiles/business_card.dir/Middlewares/ST/STM32_USB_Device_Library/Class/CDC/Src/usbd_cdc.c.obj
                0x200000b0                USBD_CDC_CfgFSDesc
 *fill*         0x200000f3        0x1 
 .data.USBD_CDC_CfgHSDesc
                0x200000f4       0x43 CMakeFiles/business_card.dir/Middlewares/ST/STM32_USB_Device_Library/Class/CDC/Src/usbd_cdc.c.obj
                0x200000f4                USBD_CDC_CfgHSDesc
 *fill*         0x20000137        0x1 
 .data.USBD_CDC
                0x20000138       0x38 CMakeFiles/business_card.dir/Middlewares/ST/STM32_USB_Device_Library/Class/CDC/Src/usbd_cdc.c.obj
                0x20000138                USBD_CDC
 .data.USBD_CDC_DeviceQualifierDesc
                0x20000170        0xa CMakeFiles/business_card.dir/Middlewares/ST/STM32_USB_Device_Library/Class/CDC/Src/usbd_cdc.c.obj
                0x2000017c                        . = ALIGN (0x4)
 *fill*         0x2000017a        0x2 
                0x2000017c                        _edata = .

.igot.plt       0x2000017c        0x0 load address 0x08003c60
 .igot.plt      0x2000017c        0x0 C:/ST/STM32CubeCLT_1.17.0/GNU-tools-for-STM32/bin/../lib/gcc/arm-none-eabi/12.3.1/thumb/v6-m/nofp/crtbegin.o
                0x2000017c                        . = ALIGN (0x4)

.bss            0x2000017c      0x96c load address 0x08003c60
                0x2000017c                        _sbss = .
                0x2000017c                        __bss_start__ = _sbss
 *(.bss)
 .bss           0x2000017c       0x1c C:/ST/STM32CubeCLT_1.17.0/GNU-tools-for-STM32/bin/../lib/gcc/arm-none-eabi/12.3.1/thumb/v6-m/nofp/crtbegin.o
 *(.bss*)
 .bss.htim3     0x20000198       0x48 CMakeFiles/business_card.dir/Core/Src/tim.c.obj
                0x20000198                htim3
 .bss.hUsbDeviceFS
                0x200001e0      0x2c4 CMakeFiles/business_card.dir/USB_DEVICE/App/usb_device.c.obj
                0x200001e0                hUsbDeviceFS
 .bss.USBD_StrDesc
                0x200004a4       0x40 CMakeFiles/business_card.dir/USB_DEVICE/App/usbd_desc.c.obj
                0x200004a4                USBD_StrDesc
 .bss.UserTxBufferFS
                0x200004e4       0x80 CMakeFiles/business_card.dir/USB_DEVICE/App/usbd_cdc_if.c.obj
                0x200004e4                UserTxBufferFS
 .bss.UserRxBufferFS
                0x20000564       0x80 CMakeFiles/business_card.dir/USB_DEVICE/App/usbd_cdc_if.c.obj
                0x20000564                UserRxBufferFS
 .bss.mem.0     0x200005e4      0x220 CMakeFiles/business_card.dir/USB_DEVICE/Target/usbd_conf.c.obj
 .bss.hpcd_USB_FS
                0x20000804      0x2dc CMakeFiles/business_card.dir/USB_DEVICE/Target/usbd_conf.c.obj
                0x20000804                hpcd_USB_FS
 .bss.uwTick    0x20000ae0        0x4 CMakeFiles/business_card.dir/Drivers/STM32F0xx_HAL_Driver/Src/stm32f0xx_hal.c.obj
                0x20000ae0                uwTick
 .bss.cfgidx.0  0x20000ae4        0x1 CMakeFiles/business_card.dir/Middlewares/ST/STM32_USB_Device_Library/Core/Src/usbd_ctlreq.c.obj
 *(COMMON)
                0x20000ae8                        . = ALIGN (0x4)
 *fill*         0x20000ae5        0x3 
                0x20000ae8                        _ebss = .
                0x20000ae8                        __bss_end__ = _ebss

._user_heap_stack
                0x20000ae8      0x600 load address 0x08003c60
                0x20000ae8                        . = ALIGN (0x8)
                [!provide]                        PROVIDE (end = .)
                0x20000ae8                        PROVIDE (_end = .)
                0x20000ce8                        . = (. + _Min_Heap_Size)
 *fill*         0x20000ae8      0x200 
                0x200010e8                        . = (. + _Min_Stack_Size)
 *fill*         0x20000ce8      0x400 
                0x200010e8                        . = ALIGN (0x8)

/DISCARD/
 libc.a(*)
 libm.a(*)
 libgcc.a(*)
OUTPUT(business_card.elf elf32-littlearm)
LOAD linker stubs
LOAD C:/ST/STM32CubeCLT_1.17.0/GNU-tools-for-STM32/bin/../lib/gcc/arm-none-eabi/12.3.1/../../../../arm-none-eabi/lib/thumb/v6-m/nofp\libc.a
LOAD C:/ST/STM32CubeCLT_1.17.0/GNU-tools-for-STM32/bin/../lib/gcc/arm-none-eabi/12.3.1/../../../../arm-none-eabi/lib/thumb/v6-m/nofp\libm.a
LOAD C:/ST/STM32CubeCLT_1.17.0/GNU-tools-for-STM32/bin/../lib/gcc/arm-none-eabi/12.3.1/thumb/v6-m/nofp\libgcc.a

.ARM.attributes
                0x00000000       0x28
 .ARM.attributes
                0x00000000       0x1e C:/ST/STM32CubeCLT_1.17.0/GNU-tools-for-STM32/bin/../lib/gcc/arm-none-eabi/12.3.1/thumb/v6-m/nofp/crti.o
 .ARM.attributes
                0x0000001e       0x2c C:/ST/STM32CubeCLT_1.17.0/GNU-tools-for-STM32/bin/../lib/gcc/arm-none-eabi/12.3.1/thumb/v6-m/nofp/crtbegin.o
 .ARM.attributes
                0x0000004a       0x2c C:/ST/STM32CubeCLT_1.17.0/GNU-tools-for-STM32/bin/../lib/gcc/arm-none-eabi/12.3.1/../../../../arm-none-eabi/lib/thumb/v6-m/nofp\libc_nano.a(libc_a-memset.o)
 .ARM.attributes
                0x00000076       0x2c C:/ST/STM32CubeCLT_1.17.0/GNU-tools-for-STM32/bin/../lib/gcc/arm-none-eabi/12.3.1/../../../../arm-none-eabi/lib/thumb/v6-m/nofp\libc_nano.a(libc_a-init.o)
 .ARM.attributes
                0x000000a2       0x2c CMakeFiles/business_card.dir/Core/Src/main.c.obj
 .ARM.attributes
                0x000000ce       0x2c CMakeFiles/business_card.dir/Core/Src/gpio.c.obj
 .ARM.attributes
                0x000000fa       0x2c CMakeFiles/business_card.dir/Core/Src/tim.c.obj
 .ARM.attributes
                0x00000126       0x2c CMakeFiles/business_card.dir/Core/Src/stm32f0xx_it.c.obj
 .ARM.attributes
                0x00000152       0x2c CMakeFiles/business_card.dir/Core/Src/stm32f0xx_hal_msp.c.obj
 .ARM.attributes
                0x0000017e       0x2c CMakeFiles/business_card.dir/USB_DEVICE/App/usb_device.c.obj
 .ARM.attributes
                0x000001aa       0x2c CMakeFiles/business_card.dir/USB_DEVICE/App/usbd_desc.c.obj
 .ARM.attributes
                0x000001d6       0x2c CMakeFiles/business_card.dir/USB_DEVICE/App/usbd_cdc_if.c.obj
 .ARM.attributes
                0x00000202       0x2c CMakeFiles/business_card.dir/USB_DEVICE/Target/usbd_conf.c.obj
 .ARM.attributes
                0x0000022e       0x2c CMakeFiles/business_card.dir/Drivers/STM32F0xx_HAL_Driver/Src/stm32f0xx_ll_usb.c.obj
 .ARM.attributes
                0x0000025a       0x2c CMakeFiles/business_card.dir/Drivers/STM32F0xx_HAL_Driver/Src/stm32f0xx_hal_pcd.c.obj
 .ARM.attributes
                0x00000286       0x2c CMakeFiles/business_card.dir/Drivers/STM32F0xx_HAL_Driver/Src/stm32f0xx_hal_pcd_ex.c.obj
 .ARM.attributes
                0x000002b2       0x2c CMakeFiles/business_card.dir/Drivers/STM32F0xx_HAL_Driver/Src/stm32f0xx_hal_rcc.c.obj
 .ARM.attributes
                0x000002de       0x2c CMakeFiles/business_card.dir/Drivers/STM32F0xx_HAL_Driver/Src/stm32f0xx_hal_rcc_ex.c.obj
 .ARM.attributes
                0x0000030a       0x2c CMakeFiles/business_card.dir/Drivers/STM32F0xx_HAL_Driver/Src/stm32f0xx_hal.c.obj
 .ARM.attributes
                0x00000336       0x2c CMakeFiles/business_card.dir/Drivers/STM32F0xx_HAL_Driver/Src/stm32f0xx_hal_gpio.c.obj
 .ARM.attributes
                0x00000362       0x2c CMakeFiles/business_card.dir/Drivers/STM32F0xx_HAL_Driver/Src/stm32f0xx_hal_cortex.c.obj
 .ARM.attributes
                0x0000038e       0x2c CMakeFiles/business_card.dir/Drivers/STM32F0xx_HAL_Driver/Src/stm32f0xx_hal_tim.c.obj
 .ARM.attributes
                0x000003ba       0x2c CMakeFiles/business_card.dir/Drivers/STM32F0xx_HAL_Driver/Src/stm32f0xx_hal_tim_ex.c.obj
 .ARM.attributes
                0x000003e6       0x2c CMakeFiles/business_card.dir/Core/Src/system_stm32f0xx.c.obj
 .ARM.attributes
                0x00000412       0x2c CMakeFiles/business_card.dir/Middlewares/ST/STM32_USB_Device_Library/Core/Src/usbd_core.c.obj
 .ARM.attributes
                0x0000043e       0x2c CMakeFiles/business_card.dir/Middlewares/ST/STM32_USB_Device_Library/Core/Src/usbd_ctlreq.c.obj
 .ARM.attributes
                0x0000046a       0x2c CMakeFiles/business_card.dir/Middlewares/ST/STM32_USB_Device_Library/Core/Src/usbd_ioreq.c.obj
 .ARM.attributes
                0x00000496       0x2c CMakeFiles/business_card.dir/Middlewares/ST/STM32_USB_Device_Library/Class/CDC/Src/usbd_cdc.c.obj
 .ARM.attributes
                0x000004c2       0x21 CMakeFiles/business_card.dir/startup_stm32f042x6.s.obj
 .ARM.attributes
                0x000004e3       0x1e C:/ST/STM32CubeCLT_1.17.0/GNU-tools-for-STM32/bin/../lib/gcc/arm-none-eabi/12.3.1/thumb/v6-m/nofp\libgcc.a(_thumb1_case_uqi.o)
 .ARM.attributes
                0x00000501       0x1e C:/ST/STM32CubeCLT_1.17.0/GNU-tools-for-STM32/bin/../lib/gcc/arm-none-eabi/12.3.1/thumb/v6-m/nofp\libgcc.a(_thumb1_case_uhi.o)
 .ARM.attributes
                0x0000051f       0x1e C:/ST/STM32CubeCLT_1.17.0/GNU-tools-for-STM32/bin/../lib/gcc/arm-none-eabi/12.3.1/thumb/v6-m/nofp\libgcc.a(_udivsi3.o)
 .ARM.attributes
                0x0000053d       0x1e C:/ST/STM32CubeCLT_1.17.0/GNU-tools-for-STM32/bin/../lib/gcc/arm-none-eabi/12.3.1/thumb/v6-m/nofp\libgcc.a(_dvmd_tls.o)
 .ARM.attributes
                0x0000055b       0x1c C:/ST/STM32CubeCLT_1.17.0/GNU-tools-for-STM32/bin/../lib/gcc/arm-none-eabi/12.3.1/../../../../arm-none-eabi/lib/thumb/v6-m/nofp\libc_nano.a(libc_a-strlen.o)
 .ARM.attributes
                0x00000577       0x1e C:/ST/STM32CubeCLT_1.17.0/GNU-tools-for-STM32/bin/../lib/gcc/arm-none-eabi/12.3.1/thumb/v6-m/nofp/crtn.o

.comment        0x00000000       0x43
 .comment       0x00000000       0x43 CMakeFiles/business_card.dir/Core/Src/main.c.obj
                                 0x44 (size before relaxing)
 .comment       0x00000043       0x44 CMakeFiles/business_card.dir/Core/Src/gpio.c.obj
 .comment       0x00000043       0x44 CMakeFiles/business_card.dir/Core/Src/tim.c.obj
 .comment       0x00000043       0x44 CMakeFiles/business_card.dir/Core/Src/stm32f0xx_it.c.obj
 .comment       0x00000043       0x44 CMakeFiles/business_card.dir/Core/Src/stm32f0xx_hal_msp.c.obj
 .comment       0x00000043       0x44 CMakeFiles/business_card.dir/USB_DEVICE/App/usb_device.c.obj
 .comment       0x00000043       0x44 CMakeFiles/business_card.dir/USB_DEVICE/App/usbd_desc.c.obj
 .comment       0x00000043       0x44 CMakeFiles/business_card.dir/USB_DEVICE/App/usbd_cdc_if.c.obj
 .comment       0x00000043       0x44 CMakeFiles/business_card.dir/USB_DEVICE/Target/usbd_conf.c.obj
 .comment       0x00000043       0x44 CMakeFiles/business_card.dir/Drivers/STM32F0xx_HAL_Driver/Src/stm32f0xx_ll_usb.c.obj
 .comment       0x00000043       0x44 CMakeFiles/business_card.dir/Drivers/STM32F0xx_HAL_Driver/Src/stm32f0xx_hal_pcd.c.obj
 .comment       0x00000043       0x44 CMakeFiles/business_card.dir/Drivers/STM32F0xx_HAL_Driver/Src/stm32f0xx_hal_pcd_ex.c.obj
 .comment       0x00000043       0x44 CMakeFiles/business_card.dir/Drivers/STM32F0xx_HAL_Driver/Src/stm32f0xx_hal_rcc.c.obj
 .comment       0x00000043       0x44 CMakeFiles/business_card.dir/Drivers/STM32F0xx_HAL_Driver/Src/stm32f0xx_hal_rcc_ex.c.obj
 .comment       0x00000043       0x44 CMakeFiles/business_card.dir/Drivers/STM32F0xx_HAL_Driver/Src/stm32f0xx_hal.c.obj
 .comment       0x00000043       0x44 CMakeFiles/business_card.dir/Drivers/STM32F0xx_HAL_Driver/Src/stm32f0xx_hal_gpio.c.obj
 .comment       0x00000043       0x44 CMakeFiles/business_card.dir/Drivers/STM32F0xx_HAL_Driver/Src/stm32f0xx_hal_cortex.c.obj
 .comment       0x00000043       0x44 CMakeFiles/business_card.dir/Drivers/STM32F0xx_HAL_Driver/Src/stm32f0xx_hal_tim.c.obj
 .comment       0x00000043       0x44 CMakeFiles/business_card.dir/Drivers/STM32F0xx_HAL_Driver/Src/stm32f0xx_hal_tim_ex.c.obj
 .comment       0x00000043       0x44 CMakeFiles/business_card.dir/Core/Src/system_stm32f0xx.c.obj
 .comment       0x00000043       0x44 CMakeFiles/business_card.dir/Middlewares/ST/STM32_USB_Device_Library/Core/Src/usbd_core.c.obj
 .comment       0x00000043       0x44 CMakeFiles/business_card.dir/Middlewares/ST/STM32_USB_Device_Library/Core/Src/usbd_ctlreq.c.obj
 .comment       0x00000043       0x44 CMakeFiles/business_card.dir/Middlewares/ST/STM32_USB_Device_Library/Core/Src/usbd_ioreq.c.obj
 .comment       0x00000043       0x44 CMakeFiles/business_card.dir/Middlewares/ST/STM32_USB_Device_Library/Class/CDC/Src/usbd_cdc.c.obj

.debug_frame    0x00000000       0x6c
 .debug_frame   0x00000000       0x20 C:/ST/STM32CubeCLT_1.17.0/GNU-tools-for-STM32/bin/../lib/gcc/arm-none-eabi/12.3.1/../../../../arm-none-eabi/lib/thumb/v6-m/nofp\libc_nano.a(libc_a-memset.o)
 .debug_frame   0x00000020       0x2c C:/ST/STM32CubeCLT_1.17.0/GNU-tools-for-STM32/bin/../lib/gcc/arm-none-eabi/12.3.1/../../../../arm-none-eabi/lib/thumb/v6-m/nofp\libc_nano.a(libc_a-init.o)
 .debug_frame   0x0000004c       0x20 C:/ST/STM32CubeCLT_1.17.0/GNU-tools-for-STM32/bin/../lib/gcc/arm-none-eabi/12.3.1/thumb/v6-m/nofp\libgcc.a(_udivsi3.o)
